[     357ms] [LOG] %c🌀 @strudel/core loaded 🌀 background-color: black;color:white;border-radius:15px @ http://localhost:5201/node_modules/.vite/deps/@strudel_web.js?v=271342c3:10
[     382ms] [VERBOSE] [DOM] Password field is not contained in a form: (More info: https://goo.gl/9p2vKq) %o @ http://localhost:5201/:0
[   11263ms] [LOG] %c[superdough] AudioWorklets loaded background-color: black;color:white;border-radius:15px @ http://localhost:5201/node_modules/.vite/deps/@strudel_web.js?v=271342c3:10
[   11263ms] [LOG] %c[superdough] ready background-color: black;color:white;border-radius:15px @ http://localhost:5201/node_modules/.vite/deps/@strudel_web.js?v=271342c3:10
[   11367ms] [LOG] %c[eval] code updated background-color: black;color:white;border-radius:15px @ http://localhost:5201/node_modules/.vite/deps/@strudel_web.js?v=271342c3:10
[   11367ms] [LOG] %c[cyclist] start background-color: black;color:white;border-radius:15px @ http://localhost:5201/node_modules/.vite/deps/@strudel_web.js?v=271342c3:10
[   11373ms] [LOG] %c[getTrigger] error: sound RolandTR909_bd not found! Is it loaded? background-color: black;color:white;border-radius:15px @ http://localhost:5201/node_modules/.vite/deps/@strudel_web.js?v=271342c3:10
[   13876ms] [LOG] %c[getTrigger] error: sound RolandTR909_bd not found! Is it loaded? background-color: black;color:white;border-radius:15px @ http://localhost:5201/node_modules/.vite/deps/@strudel_web.js?v=271342c3:10
[   14103ms] [LOG] %c[eval] code updated background-color: black;color:white;border-radius:15px @ http://localhost:5201/node_modules/.vite/deps/@strudel_web.js?v=271342c3:10
[   14875ms] [LOG] %c[getTrigger] error: sound RolandTR909_bd not found! Is it loaded? background-color: black;color:white;border-radius:15px @ http://localhost:5201/node_modules/.vite/deps/@strudel_web.js?v=271342c3:10
[   15875ms] [LOG] %c[getTrigger] error: sound RolandTR909_bd not found! Is it loaded? background-color: black;color:white;border-radius:15px @ http://localhost:5201/node_modules/.vite/deps/@strudel_web.js?v=271342c3:10
[   16038ms] [LOG] %c[eval] code updated background-color: black;color:white;border-radius:15px @ http://localhost:5201/node_modules/.vite/deps/@strudel_web.js?v=271342c3:10
[   16775ms] [LOG] %c[getTrigger] error: sound RolandTR909_bd not found! Is it loaded? background-color: black;color:white;border-radius:15px @ http://localhost:5201/node_modules/.vite/deps/@strudel_web.js?v=271342c3:10
[   17913ms] [LOG] %c[eval] code updated background-color: black;color:white;border-radius:15px @ http://localhost:5201/node_modules/.vite/deps/@strudel_web.js?v=271342c3:10
[   19576ms] [LOG] %c[getTrigger] error: sound RolandTR909_bd not found! Is it loaded? background-color: black;color:white;border-radius:15px @ http://localhost:5201/node_modules/.vite/deps/@strudel_web.js?v=271342c3:10
[   19788ms] [LOG] %c[eval] code updated background-color: black;color:white;border-radius:15px @ http://localhost:5201/node_modules/.vite/deps/@strudel_web.js?v=271342c3:10
[   19975ms] [LOG] %c[getTrigger] error: sound RolandTR909_hh not found! Is it loaded? background-color: black;color:white;border-radius:15px @ http://localhost:5201/node_modules/.vite/deps/@strudel_web.js?v=271342c3:10
[   20275ms] [LOG] %c[getTrigger] error: sound RolandTR909_oh not found! Is it loaded? background-color: black;color:white;border-radius:15px @ http://localhost:5201/node_modules/.vite/deps/@strudel_web.js?v=271342c3:10
[   20375ms] [LOG] %c[getTrigger] error: sound RolandTR909_hh not found! Is it loaded? background-color: black;color:white;border-radius:15px @ http://localhost:5201/node_modules/.vite/deps/@strudel_web.js?v=271342c3:10
[   20684ms] [LOG] %c[getTrigger] error: sound RolandTR909_oh not found! Is it loaded? background-color: black;color:white;border-radius:15px @ http://localhost:5201/node_modules/.vite/deps/@strudel_web.js?v=271342c3:10
[   20876ms] [LOG] %c[getTrigger] error: sound RolandTR909_hh not found! Is it loaded? background-color: black;color:white;border-radius:15px @ http://localhost:5201/node_modules/.vite/deps/@strudel_web.js?v=271342c3:10
[   21185ms] [LOG] %c[getTrigger] error: sound RolandTR909_oh not found! Is it loaded? background-color: black;color:white;border-radius:15px @ http://localhost:5201/node_modules/.vite/deps/@strudel_web.js?v=271342c3:10
[   21375ms] [LOG] %c[getTrigger] error: sound RolandTR909_hh not found! Is it loaded? background-color: black;color:white;border-radius:15px @ http://localhost:5201/node_modules/.vite/deps/@strudel_web.js?v=271342c3:10
[   21475ms] [LOG] %c[getTrigger] error: sound RolandTR909_bd not found! Is it loaded? background-color: black;color:white;border-radius:15px @ http://localhost:5201/node_modules/.vite/deps/@strudel_web.js?v=271342c3:10
[   21576ms] [LOG] %c[getTrigger] error: sound RolandTR909_hh not found! Is it loaded? background-color: black;color:white;border-radius:15px @ http://localhost:5201/node_modules/.vite/deps/@strudel_web.js?v=271342c3:10
[   21666ms] [LOG] %c[eval] code updated background-color: black;color:white;border-radius:15px @ http://localhost:5201/node_modules/.vite/deps/@strudel_web.js?v=271342c3:10
[   21684ms] [LOG] %c[getTrigger] error: sound RolandTR909_oh not found! Is it loaded? background-color: black;color:white;border-radius:15px @ http://localhost:5201/node_modules/.vite/deps/@strudel_web.js?v=271342c3:10
[   21775ms] [LOG] %c[getTrigger] error: sound RolandTR909_hh not found! Is it loaded? background-color: black;color:white;border-radius:15px @ http://localhost:5201/node_modules/.vite/deps/@strudel_web.js?v=271342c3:10
[   21975ms] [LOG] %c[getTrigger] error: sound RolandTR909_bd not found! Is it loaded? background-color: black;color:white;border-radius:15px @ http://localhost:5201/node_modules/.vite/deps/@strudel_web.js?v=271342c3:10
[   21975ms] [LOG] %c[getTrigger] error: sound RolandTR909_cp not found! Is it loaded? background-color: black;color:white;border-radius:15px @ http://localhost:5201/node_modules/.vite/deps/@strudel_web.js?v=271342c3:10
[   22076ms] [LOG] %c[getTrigger] error: sound RolandTR909_hh not found! Is it loaded? background-color: black;color:white;border-radius:15px @ http://localhost:5201/node_modules/.vite/deps/@strudel_web.js?v=271342c3:10
[   22184ms] [LOG] %c[getTrigger] error: sound RolandTR909_oh not found! Is it loaded? background-color: black;color:white;border-radius:15px @ http://localhost:5201/node_modules/.vite/deps/@strudel_web.js?v=271342c3:10
[   22276ms] [LOG] %c[getTrigger] error: sound RolandTR909_hh not found! Is it loaded? background-color: black;color:white;border-radius:15px @ http://localhost:5201/node_modules/.vite/deps/@strudel_web.js?v=271342c3:10
[   22375ms] [LOG] %c[getTrigger] error: sound RolandTR909_bd not found! Is it loaded? background-color: black;color:white;border-radius:15px @ http://localhost:5201/node_modules/.vite/deps/@strudel_web.js?v=271342c3:10
[   22474ms] [LOG] %c[getTrigger] error: sound RolandTR909_hh not found! Is it loaded? background-color: black;color:white;border-radius:15px @ http://localhost:5201/node_modules/.vite/deps/@strudel_web.js?v=271342c3:10
[   22684ms] [LOG] %c[getTrigger] error: sound RolandTR909_oh not found! Is it loaded? background-color: black;color:white;border-radius:15px @ http://localhost:5201/node_modules/.vite/deps/@strudel_web.js?v=271342c3:10
[   22684ms] [LOG] %c[getTrigger] error: sound RolandTR909_hh not found! Is it loaded? background-color: black;color:white;border-radius:15px @ http://localhost:5201/node_modules/.vite/deps/@strudel_web.js?v=271342c3:10
[   22875ms] [LOG] %c[getTrigger] error: sound RolandTR909_bd not found! Is it loaded? background-color: black;color:white;border-radius:15px @ http://localhost:5201/node_modules/.vite/deps/@strudel_web.js?v=271342c3:10
[   22875ms] [LOG] %c[getTrigger] error: sound RolandTR909_cp not found! Is it loaded? background-color: black;color:white;border-radius:15px @ http://localhost:5201/node_modules/.vite/deps/@strudel_web.js?v=271342c3:10
[   22975ms] [LOG] %c[getTrigger] error: sound RolandTR909_hh not found! Is it loaded? background-color: black;color:white;border-radius:15px @ http://localhost:5201/node_modules/.vite/deps/@strudel_web.js?v=271342c3:10
[   23074ms] [LOG] %c[getTrigger] error: sound RolandTR909_oh not found! Is it loaded? background-color: black;color:white;border-radius:15px @ http://localhost:5201/node_modules/.vite/deps/@strudel_web.js?v=271342c3:10
[   23186ms] [LOG] %c[getTrigger] error: sound RolandTR909_hh not found! Is it loaded? background-color: black;color:white;border-radius:15px @ http://localhost:5201/node_modules/.vite/deps/@strudel_web.js?v=271342c3:10
[   23376ms] [LOG] %c[getTrigger] error: sound RolandTR909_bd not found! Is it loaded? background-color: black;color:white;border-radius:15px @ http://localhost:5201/node_modules/.vite/deps/@strudel_web.js?v=271342c3:10
[   23476ms] [LOG] %c[getTrigger] error: sound RolandTR909_hh not found! Is it loaded? background-color: black;color:white;border-radius:15px @ http://localhost:5201/node_modules/.vite/deps/@strudel_web.js?v=271342c3:10
[   23542ms] [LOG] %c[eval] code updated background-color: black;color:white;border-radius:15px @ http://localhost:5201/node_modules/.vite/deps/@strudel_web.js?v=271342c3:10
[   23575ms] [LOG] %c[getTrigger] error: sound RolandTR909_oh not found! Is it loaded? background-color: black;color:white;border-radius:15px @ http://localhost:5201/node_modules/.vite/deps/@strudel_web.js?v=271342c3:10
[   23675ms] [LOG] %c[getTrigger] error: sound RolandTR909_hh not found! Is it loaded? background-color: black;color:white;border-radius:15px @ http://localhost:5201/node_modules/.vite/deps/@strudel_web.js?v=271342c3:10
[   23776ms] [LOG] %c[getTrigger] error: sound RolandTR909_bd not found! Is it loaded? background-color: black;color:white;border-radius:15px @ http://localhost:5201/node_modules/.vite/deps/@strudel_web.js?v=271342c3:10
[   23776ms] [LOG] %c[getTrigger] error: sound RolandTR909_cp not found! Is it loaded? background-color: black;color:white;border-radius:15px @ http://localhost:5201/node_modules/.vite/deps/@strudel_web.js?v=271342c3:10
[   23875ms] [LOG] %c[getTrigger] error: sound RolandTR909_hh not found! Is it loaded? background-color: black;color:white;border-radius:15px @ http://localhost:5201/node_modules/.vite/deps/@strudel_web.js?v=271342c3:10
[   24076ms] [LOG] %c[getTrigger] error: sound RolandTR909_oh not found! Is it loaded? background-color: black;color:white;border-radius:15px @ http://localhost:5201/node_modules/.vite/deps/@strudel_web.js?v=271342c3:10
[   24176ms] [LOG] %c[getTrigger] error: sound RolandTR909_hh not found! Is it loaded? background-color: black;color:white;border-radius:15px @ http://localhost:5201/node_modules/.vite/deps/@strudel_web.js?v=271342c3:10
[   24275ms] [LOG] %c[getTrigger] error: sound RolandTR909_bd not found! Is it loaded? background-color: black;color:white;border-radius:15px @ http://localhost:5201/node_modules/.vite/deps/@strudel_web.js?v=271342c3:10
[   24375ms] [LOG] %c[getTrigger] error: sound RolandTR909_hh not found! Is it loaded? background-color: black;color:white;border-radius:15px @ http://localhost:5201/node_modules/.vite/deps/@strudel_web.js?v=271342c3:10
[   24474ms] [LOG] %c[getTrigger] error: sound RolandTR909_oh not found! Is it loaded? background-color: black;color:white;border-radius:15px @ http://localhost:5201/node_modules/.vite/deps/@strudel_web.js?v=271342c3:10
[   24675ms] [LOG] %c[getTrigger] error: sound RolandTR909_hh not found! Is it loaded? background-color: black;color:white;border-radius:15px @ http://localhost:5201/node_modules/.vite/deps/@strudel_web.js?v=271342c3:10
[   24785ms] [LOG] %c[getTrigger] error: sound RolandTR909_bd not found! Is it loaded? background-color: black;color:white;border-radius:15px @ http://localhost:5201/node_modules/.vite/deps/@strudel_web.js?v=271342c3:10
[   24785ms] [LOG] %c[getTrigger] error: sound RolandTR808_rim not found! Is it loaded? background-color: black;color:white;border-radius:15px @ http://localhost:5201/node_modules/.vite/deps/@strudel_web.js?v=271342c3:10
[   24785ms] [LOG] %c[getTrigger] error: sound RolandTR909_cp not found! Is it loaded? background-color: black;color:white;border-radius:15px @ http://localhost:5201/node_modules/.vite/deps/@strudel_web.js?v=271342c3:10
[   24785ms] [LOG] %c[getTrigger] error: sound RolandTR909_hh not found! Is it loaded? background-color: black;color:white;border-radius:15px @ http://localhost:5201/node_modules/.vite/deps/@strudel_web.js?v=271342c3:10
[   24976ms] [LOG] %c[getTrigger] error: sound RolandTR909_oh not found! Is it loaded? background-color: black;color:white;border-radius:15px @ http://localhost:5201/node_modules/.vite/deps/@strudel_web.js?v=271342c3:10
[   25075ms] [LOG] %c[getTrigger] error: sound RolandTR909_hh not found! Is it loaded? background-color: black;color:white;border-radius:15px @ http://localhost:5201/node_modules/.vite/deps/@strudel_web.js?v=271342c3:10
[   25175ms] [LOG] %c[getTrigger] error: sound RolandTR909_bd not found! Is it loaded? background-color: black;color:white;border-radius:15px @ http://localhost:5201/node_modules/.vite/deps/@strudel_web.js?v=271342c3:10
[   25176ms] [LOG] %c[getTrigger] error: sound RolandTR808_rim not found! Is it loaded? background-color: black;color:white;border-radius:15px @ http://localhost:5201/node_modules/.vite/deps/@strudel_web.js?v=271342c3:10
[   25285ms] [LOG] %c[getTrigger] error: sound RolandTR909_hh not found! Is it loaded? background-color: black;color:white;border-radius:15px @ http://localhost:5201/node_modules/.vite/deps/@strudel_web.js?v=271342c3:10
[   25419ms] [LOG] %c[eval] code updated background-color: black;color:white;border-radius:15px @ http://localhost:5201/node_modules/.vite/deps/@strudel_web.js?v=271342c3:10
[   25474ms] [LOG] %c[getTrigger] error: sound RolandTR909_oh not found! Is it loaded? background-color: black;color:white;border-radius:15px @ http://localhost:5201/node_modules/.vite/deps/@strudel_web.js?v=271342c3:10
[   25575ms] [LOG] %c[getTrigger] error: sound RolandTR909_hh not found! Is it loaded? background-color: black;color:white;border-radius:15px @ http://localhost:5201/node_modules/.vite/deps/@strudel_web.js?v=271342c3:10
[   25676ms] [LOG] %c[getTrigger] error: sound RolandTR909_cp not found! Is it loaded? background-color: black;color:white;border-radius:15px @ http://localhost:5201/node_modules/.vite/deps/@strudel_web.js?v=271342c3:10
[   25786ms] [LOG] %c[getTrigger] error: sound RolandTR909_hh not found! Is it loaded? background-color: black;color:white;border-radius:15px @ http://localhost:5201/node_modules/.vite/deps/@strudel_web.js?v=271342c3:10
[   25875ms] [LOG] %c[getTrigger] error: sound RolandTR909_oh not found! Is it loaded? background-color: black;color:white;border-radius:15px @ http://localhost:5201/node_modules/.vite/deps/@strudel_web.js?v=271342c3:10
[   26076ms] [LOG] %c[getTrigger] error: sound RolandTR909_hh not found! Is it loaded? background-color: black;color:white;border-radius:15px @ http://localhost:5201/node_modules/.vite/deps/@strudel_web.js?v=271342c3:10
[   26175ms] [LOG] %c[getTrigger] error: sound RolandTR909_bd not found! Is it loaded? background-color: black;color:white;border-radius:15px @ http://localhost:5201/node_modules/.vite/deps/@strudel_web.js?v=271342c3:10
[   26175ms] [LOG] %c[getTrigger] error: sound RolandTR808_rim not found! Is it loaded? background-color: black;color:white;border-radius:15px @ http://localhost:5201/node_modules/.vite/deps/@strudel_web.js?v=271342c3:10
[   26275ms] [LOG] %c[getTrigger] error: sound RolandTR909_hh not found! Is it loaded? background-color: black;color:white;border-radius:15px @ http://localhost:5201/node_modules/.vite/deps/@strudel_web.js?v=271342c3:10
[   26375ms] [LOG] %c[getTrigger] error: sound RolandTR909_oh not found! Is it loaded? background-color: black;color:white;border-radius:15px @ http://localhost:5201/node_modules/.vite/deps/@strudel_web.js?v=271342c3:10
[   26475ms] [LOG] %c[getTrigger] error: sound RolandTR909_hh not found! Is it loaded? background-color: black;color:white;border-radius:15px @ http://localhost:5201/node_modules/.vite/deps/@strudel_web.js?v=271342c3:10
[   26576ms] [LOG] %c[getTrigger] error: sound RolandTR909_cp not found! Is it loaded? background-color: black;color:white;border-radius:15px @ http://localhost:5201/node_modules/.vite/deps/@strudel_web.js?v=271342c3:10
[   26774ms] [LOG] %c[getTrigger] error: sound RolandTR909_hh not found! Is it loaded? background-color: black;color:white;border-radius:15px @ http://localhost:5201/node_modules/.vite/deps/@strudel_web.js?v=271342c3:10
[   26875ms] [LOG] %c[getTrigger] error: sound RolandTR909_oh not found! Is it loaded? background-color: black;color:white;border-radius:15px @ http://localhost:5201/node_modules/.vite/deps/@strudel_web.js?v=271342c3:10
[   26974ms] [LOG] %c[getTrigger] error: sound RolandTR909_hh not found! Is it loaded? background-color: black;color:white;border-radius:15px @ http://localhost:5201/node_modules/.vite/deps/@strudel_web.js?v=271342c3:10
[   27076ms] [LOG] %c[getTrigger] error: sound RolandTR909_bd not found! Is it loaded? background-color: black;color:white;border-radius:15px @ http://localhost:5201/node_modules/.vite/deps/@strudel_web.js?v=271342c3:10
[   27076ms] [LOG] %c[getTrigger] error: sound RolandTR808_rim not found! Is it loaded? background-color: black;color:white;border-radius:15px @ http://localhost:5201/node_modules/.vite/deps/@strudel_web.js?v=271342c3:10
[   27176ms] [LOG] %c[getTrigger] error: sound RolandTR909_hh not found! Is it loaded? background-color: black;color:white;border-radius:15px @ http://localhost:5201/node_modules/.vite/deps/@strudel_web.js?v=271342c3:10
[   27275ms] [LOG] %c[getTrigger] error: sound RolandTR909_oh not found! Is it loaded? background-color: black;color:white;border-radius:15px @ http://localhost:5201/node_modules/.vite/deps/@strudel_web.js?v=271342c3:10
[   27293ms] [LOG] %c[eval] code updated background-color: black;color:white;border-radius:15px @ http://localhost:5201/node_modules/.vite/deps/@strudel_web.js?v=271342c3:10
[   27476ms] [LOG] %c[getTrigger] error: sound RolandTR909_hh not found! Is it loaded? background-color: black;color:white;border-radius:15px @ http://localhost:5201/node_modules/.vite/deps/@strudel_web.js?v=271342c3:10
[   27575ms] [LOG] %c[getTrigger] error: sound RolandTR909_bd not found! Is it loaded? background-color: black;color:white;border-radius:15px @ http://localhost:5201/node_modules/.vite/deps/@strudel_web.js?v=271342c3:10
[   27576ms] [LOG] %c[getTrigger] error: sound RolandTR909_cp not found! Is it loaded? background-color: black;color:white;border-radius:15px @ http://localhost:5201/node_modules/.vite/deps/@strudel_web.js?v=271342c3:10
[   27676ms] [LOG] %c[getTrigger] error: sound RolandTR909_hh not found! Is it loaded? background-color: black;color:white;border-radius:15px @ http://localhost:5201/node_modules/.vite/deps/@strudel_web.js?v=271342c3:10
[   27775ms] [LOG] %c[getTrigger] error: sound RolandTR909_oh not found! Is it loaded? background-color: black;color:white;border-radius:15px @ http://localhost:5201/node_modules/.vite/deps/@strudel_web.js?v=271342c3:10
[   27886ms] [LOG] %c[getTrigger] error: sound RolandTR909_hh not found! Is it loaded? background-color: black;color:white;border-radius:15px @ http://localhost:5201/node_modules/.vite/deps/@strudel_web.js?v=271342c3:10
[   27975ms] [LOG] %c[getTrigger] error: sound RolandTR909_bd not found! Is it loaded? background-color: black;color:white;border-radius:15px @ http://localhost:5201/node_modules/.vite/deps/@strudel_web.js?v=271342c3:10
[   28175ms] [LOG] %c[getTrigger] error: sound RolandTR909_hh not found! Is it loaded? background-color: black;color:white;border-radius:15px @ http://localhost:5201/node_modules/.vite/deps/@strudel_web.js?v=271342c3:10
[   28276ms] [LOG] %c[getTrigger] error: sound RolandTR909_oh not found! Is it loaded? background-color: black;color:white;border-radius:15px @ http://localhost:5201/node_modules/.vite/deps/@strudel_web.js?v=271342c3:10
[   28386ms] [LOG] %c[getTrigger] error: sound RolandTR909_hh not found! Is it loaded? background-color: black;color:white;border-radius:15px @ http://localhost:5201/node_modules/.vite/deps/@strudel_web.js?v=271342c3:10
[   28475ms] [LOG] %c[getTrigger] error: sound RolandTR909_bd not found! Is it loaded? background-color: black;color:white;border-radius:15px @ http://localhost:5201/node_modules/.vite/deps/@strudel_web.js?v=271342c3:10
[   28475ms] [LOG] %c[getTrigger] error: sound RolandTR808_rim not found! Is it loaded? background-color: black;color:white;border-radius:15px @ http://localhost:5201/node_modules/.vite/deps/@strudel_web.js?v=271342c3:10
[   28475ms] [LOG] %c[getTrigger] error: sound RolandTR909_cp not found! Is it loaded? background-color: black;color:white;border-radius:15px @ http://localhost:5201/node_modules/.vite/deps/@strudel_web.js?v=271342c3:10
[   28574ms] [LOG] %c[getTrigger] error: sound RolandTR909_hh not found! Is it loaded? background-color: black;color:white;border-radius:15px @ http://localhost:5201/node_modules/.vite/deps/@strudel_web.js?v=271342c3:10
[   28775ms] [LOG] %c[getTrigger] error: sound RolandTR909_oh not found! Is it loaded? background-color: black;color:white;border-radius:15px @ http://localhost:5201/node_modules/.vite/deps/@strudel_web.js?v=271342c3:10
[   28887ms] [LOG] %c[getTrigger] error: sound RolandTR909_hh not found! Is it loaded? background-color: black;color:white;border-radius:15px @ http://localhost:5201/node_modules/.vite/deps/@strudel_web.js?v=271342c3:10
[   28887ms] [LOG] %c[getTrigger] error: sound RolandTR909_bd not found! Is it loaded? background-color: black;color:white;border-radius:15px @ http://localhost:5201/node_modules/.vite/deps/@strudel_web.js?v=271342c3:10
[   28887ms] [LOG] %c[getTrigger] error: sound RolandTR808_rim not found! Is it loaded? background-color: black;color:white;border-radius:15px @ http://localhost:5201/node_modules/.vite/deps/@strudel_web.js?v=271342c3:10
[   29075ms] [LOG] %c[getTrigger] error: sound RolandTR909_hh not found! Is it loaded? background-color: black;color:white;border-radius:15px @ http://localhost:5201/node_modules/.vite/deps/@strudel_web.js?v=271342c3:10
[   29175ms] [LOG] %c[getTrigger] error: sound RolandTR909_oh not found! Is it loaded? background-color: black;color:white;border-radius:15px @ http://localhost:5201/node_modules/.vite/deps/@strudel_web.js?v=271342c3:10
[   29276ms] [LOG] %c[getTrigger] error: sound RolandTR909_hh not found! Is it loaded? background-color: black;color:white;border-radius:15px @ http://localhost:5201/node_modules/.vite/deps/@strudel_web.js?v=271342c3:10
[   29389ms] [LOG] %c[getTrigger] error: sound RolandTR909_bd not found! Is it loaded? background-color: black;color:white;border-radius:15px @ http://localhost:5201/node_modules/.vite/deps/@strudel_web.js?v=271342c3:10
[   29389ms] [LOG] %c[getTrigger] error: sound RolandTR909_cp not found! Is it loaded? background-color: black;color:white;border-radius:15px @ http://localhost:5201/node_modules/.vite/deps/@strudel_web.js?v=271342c3:10
[   29575ms] [LOG] %c[getTrigger] error: sound RolandTR909_hh not found! Is it loaded? background-color: black;color:white;border-radius:15px @ http://localhost:5201/node_modules/.vite/deps/@strudel_web.js?v=271342c3:10
[   29676ms] [LOG] %c[getTrigger] error: sound RolandTR909_oh not found! Is it loaded? background-color: black;color:white;border-radius:15px @ http://localhost:5201/node_modules/.vite/deps/@strudel_web.js?v=271342c3:10
[   29776ms] [LOG] %c[getTrigger] error: sound RolandTR909_hh not found! Is it loaded? background-color: black;color:white;border-radius:15px @ http://localhost:5201/node_modules/.vite/deps/@strudel_web.js?v=271342c3:10
[   29887ms] [LOG] %c[getTrigger] error: sound RolandTR909_bd not found! Is it loaded? background-color: black;color:white;border-radius:15px @ http://localhost:5201/node_modules/.vite/deps/@strudel_web.js?v=271342c3:10
[   29887ms] [LOG] %c[getTrigger] error: sound RolandTR808_rim not found! Is it loaded? background-color: black;color:white;border-radius:15px @ http://localhost:5201/node_modules/.vite/deps/@strudel_web.js?v=271342c3:10
[   29976ms] [LOG] %c[getTrigger] error: sound RolandTR909_hh not found! Is it loaded? background-color: black;color:white;border-radius:15px @ http://localhost:5201/node_modules/.vite/deps/@strudel_web.js?v=271342c3:10
[   30175ms] [LOG] %c[getTrigger] error: sound RolandTR909_oh not found! Is it loaded? background-color: black;color:white;border-radius:15px @ http://localhost:5201/node_modules/.vite/deps/@strudel_web.js?v=271342c3:10
[   30275ms] [LOG] %c[getTrigger] error: sound RolandTR909_hh not found! Is it loaded? background-color: black;color:white;border-radius:15px @ http://localhost:5201/node_modules/.vite/deps/@strudel_web.js?v=271342c3:10
[   30377ms] [LOG] %c[getTrigger] error: sound RolandTR909_bd not found! Is it loaded? background-color: black;color:white;border-radius:15px @ http://localhost:5201/node_modules/.vite/deps/@strudel_web.js?v=271342c3:10
[   30377ms] [LOG] %c[getTrigger] error: sound RolandTR909_cp not found! Is it loaded? background-color: black;color:white;border-radius:15px @ http://localhost:5201/node_modules/.vite/deps/@strudel_web.js?v=271342c3:10
[   30475ms] [LOG] %c[getTrigger] error: sound RolandTR909_hh not found! Is it loaded? background-color: black;color:white;border-radius:15px @ http://localhost:5201/node_modules/.vite/deps/@strudel_web.js?v=271342c3:10
[   30575ms] [LOG] %c[getTrigger] error: sound RolandTR909_oh not found! Is it loaded? background-color: black;color:white;border-radius:15px @ http://localhost:5201/node_modules/.vite/deps/@strudel_web.js?v=271342c3:10
[   30675ms] [LOG] %c[getTrigger] error: sound RolandTR909_hh not found! Is it loaded? background-color: black;color:white;border-radius:15px @ http://localhost:5201/node_modules/.vite/deps/@strudel_web.js?v=271342c3:10
[   30875ms] [LOG] %c[getTrigger] error: sound RolandTR909_bd not found! Is it loaded? background-color: black;color:white;border-radius:15px @ http://localhost:5201/node_modules/.vite/deps/@strudel_web.js?v=271342c3:10
[   30875ms] [LOG] %c[getTrigger] error: sound RolandTR808_rim not found! Is it loaded? background-color: black;color:white;border-radius:15px @ http://localhost:5201/node_modules/.vite/deps/@strudel_web.js?v=271342c3:10
[   30976ms] [LOG] %c[getTrigger] error: sound RolandTR909_hh not found! Is it loaded? background-color: black;color:white;border-radius:15px @ http://localhost:5201/node_modules/.vite/deps/@strudel_web.js?v=271342c3:10
[   31075ms] [LOG] %c[getTrigger] error: sound RolandTR909_oh not found! Is it loaded? background-color: black;color:white;border-radius:15px @ http://localhost:5201/node_modules/.vite/deps/@strudel_web.js?v=271342c3:10
[   31176ms] [LOG] %c[getTrigger] error: sound RolandTR909_hh not found! Is it loaded? background-color: black;color:white;border-radius:15px @ http://localhost:5201/node_modules/.vite/deps/@strudel_web.js?v=271342c3:10
[   31276ms] [LOG] %c[getTrigger] error: sound RolandTR909_bd not found! Is it loaded? background-color: black;color:white;border-radius:15px @ http://localhost:5201/node_modules/.vite/deps/@strudel_web.js?v=271342c3:10
[   31276ms] [LOG] %c[getTrigger] error: sound RolandTR909_cp not found! Is it loaded? background-color: black;color:white;border-radius:15px @ http://localhost:5201/node_modules/.vite/deps/@strudel_web.js?v=271342c3:10
[   31376ms] [LOG] %c[getTrigger] error: sound RolandTR909_hh not found! Is it loaded? background-color: black;color:white;border-radius:15px @ http://localhost:5201/node_modules/.vite/deps/@strudel_web.js?v=271342c3:10
[   31576ms] [LOG] %c[getTrigger] error: sound RolandTR909_oh not found! Is it loaded? background-color: black;color:white;border-radius:15px @ http://localhost:5201/node_modules/.vite/deps/@strudel_web.js?v=271342c3:10
[   31676ms] [LOG] %c[getTrigger] error: sound RolandTR909_hh not found! Is it loaded? background-color: black;color:white;border-radius:15px @ http://localhost:5201/node_modules/.vite/deps/@strudel_web.js?v=271342c3:10
[   31776ms] [LOG] %c[getTrigger] error: sound RolandTR909_bd not found! Is it loaded? background-color: black;color:white;border-radius:15px @ http://localhost:5201/node_modules/.vite/deps/@strudel_web.js?v=271342c3:10
[   31875ms] [LOG] %c[getTrigger] error: sound RolandTR909_hh not found! Is it loaded? background-color: black;color:white;border-radius:15px @ http://localhost:5201/node_modules/.vite/deps/@strudel_web.js?v=271342c3:10
[   31988ms] [LOG] %c[getTrigger] error: sound RolandTR909_oh not found! Is it loaded? background-color: black;color:white;border-radius:15px @ http://localhost:5201/node_modules/.vite/deps/@strudel_web.js?v=271342c3:10
[   32176ms] [LOG] %c[getTrigger] error: sound RolandTR909_hh not found! Is it loaded? background-color: black;color:white;border-radius:15px @ http://localhost:5201/node_modules/.vite/deps/@strudel_web.js?v=271342c3:10
[   32275ms] [LOG] %c[getTrigger] error: sound RolandTR909_bd not found! Is it loaded? background-color: black;color:white;border-radius:15px @ http://localhost:5201/node_modules/.vite/deps/@strudel_web.js?v=271342c3:10
[   32275ms] [LOG] %c[getTrigger] error: sound RolandTR808_rim not found! Is it loaded? background-color: black;color:white;border-radius:15px @ http://localhost:5201/node_modules/.vite/deps/@strudel_web.js?v=271342c3:10
[   32275ms] [LOG] %c[getTrigger] error: sound RolandTR909_cp not found! Is it loaded? background-color: black;color:white;border-radius:15px @ http://localhost:5201/node_modules/.vite/deps/@strudel_web.js?v=271342c3:10
[   32375ms] [LOG] %c[getTrigger] error: sound RolandTR909_hh not found! Is it loaded? background-color: black;color:white;border-radius:15px @ http://localhost:5201/node_modules/.vite/deps/@strudel_web.js?v=271342c3:10
[   32488ms] [LOG] %c[getTrigger] error: sound RolandTR909_oh not found! Is it loaded? background-color: black;color:white;border-radius:15px @ http://localhost:5201/node_modules/.vite/deps/@strudel_web.js?v=271342c3:10
[   32574ms] [LOG] %c[getTrigger] error: sound RolandTR909_hh not found! Is it loaded? background-color: black;color:white;border-radius:15px @ http://localhost:5201/node_modules/.vite/deps/@strudel_web.js?v=271342c3:10
[   32676ms] [LOG] %c[getTrigger] error: sound RolandTR909_bd not found! Is it loaded? background-color: black;color:white;border-radius:15px @ http://localhost:5201/node_modules/.vite/deps/@strudel_web.js?v=271342c3:10
[   32676ms] [LOG] %c[getTrigger] error: sound RolandTR808_rim not found! Is it loaded? background-color: black;color:white;border-radius:15px @ http://localhost:5201/node_modules/.vite/deps/@strudel_web.js?v=271342c3:10
[   32874ms] [LOG] %c[getTrigger] error: sound RolandTR909_hh not found! Is it loaded? background-color: black;color:white;border-radius:15px @ http://localhost:5201/node_modules/.vite/deps/@strudel_web.js?v=271342c3:10
[   32989ms] [LOG] %c[getTrigger] error: sound RolandTR909_oh not found! Is it loaded? background-color: black;color:white;border-radius:15px @ http://localhost:5201/node_modules/.vite/deps/@strudel_web.js?v=271342c3:10
[   32989ms] [LOG] %c[getTrigger] error: sound RolandTR909_hh not found! Is it loaded? background-color: black;color:white;border-radius:15px @ http://localhost:5201/node_modules/.vite/deps/@strudel_web.js?v=271342c3:10
[   33177ms] [LOG] %c[getTrigger] error: sound RolandTR909_bd not found! Is it loaded? background-color: black;color:white;border-radius:15px @ http://localhost:5201/node_modules/.vite/deps/@strudel_web.js?v=271342c3:10
[   33177ms] [LOG] %c[getTrigger] error: sound RolandTR909_cp not found! Is it loaded? background-color: black;color:white;border-radius:15px @ http://localhost:5201/node_modules/.vite/deps/@strudel_web.js?v=271342c3:10
[   33275ms] [LOG] %c[getTrigger] error: sound RolandTR909_hh not found! Is it loaded? background-color: black;color:white;border-radius:15px @ http://localhost:5201/node_modules/.vite/deps/@strudel_web.js?v=271342c3:10
[   33376ms] [LOG] %c[getTrigger] error: sound RolandTR909_oh not found! Is it loaded? background-color: black;color:white;border-radius:15px @ http://localhost:5201/node_modules/.vite/deps/@strudel_web.js?v=271342c3:10
[   33575ms] [LOG] %c[getTrigger] error: sound RolandTR909_hh not found! Is it loaded? background-color: black;color:white;border-radius:15px @ http://localhost:5201/node_modules/.vite/deps/@strudel_web.js?v=271342c3:10
[   33676ms] [LOG] %c[getTrigger] error: sound RolandTR909_bd not found! Is it loaded? background-color: black;color:white;border-radius:15px @ http://localhost:5201/node_modules/.vite/deps/@strudel_web.js?v=271342c3:10
[   33676ms] [LOG] %c[getTrigger] error: sound RolandTR808_rim not found! Is it loaded? background-color: black;color:white;border-radius:15px @ http://localhost:5201/node_modules/.vite/deps/@strudel_web.js?v=271342c3:10
[   33776ms] [LOG] %c[getTrigger] error: sound RolandTR909_hh not found! Is it loaded? background-color: black;color:white;border-radius:15px @ http://localhost:5201/node_modules/.vite/deps/@strudel_web.js?v=271342c3:10
[   33875ms] [LOG] %c[getTrigger] error: sound RolandTR909_oh not found! Is it loaded? background-color: black;color:white;border-radius:15px @ http://localhost:5201/node_modules/.vite/deps/@strudel_web.js?v=271342c3:10
[   33975ms] [LOG] %c[getTrigger] error: sound RolandTR909_hh not found! Is it loaded? background-color: black;color:white;border-radius:15px @ http://localhost:5201/node_modules/.vite/deps/@strudel_web.js?v=271342c3:10
[   34076ms] [LOG] %c[getTrigger] error: sound RolandTR909_bd not found! Is it loaded? background-color: black;color:white;border-radius:15px @ http://localhost:5201/node_modules/.vite/deps/@strudel_web.js?v=271342c3:10
[   34076ms] [LOG] %c[getTrigger] error: sound RolandTR909_cp not found! Is it loaded? background-color: black;color:white;border-radius:15px @ http://localhost:5201/node_modules/.vite/deps/@strudel_web.js?v=271342c3:10
[   34276ms] [LOG] %c[getTrigger] error: sound RolandTR909_hh not found! Is it loaded? background-color: black;color:white;border-radius:15px @ http://localhost:5201/node_modules/.vite/deps/@strudel_web.js?v=271342c3:10
[   34375ms] [LOG] %c[getTrigger] error: sound RolandTR909_oh not found! Is it loaded? background-color: black;color:white;border-radius:15px @ http://localhost:5201/node_modules/.vite/deps/@strudel_web.js?v=271342c3:10
[   34476ms] [LOG] %c[getTrigger] error: sound RolandTR909_hh not found! Is it loaded? background-color: black;color:white;border-radius:15px @ http://localhost:5201/node_modules/.vite/deps/@strudel_web.js?v=271342c3:10
[   34576ms] [LOG] %c[getTrigger] error: sound RolandTR909_bd not found! Is it loaded? background-color: black;color:white;border-radius:15px @ http://localhost:5201/node_modules/.vite/deps/@strudel_web.js?v=271342c3:10
[   34576ms] [LOG] %c[getTrigger] error: sound RolandTR808_rim not found! Is it loaded? background-color: black;color:white;border-radius:15px @ http://localhost:5201/node_modules/.vite/deps/@strudel_web.js?v=271342c3:10
[   34675ms] [LOG] %c[getTrigger] error: sound RolandTR909_hh not found! Is it loaded? background-color: black;color:white;border-radius:15px @ http://localhost:5201/node_modules/.vite/deps/@strudel_web.js?v=271342c3:10
[   34776ms] [LOG] %c[getTrigger] error: sound RolandTR909_oh not found! Is it loaded? background-color: black;color:white;border-radius:15px @ http://localhost:5201/node_modules/.vite/deps/@strudel_web.js?v=271342c3:10
[   34797ms] [LOG] %c[eval] code updated background-color: black;color:white;border-radius:15px @ http://localhost:5201/node_modules/.vite/deps/@strudel_web.js?v=271342c3:10
[   34876ms] [LOG] %c[getTrigger] error: sound RolandTR909_hh not found! Is it loaded? background-color: black;color:white;border-radius:15px @ http://localhost:5201/node_modules/.vite/deps/@strudel_web.js?v=271342c3:10
[   35177ms] [LOG] %c[getTrigger] error: sound RolandTR909_bd not found! Is it loaded? background-color: black;color:white;border-radius:15px @ http://localhost:5201/node_modules/.vite/deps/@strudel_web.js?v=271342c3:10
[   35177ms] [LOG] %c[getTrigger] error: sound RolandTR909_hh not found! Is it loaded? background-color: black;color:white;border-radius:15px @ http://localhost:5201/node_modules/.vite/deps/@strudel_web.js?v=271342c3:10
[   35177ms] [LOG] %c[getTrigger] error: sound RolandTR909_cp not found! Is it loaded? background-color: black;color:white;border-radius:15px @ http://localhost:5201/node_modules/.vite/deps/@strudel_web.js?v=271342c3:10
[   35277ms] [LOG] %c[getTrigger] error: sound RolandTR909_hh not found! Is it loaded? background-color: black;color:white;border-radius:15px @ http://localhost:5201/node_modules/.vite/deps/@strudel_web.js?v=271342c3:10
[   35476ms] [LOG] %c[getTrigger] error: sound RolandTR909_oh not found! Is it loaded? background-color: black;color:white;border-radius:15px @ http://localhost:5201/node_modules/.vite/deps/@strudel_web.js?v=271342c3:10
[   35476ms] [LOG] %c[getTrigger] error: sound RolandTR909_hh not found! Is it loaded? background-color: black;color:white;border-radius:15px @ http://localhost:5201/node_modules/.vite/deps/@strudel_web.js?v=271342c3:10
[   35776ms] [LOG] %c[getTrigger] error: sound RolandTR909_bd not found! Is it loaded? background-color: black;color:white;border-radius:15px @ http://localhost:5201/node_modules/.vite/deps/@strudel_web.js?v=271342c3:10
[   35776ms] [LOG] %c[getTrigger] error: sound RolandTR909_hh not found! Is it loaded? background-color: black;color:white;border-radius:15px @ http://localhost:5201/node_modules/.vite/deps/@strudel_web.js?v=271342c3:10
[   36175ms] [LOG] %c[getTrigger] error: sound RolandTR909_oh not found! Is it loaded? background-color: black;color:white;border-radius:15px @ http://localhost:5201/node_modules/.vite/deps/@strudel_web.js?v=271342c3:10
[   36176ms] [LOG] %c[getTrigger] error: sound RolandTR909_hh not found! Is it loaded? background-color: black;color:white;border-radius:15px @ http://localhost:5201/node_modules/.vite/deps/@strudel_web.js?v=271342c3:10
[   36476ms] [LOG] %c[getTrigger] error: sound RolandTR909_bd not found! Is it loaded? background-color: black;color:white;border-radius:15px @ http://localhost:5201/node_modules/.vite/deps/@strudel_web.js?v=271342c3:10
[   36476ms] [LOG] %c[getTrigger] error: sound RolandTR909_hh not found! Is it loaded? background-color: black;color:white;border-radius:15px @ http://localhost:5201/node_modules/.vite/deps/@strudel_web.js?v=271342c3:10
[   36476ms] [LOG] %c[getTrigger] error: sound RolandTR808_rim not found! Is it loaded? background-color: black;color:white;border-radius:15px @ http://localhost:5201/node_modules/.vite/deps/@strudel_web.js?v=271342c3:10
[   36476ms] [LOG] %c[getTrigger] error: sound RolandTR909_cp not found! Is it loaded? background-color: black;color:white;border-radius:15px @ http://localhost:5201/node_modules/.vite/deps/@strudel_web.js?v=271342c3:10
[   36575ms] [LOG] %c[getTrigger] error: sound RolandTR909_hh not found! Is it loaded? background-color: black;color:white;border-radius:15px @ http://localhost:5201/node_modules/.vite/deps/@strudel_web.js?v=271342c3:10
[   36776ms] [LOG] %c[getTrigger] error: sound RolandTR909_oh not found! Is it loaded? background-color: black;color:white;border-radius:15px @ http://localhost:5201/node_modules/.vite/deps/@strudel_web.js?v=271342c3:10
[   36776ms] [LOG] %c[getTrigger] error: sound RolandTR909_hh not found! Is it loaded? background-color: black;color:white;border-radius:15px @ http://localhost:5201/node_modules/.vite/deps/@strudel_web.js?v=271342c3:10
[   37176ms] [LOG] %c[getTrigger] error: sound RolandTR909_bd not found! Is it loaded? background-color: black;color:white;border-radius:15px @ http://localhost:5201/node_modules/.vite/deps/@strudel_web.js?v=271342c3:10
[   37177ms] [LOG] %c[getTrigger] error: sound RolandTR909_hh not found! Is it loaded? background-color: black;color:white;border-radius:15px @ http://localhost:5201/node_modules/.vite/deps/@strudel_web.js?v=271342c3:10
[   37177ms] [LOG] %c[getTrigger] error: sound RolandTR808_rim not found! Is it loaded? background-color: black;color:white;border-radius:15px @ http://localhost:5201/node_modules/.vite/deps/@strudel_web.js?v=271342c3:10
[   37276ms] [LOG] %c[getTrigger] error: sound RolandTR909_hh not found! Is it loaded? background-color: black;color:white;border-radius:15px @ http://localhost:5201/node_modules/.vite/deps/@strudel_web.js?v=271342c3:10
[   37360ms] [LOG] %c[eval] code updated background-color: black;color:white;border-radius:15px @ http://localhost:5201/node_modules/.vite/deps/@strudel_web.js?v=271342c3:10
[   37375ms] [LOG] %c[getTrigger] error: sound RolandTR909_hh not found! Is it loaded? background-color: black;color:white;border-radius:15px @ http://localhost:5201/node_modules/.vite/deps/@strudel_web.js?v=271342c3:10
[   37474ms] [LOG] %c[getTrigger] error: sound RolandTR909_oh not found! Is it loaded? background-color: black;color:white;border-radius:15px @ http://localhost:5201/node_modules/.vite/deps/@strudel_web.js?v=271342c3:10
[   37475ms] [LOG] %c[getTrigger] error: sound RolandTR909_hh not found! Is it loaded? background-color: black;color:white;border-radius:15px @ http://localhost:5201/node_modules/.vite/deps/@strudel_web.js?v=271342c3:10
[   37676ms] [LOG] %c[getTrigger] error: sound RolandTR909_bd not found! Is it loaded? background-color: black;color:white;border-radius:15px @ http://localhost:5201/node_modules/.vite/deps/@strudel_web.js?v=271342c3:10
[   37677ms] [LOG] %c[getTrigger] error: sound RolandTR909_hh not found! Is it loaded? background-color: black;color:white;border-radius:15px @ http://localhost:5201/node_modules/.vite/deps/@strudel_web.js?v=271342c3:10
[   37677ms] [LOG] %c[getTrigger] error: sound RolandTR909_cp not found! Is it loaded? background-color: black;color:white;border-radius:15px @ http://localhost:5201/node_modules/.vite/deps/@strudel_web.js?v=271342c3:10
[   37775ms] [LOG] %c[getTrigger] error: sound RolandTR909_hh not found! Is it loaded? background-color: black;color:white;border-radius:15px @ http://localhost:5201/node_modules/.vite/deps/@strudel_web.js?v=271342c3:10
[   37875ms] [LOG] %c[getTrigger] error: sound RolandTR909_oh not found! Is it loaded? background-color: black;color:white;border-radius:15px @ http://localhost:5201/node_modules/.vite/deps/@strudel_web.js?v=271342c3:10
[   37875ms] [LOG] %c[getTrigger] error: sound RolandTR909_hh not found! Is it loaded? background-color: black;color:white;border-radius:15px @ http://localhost:5201/node_modules/.vite/deps/@strudel_web.js?v=271342c3:10
[   38177ms] [LOG] %c[getTrigger] error: sound RolandTR909_bd not found! Is it loaded? background-color: black;color:white;border-radius:15px @ http://localhost:5201/node_modules/.vite/deps/@strudel_web.js?v=271342c3:10
[   38177ms] [LOG] %c[getTrigger] error: sound RolandTR909_hh not found! Is it loaded? background-color: black;color:white;border-radius:15px @ http://localhost:5201/node_modules/.vite/deps/@strudel_web.js?v=271342c3:10
[   38177ms] [LOG] %c[getTrigger] error: sound RolandTR808_rim not found! Is it loaded? background-color: black;color:white;border-radius:15px @ http://localhost:5201/node_modules/.vite/deps/@strudel_web.js?v=271342c3:10
[   38177ms] [LOG] %c[getTrigger] error: sound RolandTR909_hh not found! Is it loaded? background-color: black;color:white;border-radius:15px @ http://localhost:5201/node_modules/.vite/deps/@strudel_web.js?v=271342c3:10
[   38376ms] [LOG] %c[getTrigger] error: sound RolandTR909_oh not found! Is it loaded? background-color: black;color:white;border-radius:15px @ http://localhost:5201/node_modules/.vite/deps/@strudel_web.js?v=271342c3:10
[   38376ms] [LOG] %c[getTrigger] error: sound RolandTR909_hh not found! Is it loaded? background-color: black;color:white;border-radius:15px @ http://localhost:5201/node_modules/.vite/deps/@strudel_web.js?v=271342c3:10
[   38575ms] [LOG] %c[getTrigger] error: sound RolandTR909_bd not found! Is it loaded? background-color: black;color:white;border-radius:15px @ http://localhost:5201/node_modules/.vite/deps/@strudel_web.js?v=271342c3:10
[   38575ms] [LOG] %c[getTrigger] error: sound RolandTR909_hh not found! Is it loaded? background-color: black;color:white;border-radius:15px @ http://localhost:5201/node_modules/.vite/deps/@strudel_web.js?v=271342c3:10
[   38575ms] [LOG] %c[getTrigger] error: sound RolandTR909_cp not found! Is it loaded? background-color: black;color:white;border-radius:15px @ http://localhost:5201/node_modules/.vite/deps/@strudel_web.js?v=271342c3:10
[   38675ms] [LOG] %c[getTrigger] error: sound RolandTR909_hh not found! Is it loaded? background-color: black;color:white;border-radius:15px @ http://localhost:5201/node_modules/.vite/deps/@strudel_web.js?v=271342c3:10
[   38875ms] [LOG] %c[getTrigger] error: sound RolandTR909_oh not found! Is it loaded? background-color: black;color:white;border-radius:15px @ http://localhost:5201/node_modules/.vite/deps/@strudel_web.js?v=271342c3:10
[   38875ms] [LOG] %c[getTrigger] error: sound RolandTR909_hh not found! Is it loaded? background-color: black;color:white;border-radius:15px @ http://localhost:5201/node_modules/.vite/deps/@strudel_web.js?v=271342c3:10
[   39075ms] [LOG] %c[getTrigger] error: sound RolandTR909_bd not found! Is it loaded? background-color: black;color:white;border-radius:15px @ http://localhost:5201/node_modules/.vite/deps/@strudel_web.js?v=271342c3:10
[   39075ms] [LOG] %c[getTrigger] error: sound RolandTR909_hh not found! Is it loaded? background-color: black;color:white;border-radius:15px @ http://localhost:5201/node_modules/.vite/deps/@strudel_web.js?v=271342c3:10
[   39075ms] [LOG] %c[getTrigger] error: sound RolandTR808_rim not found! Is it loaded? background-color: black;color:white;border-radius:15px @ http://localhost:5201/node_modules/.vite/deps/@strudel_web.js?v=271342c3:10
[   39175ms] [LOG] %c[getTrigger] error: sound RolandTR909_hh not found! Is it loaded? background-color: black;color:white;border-radius:15px @ http://localhost:5201/node_modules/.vite/deps/@strudel_web.js?v=271342c3:10
[   39275ms] [LOG] %c[getTrigger] error: sound RolandTR909_oh not found! Is it loaded? background-color: black;color:white;border-radius:15px @ http://localhost:5201/node_modules/.vite/deps/@strudel_web.js?v=271342c3:10
[   39275ms] [LOG] %c[getTrigger] error: sound RolandTR909_hh not found! Is it loaded? background-color: black;color:white;border-radius:15px @ http://localhost:5201/node_modules/.vite/deps/@strudel_web.js?v=271342c3:10
[   39489ms] [LOG] %c[getTrigger] error: sound RolandTR909_bd not found! Is it loaded? background-color: black;color:white;border-radius:15px @ http://localhost:5201/node_modules/.vite/deps/@strudel_web.js?v=271342c3:10
[   39489ms] [LOG] %c[getTrigger] error: sound RolandTR909_hh not found! Is it loaded? background-color: black;color:white;border-radius:15px @ http://localhost:5201/node_modules/.vite/deps/@strudel_web.js?v=271342c3:10
[   39489ms] [LOG] %c[getTrigger] error: sound RolandTR909_cp not found! Is it loaded? background-color: black;color:white;border-radius:15px @ http://localhost:5201/node_modules/.vite/deps/@strudel_web.js?v=271342c3:10
[   39575ms] [LOG] %c[getTrigger] error: sound RolandTR909_hh not found! Is it loaded? background-color: black;color:white;border-radius:15px @ http://localhost:5201/node_modules/.vite/deps/@strudel_web.js?v=271342c3:10
[   39776ms] [LOG] %c[getTrigger] error: sound RolandTR909_oh not found! Is it loaded? background-color: black;color:white;border-radius:15px @ http://localhost:5201/node_modules/.vite/deps/@strudel_web.js?v=271342c3:10
[   39776ms] [LOG] %c[getTrigger] error: sound RolandTR909_hh not found! Is it loaded? background-color: black;color:white;border-radius:15px @ http://localhost:5201/node_modules/.vite/deps/@strudel_web.js?v=271342c3:10
[   39975ms] [LOG] %c[getTrigger] error: sound RolandTR909_bd not found! Is it loaded? background-color: black;color:white;border-radius:15px @ http://localhost:5201/node_modules/.vite/deps/@strudel_web.js?v=271342c3:10
[   39975ms] [LOG] %c[getTrigger] error: sound RolandTR909_hh not found! Is it loaded? background-color: black;color:white;border-radius:15px @ http://localhost:5201/node_modules/.vite/deps/@strudel_web.js?v=271342c3:10
[   40275ms] [LOG] %c[getTrigger] error: sound RolandTR909_oh not found! Is it loaded? background-color: black;color:white;border-radius:15px @ http://localhost:5201/node_modules/.vite/deps/@strudel_web.js?v=271342c3:10
[   40275ms] [LOG] %c[getTrigger] error: sound RolandTR909_hh not found! Is it loaded? background-color: black;color:white;border-radius:15px @ http://localhost:5201/node_modules/.vite/deps/@strudel_web.js?v=271342c3:10
[   40475ms] [LOG] %c[getTrigger] error: sound RolandTR909_bd not found! Is it loaded? background-color: black;color:white;border-radius:15px @ http://localhost:5201/node_modules/.vite/deps/@strudel_web.js?v=271342c3:10
[   40475ms] [LOG] %c[getTrigger] error: sound RolandTR909_hh not found! Is it loaded? background-color: black;color:white;border-radius:15px @ http://localhost:5201/node_modules/.vite/deps/@strudel_web.js?v=271342c3:10
[   40475ms] [LOG] %c[getTrigger] error: sound RolandTR808_rim not found! Is it loaded? background-color: black;color:white;border-radius:15px @ http://localhost:5201/node_modules/.vite/deps/@strudel_web.js?v=271342c3:10
[   40475ms] [LOG] %c[getTrigger] error: sound RolandTR909_cp not found! Is it loaded? background-color: black;color:white;border-radius:15px @ http://localhost:5201/node_modules/.vite/deps/@strudel_web.js?v=271342c3:10
[   40575ms] [LOG] %c[getTrigger] error: sound RolandTR909_hh not found! Is it loaded? background-color: black;color:white;border-radius:15px @ http://localhost:5201/node_modules/.vite/deps/@strudel_web.js?v=271342c3:10
[   40675ms] [LOG] %c[getTrigger] error: sound RolandTR909_oh not found! Is it loaded? background-color: black;color:white;border-radius:15px @ http://localhost:5201/node_modules/.vite/deps/@strudel_web.js?v=271342c3:10
[   40675ms] [LOG] %c[getTrigger] error: sound RolandTR909_hh not found! Is it loaded? background-color: black;color:white;border-radius:15px @ http://localhost:5201/node_modules/.vite/deps/@strudel_web.js?v=271342c3:10
[   40975ms] [LOG] %c[getTrigger] error: sound RolandTR909_bd not found! Is it loaded? background-color: black;color:white;border-radius:15px @ http://localhost:5201/node_modules/.vite/deps/@strudel_web.js?v=271342c3:10
[   40975ms] [LOG] %c[getTrigger] error: sound RolandTR909_hh not found! Is it loaded? background-color: black;color:white;border-radius:15px @ http://localhost:5201/node_modules/.vite/deps/@strudel_web.js?v=271342c3:10
[   40975ms] [LOG] %c[getTrigger] error: sound RolandTR808_rim not found! Is it loaded? background-color: black;color:white;border-radius:15px @ http://localhost:5201/node_modules/.vite/deps/@strudel_web.js?v=271342c3:10
[   40975ms] [LOG] %c[getTrigger] error: sound RolandTR909_hh not found! Is it loaded? background-color: black;color:white;border-radius:15px @ http://localhost:5201/node_modules/.vite/deps/@strudel_web.js?v=271342c3:10
[   41176ms] [LOG] %c[getTrigger] error: sound RolandTR909_oh not found! Is it loaded? background-color: black;color:white;border-radius:15px @ http://localhost:5201/node_modules/.vite/deps/@strudel_web.js?v=271342c3:10
[   41176ms] [LOG] %c[getTrigger] error: sound RolandTR909_hh not found! Is it loaded? background-color: black;color:white;border-radius:15px @ http://localhost:5201/node_modules/.vite/deps/@strudel_web.js?v=271342c3:10
[   41375ms] [LOG] %c[getTrigger] error: sound RolandTR909_bd not found! Is it loaded? background-color: black;color:white;border-radius:15px @ http://localhost:5201/node_modules/.vite/deps/@strudel_web.js?v=271342c3:10
[   41375ms] [LOG] %c[getTrigger] error: sound RolandTR909_hh not found! Is it loaded? background-color: black;color:white;border-radius:15px @ http://localhost:5201/node_modules/.vite/deps/@strudel_web.js?v=271342c3:10
[   41375ms] [LOG] %c[getTrigger] error: sound RolandTR909_cp not found! Is it loaded? background-color: black;color:white;border-radius:15px @ http://localhost:5201/node_modules/.vite/deps/@strudel_web.js?v=271342c3:10
[   41476ms] [LOG] %c[getTrigger] error: sound RolandTR909_hh not found! Is it loaded? background-color: black;color:white;border-radius:15px @ http://localhost:5201/node_modules/.vite/deps/@strudel_web.js?v=271342c3:10
[   41676ms] [LOG] %c[getTrigger] error: sound RolandTR909_oh not found! Is it loaded? background-color: black;color:white;border-radius:15px @ http://localhost:5201/node_modules/.vite/deps/@strudel_web.js?v=271342c3:10
[   41676ms] [LOG] %c[getTrigger] error: sound RolandTR909_hh not found! Is it loaded? background-color: black;color:white;border-radius:15px @ http://localhost:5201/node_modules/.vite/deps/@strudel_web.js?v=271342c3:10
[   41875ms] [LOG] %c[getTrigger] error: sound RolandTR909_bd not found! Is it loaded? background-color: black;color:white;border-radius:15px @ http://localhost:5201/node_modules/.vite/deps/@strudel_web.js?v=271342c3:10
[   41875ms] [LOG] %c[getTrigger] error: sound RolandTR909_hh not found! Is it loaded? background-color: black;color:white;border-radius:15px @ http://localhost:5201/node_modules/.vite/deps/@strudel_web.js?v=271342c3:10
[   41875ms] [LOG] %c[getTrigger] error: sound RolandTR808_rim not found! Is it loaded? background-color: black;color:white;border-radius:15px @ http://localhost:5201/node_modules/.vite/deps/@strudel_web.js?v=271342c3:10
[   41974ms] [LOG] %c[getTrigger] error: sound RolandTR909_hh not found! Is it loaded? background-color: black;color:white;border-radius:15px @ http://localhost:5201/node_modules/.vite/deps/@strudel_web.js?v=271342c3:10
[   42089ms] [LOG] %c[getTrigger] error: sound RolandTR909_oh not found! Is it loaded? background-color: black;color:white;border-radius:15px @ http://localhost:5201/node_modules/.vite/deps/@strudel_web.js?v=271342c3:10
[   42089ms] [LOG] %c[getTrigger] error: sound RolandTR909_hh not found! Is it loaded? background-color: black;color:white;border-radius:15px @ http://localhost:5201/node_modules/.vite/deps/@strudel_web.js?v=271342c3:10
[   42376ms] [LOG] %c[getTrigger] error: sound RolandTR909_bd not found! Is it loaded? background-color: black;color:white;border-radius:15px @ http://localhost:5201/node_modules/.vite/deps/@strudel_web.js?v=271342c3:10
[   42376ms] [LOG] %c[getTrigger] error: sound RolandTR909_hh not found! Is it loaded? background-color: black;color:white;border-radius:15px @ http://localhost:5201/node_modules/.vite/deps/@strudel_web.js?v=271342c3:10
[   42376ms] [LOG] %c[getTrigger] error: sound RolandTR909_cp not found! Is it loaded? background-color: black;color:white;border-radius:15px @ http://localhost:5201/node_modules/.vite/deps/@strudel_web.js?v=271342c3:10
[   42376ms] [LOG] %c[getTrigger] error: sound RolandTR909_hh not found! Is it loaded? background-color: black;color:white;border-radius:15px @ http://localhost:5201/node_modules/.vite/deps/@strudel_web.js?v=271342c3:10
[   42590ms] [LOG] %c[getTrigger] error: sound RolandTR909_oh not found! Is it loaded? background-color: black;color:white;border-radius:15px @ http://localhost:5201/node_modules/.vite/deps/@strudel_web.js?v=271342c3:10
[   42590ms] [LOG] %c[getTrigger] error: sound RolandTR909_hh not found! Is it loaded? background-color: black;color:white;border-radius:15px @ http://localhost:5201/node_modules/.vite/deps/@strudel_web.js?v=271342c3:10
[   42877ms] [LOG] %c[getTrigger] error: sound RolandTR909_bd not found! Is it loaded? background-color: black;color:white;border-radius:15px @ http://localhost:5201/node_modules/.vite/deps/@strudel_web.js?v=271342c3:10
[   42877ms] [LOG] %c[getTrigger] error: sound RolandTR909_hh not found! Is it loaded? background-color: black;color:white;border-radius:15px @ http://localhost:5201/node_modules/.vite/deps/@strudel_web.js?v=271342c3:10
[   42877ms] [LOG] %c[getTrigger] error: sound RolandTR808_rim not found! Is it loaded? background-color: black;color:white;border-radius:15px @ http://localhost:5201/node_modules/.vite/deps/@strudel_web.js?v=271342c3:10
[   42888ms] [LOG] %c[getTrigger] error: sound RolandTR909_hh not found! Is it loaded? background-color: black;color:white;border-radius:15px @ http://localhost:5201/node_modules/.vite/deps/@strudel_web.js?v=271342c3:10
[   43032ms] [LOG] %c[eval] code updated background-color: black;color:white;border-radius:15px @ http://localhost:5201/node_modules/.vite/deps/@strudel_web.js?v=271342c3:10
[   43076ms] [LOG] %c[getTrigger] error: sound RolandTR909_oh not found! Is it loaded? background-color: black;color:white;border-radius:15px @ http://localhost:5201/node_modules/.vite/deps/@strudel_web.js?v=271342c3:10
[   43076ms] [LOG] %c[getTrigger] error: sound RolandTR909_hh not found! Is it loaded? background-color: black;color:white;border-radius:15px @ http://localhost:5201/node_modules/.vite/deps/@strudel_web.js?v=271342c3:10
[   43276ms] [LOG] %c[getTrigger] error: sound RolandTR909_bd not found! Is it loaded? background-color: black;color:white;border-radius:15px @ http://localhost:5201/node_modules/.vite/deps/@strudel_web.js?v=271342c3:10
[   43276ms] [LOG] %c[getTrigger] error: sound RolandTR909_hh not found! Is it loaded? background-color: black;color:white;border-radius:15px @ http://localhost:5201/node_modules/.vite/deps/@strudel_web.js?v=271342c3:10
[   43276ms] [LOG] %c[getTrigger] error: sound RolandTR909_cp not found! Is it loaded? background-color: black;color:white;border-radius:15px @ http://localhost:5201/node_modules/.vite/deps/@strudel_web.js?v=271342c3:10
[   43375ms] [LOG] %c[getTrigger] error: sound RolandTR909_hh not found! Is it loaded? background-color: black;color:white;border-radius:15px @ http://localhost:5201/node_modules/.vite/deps/@strudel_web.js?v=271342c3:10
[   43575ms] [LOG] %c[getTrigger] error: sound RolandTR909_oh not found! Is it loaded? background-color: black;color:white;border-radius:15px @ http://localhost:5201/node_modules/.vite/deps/@strudel_web.js?v=271342c3:10
[   43575ms] [LOG] %c[getTrigger] error: sound RolandTR909_hh not found! Is it loaded? background-color: black;color:white;border-radius:15px @ http://localhost:5201/node_modules/.vite/deps/@strudel_web.js?v=271342c3:10
[   43775ms] [LOG] %c[getTrigger] error: sound RolandTR909_bd not found! Is it loaded? background-color: black;color:white;border-radius:15px @ http://localhost:5201/node_modules/.vite/deps/@strudel_web.js?v=271342c3:10
[   43775ms] [LOG] %c[getTrigger] error: sound RolandTR909_hh not found! Is it loaded? background-color: black;color:white;border-radius:15px @ http://localhost:5201/node_modules/.vite/deps/@strudel_web.js?v=271342c3:10
[   43975ms] [LOG] %c[getTrigger] error: sound RolandTR909_oh not found! Is it loaded? background-color: black;color:white;border-radius:15px @ http://localhost:5201/node_modules/.vite/deps/@strudel_web.js?v=271342c3:10
[   43975ms] [LOG] %c[getTrigger] error: sound RolandTR909_hh not found! Is it loaded? background-color: black;color:white;border-radius:15px @ http://localhost:5201/node_modules/.vite/deps/@strudel_web.js?v=271342c3:10
[   44275ms] [LOG] %c[getTrigger] error: sound RolandTR909_bd not found! Is it loaded? background-color: black;color:white;border-radius:15px @ http://localhost:5201/node_modules/.vite/deps/@strudel_web.js?v=271342c3:10
[   44276ms] [LOG] %c[getTrigger] error: sound RolandTR909_hh not found! Is it loaded? background-color: black;color:white;border-radius:15px @ http://localhost:5201/node_modules/.vite/deps/@strudel_web.js?v=271342c3:10
[   44276ms] [LOG] %c[getTrigger] error: sound RolandTR808_rim not found! Is it loaded? background-color: black;color:white;border-radius:15px @ http://localhost:5201/node_modules/.vite/deps/@strudel_web.js?v=271342c3:10
[   44276ms] [LOG] %c[getTrigger] error: sound RolandTR909_cp not found! Is it loaded? background-color: black;color:white;border-radius:15px @ http://localhost:5201/node_modules/.vite/deps/@strudel_web.js?v=271342c3:10
[   44276ms] [LOG] %c[getTrigger] error: sound RolandTR909_hh not found! Is it loaded? background-color: black;color:white;border-radius:15px @ http://localhost:5201/node_modules/.vite/deps/@strudel_web.js?v=271342c3:10
[   44475ms] [LOG] %c[getTrigger] error: sound RolandTR909_oh not found! Is it loaded? background-color: black;color:white;border-radius:15px @ http://localhost:5201/node_modules/.vite/deps/@strudel_web.js?v=271342c3:10
[   44475ms] [LOG] %c[getTrigger] error: sound RolandTR909_hh not found! Is it loaded? background-color: black;color:white;border-radius:15px @ http://localhost:5201/node_modules/.vite/deps/@strudel_web.js?v=271342c3:10
[   44910ms] [LOG] %c[eval] code updated background-color: black;color:white;border-radius:15px @ http://localhost:5201/node_modules/.vite/deps/@strudel_web.js?v=271342c3:10
[  101956ms] [ERROR] Failed to load resource: the server responded with a status of 404 () @ https://raw.githubusercontent.com/ritchse/tidal-drum-machines/main/strudel.json:0
[  101956ms] [ERROR] SyntaxError: Unexpected non-whitespace character after JSON at position 3 (line 1 column 4) @ http://localhost:5201/@vite/client:528
[  134173ms] [ERROR] Failed to load resource: the server responded with a status of 404 () @ https://raw.githubusercontent.com/Bubobubobubobubo/dough-drum-machines/main/strudel.json:0
[  134173ms] [ERROR] SyntaxError: Unexpected non-whitespace character after JSON at position 3 (line 1 column 4) @ http://localhost:5201/@vite/client:528
[  134175ms] [ERROR] Failed to load resource: the server responded with a status of 404 () @ https://raw.githubusercontent.com/ritchse/tidal-drum-machines/main/strudel.json:0
[  134176ms] [ERROR] SyntaxError: Unexpected non-whitespace character after JSON at position 3 (line 1 column 4) @ http://localhost:5201/@vite/client:528
[  134359ms] [ERROR] Failed to load resource: the server responded with a status of 404 () @ https://raw.githubusercontent.com/ritchse/tidal-drum-machines/master/strudel.json:0
[  134359ms] [ERROR] SyntaxError: Unexpected non-whitespace character after JSON at position 3 (line 1 column 4) @ http://localhost:5201/@vite/client:528
[  159596ms] [ERROR] Failed to load resource: the server responded with a status of 404 () @ https://raw.githubusercontent.com/ritchse/tidal-drum-machines/main/strudel.json:0
[  159758ms] [ERROR] Failed to load resource: the server responded with a status of 404 () @ https://raw.githubusercontent.com/felixroos/dough-samples/main/strudel.json:0
[  202548ms] [LOG] %c🌀 @strudel/core loaded 🌀 background-color: black;color:white;border-radius:15px @ http://localhost:5201/node_modules/.vite/deps/@strudel_web.js?v=271342c3:10
[  202568ms] [VERBOSE] [DOM] Password field is not contained in a form: (More info: https://goo.gl/9p2vKq) %o @ http://localhost:5201/:0
[  208992ms] [LOG] %c🌀 @strudel/core loaded 🌀 background-color: black;color:white;border-radius:15px @ http://localhost:5201/node_modules/.vite/deps/@strudel_web.js?v=271342c3:10
[  209010ms] [VERBOSE] [DOM] Password field is not contained in a form: (More info: https://goo.gl/9p2vKq) %o @ http://localhost:5201/:0
[  219811ms] [LOG] %c🌀 @strudel/core loaded 🌀 background-color: black;color:white;border-radius:15px @ http://localhost:5201/node_modules/.vite/deps/@strudel_web.js?v=271342c3:10
[  219829ms] [VERBOSE] [DOM] Password field is not contained in a form: (More info: https://goo.gl/9p2vKq) %o @ http://localhost:5201/:0
[  238686ms] [LOG] %c[eval] code updated background-color: black;color:white;border-radius:15px @ http://localhost:5201/node_modules/.vite/deps/@strudel_web.js?v=271342c3:10
[  238686ms] [LOG] %c[cyclist] start background-color: black;color:white;border-radius:15px @ http://localhost:5201/node_modules/.vite/deps/@strudel_web.js?v=271342c3:10
[  238688ms] [LOG] %c[sampler] load sound "RolandTR909_bd:0:0".. background-color: black;color:white;border-radius:15px @ http://localhost:5201/node_modules/.vite/deps/@strudel_web.js?v=271342c3:10
[  238688ms] [LOG] %c[sampler] load sound "RolandTR909_hh:0:0".. background-color: black;color:white;border-radius:15px @ http://localhost:5201/node_modules/.vite/deps/@strudel_web.js?v=271342c3:10
[  238688ms] [LOG] %c[sampler] load sound "RolandTR808_rim:0:0".. background-color: black;color:white;border-radius:15px @ http://localhost:5201/node_modules/.vite/deps/@strudel_web.js?v=271342c3:10
[  238691ms] [LOG] %c[getTrigger] error: Failed to construct 'AudioWorkletNode': AudioWorkletNode cannot be created: AudioWorklet does not have a valid AudioWorkletGlobalScope. Load a script via audioWorklet.addModule() first. background-color: black;color:white;border-radius:15px @ http://localhost:5201/node_modules/.vite/deps/@strudel_web.js?v=271342c3:10
[  238793ms] [LOG] %c[sampler] load sound "RolandTR909_oh:0:0".. background-color: black;color:white;border-radius:15px @ http://localhost:5201/node_modules/.vite/deps/@strudel_web.js?v=271342c3:10
[  238875ms] [LOG] %c[sampler] load sound "RolandTR808_rim:0:0"... done! loaded 21.6 KiB in 186ms background-color: black;color:white;border-radius:15px @ http://localhost:5201/node_modules/.vite/deps/@strudel_web.js?v=271342c3:10
[  238877ms] [LOG] %c[sampler] loading sound "RolandTR808_rim:0" took too long background-color: black;color:white;border-radius:15px @ http://localhost:5201/node_modules/.vite/deps/@strudel_web.js?v=271342c3:10
[  238895ms] [LOG] %c[sampler] load sound "RolandTR909_hh:0:0"... done! loaded 20.7 KiB in 208ms background-color: black;color:white;border-radius:15px @ http://localhost:5201/node_modules/.vite/deps/@strudel_web.js?v=271342c3:10
[  238896ms] [LOG] %c[sampler] loading sound "RolandTR909_hh:0" took too long background-color: black;color:white;border-radius:15px @ http://localhost:5201/node_modules/.vite/deps/@strudel_web.js?v=271342c3:10
[  238908ms] [LOG] %c[sampler] load sound "RolandTR909_bd:0:0"... done! loaded 80.3 KiB in 221ms background-color: black;color:white;border-radius:15px @ http://localhost:5201/node_modules/.vite/deps/@strudel_web.js?v=271342c3:10
[  238911ms] [LOG] %c[sampler] loading sound "RolandTR909_bd:0" took too long background-color: black;color:white;border-radius:15px @ http://localhost:5201/node_modules/.vite/deps/@strudel_web.js?v=271342c3:10
[  238979ms] [LOG] %c[sampler] load sound "RolandTR909_oh:0:0"... done! loaded 133.2 KiB in 186ms background-color: black;color:white;border-radius:15px @ http://localhost:5201/node_modules/.vite/deps/@strudel_web.js?v=271342c3:10
[  239092ms] [LOG] %c[sampler] load sound "RolandTR909_cp:0:0".. background-color: black;color:white;border-radius:15px @ http://localhost:5201/node_modules/.vite/deps/@strudel_web.js?v=271342c3:10
[  239271ms] [LOG] %c[sampler] load sound "RolandTR909_cp:0:0"... done! loaded 132.8 KiB in 178ms background-color: black;color:white;border-radius:15px @ http://localhost:5201/node_modules/.vite/deps/@strudel_web.js?v=271342c3:10
[  239592ms] [LOG] %c[getTrigger] error: Failed to construct 'AudioWorkletNode': AudioWorkletNode cannot be created: AudioWorklet does not have a valid AudioWorkletGlobalScope. Load a script via audioWorklet.addModule() first. background-color: black;color:white;border-radius:15px @ http://localhost:5201/node_modules/.vite/deps/@strudel_web.js?v=271342c3:10
[  240695ms] [LOG] %c[getTrigger] error: Failed to construct 'AudioWorkletNode': AudioWorkletNode cannot be created: AudioWorklet does not have a valid AudioWorkletGlobalScope. Load a script via audioWorklet.addModule() first. background-color: black;color:white;border-radius:15px @ http://localhost:5201/node_modules/.vite/deps/@strudel_web.js?v=271342c3:10
[  240928ms] [LOG] %c[eval] code updated background-color: black;color:white;border-radius:15px @ http://localhost:5201/node_modules/.vite/deps/@strudel_web.js?v=271342c3:10
[  241994ms] [LOG] %c[getTrigger] error: Failed to construct 'AudioWorkletNode': AudioWorkletNode cannot be created: AudioWorklet does not have a valid AudioWorkletGlobalScope. Load a script via audioWorklet.addModule() first. background-color: black;color:white;border-radius:15px @ http://localhost:5201/node_modules/.vite/deps/@strudel_web.js?v=271342c3:10
[  243394ms] [LOG] %c[getTrigger] error: Failed to construct 'AudioWorkletNode': AudioWorkletNode cannot be created: AudioWorklet does not have a valid AudioWorkletGlobalScope. Load a script via audioWorklet.addModule() first. background-color: black;color:white;border-radius:15px @ http://localhost:5201/node_modules/.vite/deps/@strudel_web.js?v=271342c3:10
[  244693ms] [LOG] %c[getTrigger] error: Failed to construct 'AudioWorkletNode': AudioWorkletNode cannot be created: AudioWorklet does not have a valid AudioWorkletGlobalScope. Load a script via audioWorklet.addModule() first. background-color: black;color:white;border-radius:15px @ http://localhost:5201/node_modules/.vite/deps/@strudel_web.js?v=271342c3:10
[  246005ms] [LOG] %c[getTrigger] error: Failed to construct 'AudioWorkletNode': AudioWorkletNode cannot be created: AudioWorklet does not have a valid AudioWorkletGlobalScope. Load a script via audioWorklet.addModule() first. background-color: black;color:white;border-radius:15px @ http://localhost:5201/node_modules/.vite/deps/@strudel_web.js?v=271342c3:10
[  246217ms] [LOG] %c[eval] code updated background-color: black;color:white;border-radius:15px @ http://localhost:5201/node_modules/.vite/deps/@strudel_web.js?v=271342c3:10
[  247005ms] [LOG] %c[getTrigger] error: Failed to construct 'AudioWorkletNode': AudioWorkletNode cannot be created: AudioWorklet does not have a valid AudioWorkletGlobalScope. Load a script via audioWorklet.addModule() first. background-color: black;color:white;border-radius:15px @ http://localhost:5201/node_modules/.vite/deps/@strudel_web.js?v=271342c3:10
[  248162ms] [LOG] %c[eval] code updated background-color: black;color:white;border-radius:15px @ http://localhost:5201/node_modules/.vite/deps/@strudel_web.js?v=271342c3:10
[  248892ms] [LOG] %c[getTrigger] error: Failed to construct 'AudioWorkletNode': AudioWorkletNode cannot be created: AudioWorklet does not have a valid AudioWorkletGlobalScope. Load a script via audioWorklet.addModule() first. background-color: black;color:white;border-radius:15px @ http://localhost:5201/node_modules/.vite/deps/@strudel_web.js?v=271342c3:10
[  250034ms] [LOG] %c[eval] code updated background-color: black;color:white;border-radius:15px @ http://localhost:5201/node_modules/.vite/deps/@strudel_web.js?v=271342c3:10
[  250704ms] [LOG] %c[getTrigger] error: Failed to construct 'AudioWorkletNode': AudioWorkletNode cannot be created: AudioWorklet does not have a valid AudioWorkletGlobalScope. Load a script via audioWorklet.addModule() first. background-color: black;color:white;border-radius:15px @ http://localhost:5201/node_modules/.vite/deps/@strudel_web.js?v=271342c3:10
[  251725ms] [LOG] %c[eval] code updated background-color: black;color:white;border-radius:15px @ http://localhost:5201/node_modules/.vite/deps/@strudel_web.js?v=271342c3:10
[  252293ms] [LOG] %c[getTrigger] error: Failed to construct 'AudioWorkletNode': AudioWorkletNode cannot be created: AudioWorklet does not have a valid AudioWorkletGlobalScope. Load a script via audioWorklet.addModule() first. background-color: black;color:white;border-radius:15px @ http://localhost:5201/node_modules/.vite/deps/@strudel_web.js?v=271342c3:10
[  253153ms] [LOG] %c[eval] code updated background-color: black;color:white;border-radius:15px @ http://localhost:5201/node_modules/.vite/deps/@strudel_web.js?v=271342c3:10
[  253793ms] [LOG] %c[getTrigger] error: Failed to construct 'AudioWorkletNode': AudioWorkletNode cannot be created: AudioWorklet does not have a valid AudioWorkletGlobalScope. Load a script via audioWorklet.addModule() first. background-color: black;color:white;border-radius:15px @ http://localhost:5201/node_modules/.vite/deps/@strudel_web.js?v=271342c3:10
[  254785ms] [LOG] %c[eval] code updated background-color: black;color:white;border-radius:15px @ http://localhost:5201/node_modules/.vite/deps/@strudel_web.js?v=271342c3:10
[  254950ms] [LOG] %c[superdough] AudioWorklets loaded background-color: black;color:white;border-radius:15px @ http://localhost:5201/node_modules/.vite/deps/@strudel_web.js?v=271342c3:10
[  254950ms] [LOG] %c[superdough] ready background-color: black;color:white;border-radius:15px @ http://localhost:5201/node_modules/.vite/deps/@strudel_web.js?v=271342c3:10
[  254992ms] [LOG] %c[sampler] load sound "RolandTR808_sd:0:0".. background-color: black;color:white;border-radius:15px @ http://localhost:5201/node_modules/.vite/deps/@strudel_web.js?v=271342c3:10
[  255165ms] [LOG] %c[sampler] load sound "RolandTR808_sd:0:0"... done! loaded 21.6 KiB in 174ms background-color: black;color:white;border-radius:15px @ http://localhost:5201/node_modules/.vite/deps/@strudel_web.js?v=271342c3:10
