[     508ms] [LOG] %c🌀 @strudel/core loaded 🌀 background-color: black;color:white;border-radius:15px @ http://localhost:5199/node_modules/.vite/deps/@strudel_web.js?v=3a790751:10
[   11784ms] [LOG] %c[superdough] AudioWorklets loaded background-color: black;color:white;border-radius:15px @ http://localhost:5199/node_modules/.vite/deps/@strudel_web.js?v=3a790751:10
[   11784ms] [LOG] %c[superdough] ready background-color: black;color:white;border-radius:15px @ http://localhost:5199/node_modules/.vite/deps/@strudel_web.js?v=3a790751:10
[   16183ms] [LOG] %c[eval] code updated background-color: black;color:white;border-radius:15px @ http://localhost:5199/node_modules/.vite/deps/@strudel_web.js?v=3a790751:10
[   16183ms] [LOG] %c[cyclist] start background-color: black;color:white;border-radius:15px @ http://localhost:5199/node_modules/.vite/deps/@strudel_web.js?v=3a790751:10
[   16186ms] [LOG] %c[getTrigger] error: sound bd not found! Is it loaded? background-color: black;color:white;border-radius:15px @ http://localhost:5199/node_modules/.vite/deps/@strudel_web.js?v=3a790751:10
[   17589ms] [LOG] %c[getTrigger] error: sound bd not found! Is it loaded? background-color: black;color:white;border-radius:15px @ http://localhost:5199/node_modules/.vite/deps/@strudel_web.js?v=3a790751:10
[   18324ms] [LOG] %c[eval] code updated background-color: black;color:white;border-radius:15px @ http://localhost:5199/node_modules/.vite/deps/@strudel_web.js?v=3a790751:10
[   18589ms] [LOG] %c[getTrigger] error: sound bd not found! Is it loaded? background-color: black;color:white;border-radius:15px @ http://localhost:5199/node_modules/.vite/deps/@strudel_web.js?v=3a790751:10
[   19689ms] [LOG] %c[getTrigger] error: sound bd not found! Is it loaded? background-color: black;color:white;border-radius:15px @ http://localhost:5199/node_modules/.vite/deps/@strudel_web.js?v=3a790751:10
[   20378ms] [LOG] %c[eval] code updated background-color: black;color:white;border-radius:15px @ http://localhost:5199/node_modules/.vite/deps/@strudel_web.js?v=3a790751:10
[   20688ms] [LOG] %c[getTrigger] error: sound bd not found! Is it loaded? background-color: black;color:white;border-radius:15px @ http://localhost:5199/node_modules/.vite/deps/@strudel_web.js?v=3a790751:10
[   21688ms] [LOG] %c[getTrigger] error: sound bd not found! Is it loaded? background-color: black;color:white;border-radius:15px @ http://localhost:5199/node_modules/.vite/deps/@strudel_web.js?v=3a790751:10
[   22420ms] [LOG] %c[eval] code updated background-color: black;color:white;border-radius:15px @ http://localhost:5199/node_modules/.vite/deps/@strudel_web.js?v=3a790751:10
[   22688ms] [LOG] %c[getTrigger] error: sound bd not found! Is it loaded? background-color: black;color:white;border-radius:15px @ http://localhost:5199/node_modules/.vite/deps/@strudel_web.js?v=3a790751:10
[   23689ms] [LOG] %c[getTrigger] error: sound bd not found! Is it loaded? background-color: black;color:white;border-radius:15px @ http://localhost:5199/node_modules/.vite/deps/@strudel_web.js?v=3a790751:10
[   24447ms] [LOG] %c[eval] code updated background-color: black;color:white;border-radius:15px @ http://localhost:5199/node_modules/.vite/deps/@strudel_web.js?v=3a790751:10
[   24788ms] [LOG] %c[getTrigger] error: sound bd not found! Is it loaded? background-color: black;color:white;border-radius:15px @ http://localhost:5199/node_modules/.vite/deps/@strudel_web.js?v=3a790751:10
[   26289ms] [LOG] %c[getTrigger] error: sound bd not found! Is it loaded? background-color: black;color:white;border-radius:15px @ http://localhost:5199/node_modules/.vite/deps/@strudel_web.js?v=3a790751:10
[   26476ms] [LOG] %c[eval] code updated background-color: black;color:white;border-radius:15px @ http://localhost:5199/node_modules/.vite/deps/@strudel_web.js?v=3a790751:10
[   26788ms] [LOG] %c[getTrigger] error: sound bd not found! Is it loaded? background-color: black;color:white;border-radius:15px @ http://localhost:5199/node_modules/.vite/deps/@strudel_web.js?v=3a790751:10
[   27788ms] [LOG] %c[getTrigger] error: sound bd not found! Is it loaded? background-color: black;color:white;border-radius:15px @ http://localhost:5199/node_modules/.vite/deps/@strudel_web.js?v=3a790751:10
[   28494ms] [LOG] %c[eval] code updated background-color: black;color:white;border-radius:15px @ http://localhost:5199/node_modules/.vite/deps/@strudel_web.js?v=3a790751:10
[   30188ms] [LOG] %c[getTrigger] error: sound bd not found! Is it loaded? background-color: black;color:white;border-radius:15px @ http://localhost:5199/node_modules/.vite/deps/@strudel_web.js?v=3a790751:10
[   30415ms] [LOG] %c[eval] code updated background-color: black;color:white;border-radius:15px @ http://localhost:5199/node_modules/.vite/deps/@strudel_web.js?v=3a790751:10
[   31188ms] [LOG] %c[getTrigger] error: sound bd not found! Is it loaded? background-color: black;color:white;border-radius:15px @ http://localhost:5199/node_modules/.vite/deps/@strudel_web.js?v=3a790751:10
[   32188ms] [LOG] %c[getTrigger] error: sound bd not found! Is it loaded? background-color: black;color:white;border-radius:15px @ http://localhost:5199/node_modules/.vite/deps/@strudel_web.js?v=3a790751:10
[   32428ms] [LOG] %c[cyclist] stop background-color: black;color:white;border-radius:15px @ http://localhost:5199/node_modules/.vite/deps/@strudel_web.js?v=3a790751:10
