[      97ms] [LOG] %c🌀 @strudel/core loaded 🌀 background-color: black;color:white;border-radius:15px @ http://localhost:5203/node_modules/.vite/deps/@strudel_web.js?v=271342c3:10
[     115ms] [VERBOSE] [DOM] Password field is not contained in a form: (More info: https://goo.gl/9p2vKq) %o @ http://localhost:5203/:0
[  104587ms] [LOG] %c🌀 @strudel/core loaded 🌀 background-color: black;color:white;border-radius:15px @ http://localhost:5203/node_modules/.vite/deps/@strudel_web.js?v=271342c3:10
[  104605ms] [VERBOSE] [DOM] Password field is not contained in a form: (More info: https://goo.gl/9p2vKq) %o @ http://localhost:5203/:0
[  108885ms] [LOG] %c[superdough] AudioWorklets loaded background-color: black;color:white;border-radius:15px @ http://localhost:5203/node_modules/.vite/deps/@strudel_web.js?v=271342c3:10
[  108885ms] [LOG] %c[superdough] ready background-color: black;color:white;border-radius:15px @ http://localhost:5203/node_modules/.vite/deps/@strudel_web.js?v=271342c3:10
[  109082ms] [LOG] %c[eval] code updated background-color: black;color:white;border-radius:15px @ http://localhost:5203/node_modules/.vite/deps/@strudel_web.js?v=271342c3:10
[  109083ms] [LOG] %c[cyclist] start background-color: black;color:white;border-radius:15px @ http://localhost:5203/node_modules/.vite/deps/@strudel_web.js?v=271342c3:10
[  111816ms] [LOG] %c[eval] code updated background-color: black;color:white;border-radius:15px @ http://localhost:5203/node_modules/.vite/deps/@strudel_web.js?v=271342c3:10
[  114036ms] [LOG] %c[eval] code updated background-color: black;color:white;border-radius:15px @ http://localhost:5203/node_modules/.vite/deps/@strudel_web.js?v=271342c3:10
[  115689ms] [LOG] %c[sampler] load sound "RolandTR909_bd:0:0".. background-color: black;color:white;border-radius:15px @ http://localhost:5203/node_modules/.vite/deps/@strudel_web.js?v=271342c3:10
[  115693ms] [LOG] %c[sampler] load sound "RolandTR909_bd:0:0"... done! loaded 80.3 KiB in 5ms background-color: black;color:white;border-radius:15px @ http://localhost:5203/node_modules/.vite/deps/@strudel_web.js?v=271342c3:10
[  115943ms] [LOG] %c[eval] code updated background-color: black;color:white;border-radius:15px @ http://localhost:5203/node_modules/.vite/deps/@strudel_web.js?v=271342c3:10
[  117619ms] [LOG] %c[eval] code updated background-color: black;color:white;border-radius:15px @ http://localhost:5203/node_modules/.vite/deps/@strudel_web.js?v=271342c3:10
[  117688ms] [LOG] %c[sampler] load sound "RolandTR909_hh:0:0".. background-color: black;color:white;border-radius:15px @ http://localhost:5203/node_modules/.vite/deps/@strudel_web.js?v=271342c3:10
[  117692ms] [LOG] %c[sampler] load sound "RolandTR909_hh:0:0"... done! loaded 20.7 KiB in 3ms background-color: black;color:white;border-radius:15px @ http://localhost:5203/node_modules/.vite/deps/@strudel_web.js?v=271342c3:10
[  117988ms] [LOG] %c[sampler] load sound "RolandTR909_oh:0:0".. background-color: black;color:white;border-radius:15px @ http://localhost:5203/node_modules/.vite/deps/@strudel_web.js?v=271342c3:10
[  117991ms] [LOG] %c[sampler] load sound "RolandTR909_oh:0:0"... done! loaded 133.2 KiB in 3ms background-color: black;color:white;border-radius:15px @ http://localhost:5203/node_modules/.vite/deps/@strudel_web.js?v=271342c3:10
[  119275ms] [LOG] %c[eval] code updated background-color: black;color:white;border-radius:15px @ http://localhost:5203/node_modules/.vite/deps/@strudel_web.js?v=271342c3:10
[  122122ms] [LOG] %c[eval] code updated background-color: black;color:white;border-radius:15px @ http://localhost:5203/node_modules/.vite/deps/@strudel_web.js?v=271342c3:10
[  122289ms] [LOG] %c[sampler] load sound "RolandTR909_cp:0:0".. background-color: black;color:white;border-radius:15px @ http://localhost:5203/node_modules/.vite/deps/@strudel_web.js?v=271342c3:10
[  122303ms] [LOG] %c[sampler] load sound "RolandTR909_cp:0:0"... done! loaded 132.8 KiB in 14ms background-color: black;color:white;border-radius:15px @ http://localhost:5203/node_modules/.vite/deps/@strudel_web.js?v=271342c3:10
[  122589ms] [LOG] %c[sampler] load sound "RolandTR808_rim:0:0".. background-color: black;color:white;border-radius:15px @ http://localhost:5203/node_modules/.vite/deps/@strudel_web.js?v=271342c3:10
[  122591ms] [LOG] %c[sampler] load sound "RolandTR808_rim:0:0"... done! loaded 21.6 KiB in 3ms background-color: black;color:white;border-radius:15px @ http://localhost:5203/node_modules/.vite/deps/@strudel_web.js?v=271342c3:10
[  127775ms] [LOG] %c[eval] code updated background-color: black;color:white;border-radius:15px @ http://localhost:5203/node_modules/.vite/deps/@strudel_web.js?v=271342c3:10
[  129186ms] [LOG] %c[eval] code updated background-color: black;color:white;border-radius:15px @ http://localhost:5203/node_modules/.vite/deps/@strudel_web.js?v=271342c3:10
[  133423ms] [LOG] %c[eval] code updated background-color: black;color:white;border-radius:15px @ http://localhost:5203/node_modules/.vite/deps/@strudel_web.js?v=271342c3:10
[  134831ms] [LOG] %c[eval] code updated background-color: black;color:white;border-radius:15px @ http://localhost:5203/node_modules/.vite/deps/@strudel_web.js?v=271342c3:10
[  136245ms] [LOG] %c[eval] code updated background-color: black;color:white;border-radius:15px @ http://localhost:5203/node_modules/.vite/deps/@strudel_web.js?v=271342c3:10
[  137653ms] [LOG] %c[eval] code updated background-color: black;color:white;border-radius:15px @ http://localhost:5203/node_modules/.vite/deps/@strudel_web.js?v=271342c3:10
[  139067ms] [LOG] %c[eval] code updated background-color: black;color:white;border-radius:15px @ http://localhost:5203/node_modules/.vite/deps/@strudel_web.js?v=271342c3:10
[  140481ms] [LOG] %c[eval] code updated background-color: black;color:white;border-radius:15px @ http://localhost:5203/node_modules/.vite/deps/@strudel_web.js?v=271342c3:10
[  141912ms] [LOG] %c[eval] code updated background-color: black;color:white;border-radius:15px @ http://localhost:5203/node_modules/.vite/deps/@strudel_web.js?v=271342c3:10
[  143302ms] [LOG] %c[eval] code updated background-color: black;color:white;border-radius:15px @ http://localhost:5203/node_modules/.vite/deps/@strudel_web.js?v=271342c3:10
[  144715ms] [LOG] %c[eval] code updated background-color: black;color:white;border-radius:15px @ http://localhost:5203/node_modules/.vite/deps/@strudel_web.js?v=271342c3:10
[  144888ms] [LOG] %c[sampler] load sound "RolandTR808_sd:0:0".. background-color: black;color:white;border-radius:15px @ http://localhost:5203/node_modules/.vite/deps/@strudel_web.js?v=271342c3:10
[  145051ms] [LOG] %c[sampler] load sound "RolandTR808_sd:0:0"... done! loaded 21.6 KiB in 162ms background-color: black;color:white;border-radius:15px @ http://localhost:5203/node_modules/.vite/deps/@strudel_web.js?v=271342c3:10
[  146125ms] [LOG] %c[eval] code updated background-color: black;color:white;border-radius:15px @ http://localhost:5203/node_modules/.vite/deps/@strudel_web.js?v=271342c3:10
[  147540ms] [LOG] %c[eval] code updated background-color: black;color:white;border-radius:15px @ http://localhost:5203/node_modules/.vite/deps/@strudel_web.js?v=271342c3:10
[  148950ms] [LOG] %c[eval] code updated background-color: black;color:white;border-radius:15px @ http://localhost:5203/node_modules/.vite/deps/@strudel_web.js?v=271342c3:10
[  149449ms] [LOG] %c🌀 @strudel/core loaded 🌀 background-color: black;color:white;border-radius:15px @ http://localhost:5202/node_modules/.vite/deps/@strudel_web.js?v=271342c3:10
[  149472ms] [VERBOSE] [DOM] Password field is not contained in a form: (More info: https://goo.gl/9p2vKq) %o @ http://localhost:5202/:0
[  149748ms] [LOG] %c🌀 @strudel/core loaded 🌀 background-color: black;color:white;border-radius:15px @ http://localhost:5203/node_modules/.vite/deps/@strudel_web.js?v=271342c3:10
[  149766ms] [VERBOSE] [DOM] Password field is not contained in a form: (More info: https://goo.gl/9p2vKq) %o @ http://localhost:5203/:0
[  168741ms] [LOG] %c🌀 @strudel/core loaded 🌀 background-color: black;color:white;border-radius:15px @ http://localhost:5203/node_modules/.vite/deps/@strudel_web.js?v=271342c3:10
[  168759ms] [VERBOSE] [DOM] Password field is not contained in a form: (More info: https://goo.gl/9p2vKq) %o @ http://localhost:5203/:0
[  215896ms] [LOG] %c🌀 @strudel/core loaded 🌀 background-color: black;color:white;border-radius:15px @ http://localhost:5203/node_modules/.vite/deps/@strudel_web.js?v=271342c3:10
[  215914ms] [VERBOSE] [DOM] Password field is not contained in a form: (More info: https://goo.gl/9p2vKq) %o @ http://localhost:5203/:0
[  239153ms] [LOG] %c🌀 @strudel/core loaded 🌀 background-color: black;color:white;border-radius:15px @ http://localhost:5203/node_modules/.vite/deps/@strudel_web.js?v=271342c3:10
[  239170ms] [VERBOSE] [DOM] Password field is not contained in a form: (More info: https://goo.gl/9p2vKq) %o @ http://localhost:5203/:0
[  249006ms] [LOG] %c🌀 @strudel/core loaded 🌀 background-color: black;color:white;border-radius:15px @ http://localhost:5203/node_modules/.vite/deps/@strudel_web.js?v=271342c3:10
[  249024ms] [VERBOSE] [DOM] Password field is not contained in a form: (More info: https://goo.gl/9p2vKq) %o @ http://localhost:5203/:0
[  254349ms] [LOG] %c🌀 @strudel/core loaded 🌀 background-color: black;color:white;border-radius:15px @ http://localhost:5203/node_modules/.vite/deps/@strudel_web.js?v=271342c3:10
[  254367ms] [VERBOSE] [DOM] Password field is not contained in a form: (More info: https://goo.gl/9p2vKq) %o @ http://localhost:5203/:0
[  265358ms] [LOG] %c🌀 @strudel/core loaded 🌀 background-color: black;color:white;border-radius:15px @ http://localhost:5203/node_modules/.vite/deps/@strudel_web.js?v=271342c3:10
[  265376ms] [VERBOSE] [DOM] Password field is not contained in a form: (More info: https://goo.gl/9p2vKq) %o @ http://localhost:5203/:0
[  270734ms] [LOG] %c🌀 @strudel/core loaded 🌀 background-color: black;color:white;border-radius:15px @ http://localhost:5203/node_modules/.vite/deps/@strudel_web.js?v=271342c3:10
[  270751ms] [VERBOSE] [DOM] Password field is not contained in a form: (More info: https://goo.gl/9p2vKq) %o @ http://localhost:5203/:0
