[     333ms] [LOG] %c🌀 @strudel/core loaded 🌀 background-color: black;color:white;border-radius:15px @ http://localhost:5204/node_modules/.vite/deps/@strudel_web.js?v=271342c3:10
[     356ms] [VERBOSE] [DOM] Password field is not contained in a form: (More info: https://goo.gl/9p2vKq) %o @ http://localhost:5204/:0
[    8507ms] [LOG] %c[superdough] AudioWorklets loaded background-color: black;color:white;border-radius:15px @ http://localhost:5204/node_modules/.vite/deps/@strudel_web.js?v=271342c3:10
[    8507ms] [LOG] %c[superdough] ready background-color: black;color:white;border-radius:15px @ http://localhost:5204/node_modules/.vite/deps/@strudel_web.js?v=271342c3:10
[    8606ms] [LOG] %c[eval] code updated background-color: black;color:white;border-radius:15px @ http://localhost:5204/node_modules/.vite/deps/@strudel_web.js?v=271342c3:10
[    8606ms] [LOG] %c[cyclist] start background-color: black;color:white;border-radius:15px @ http://localhost:5204/node_modules/.vite/deps/@strudel_web.js?v=271342c3:10
[   11336ms] [LOG] %c[eval] code updated background-color: black;color:white;border-radius:15px @ http://localhost:5204/node_modules/.vite/deps/@strudel_web.js?v=271342c3:10
[   13281ms] [LOG] %c[eval] code updated background-color: black;color:white;border-radius:15px @ http://localhost:5204/node_modules/.vite/deps/@strudel_web.js?v=271342c3:10
[   14916ms] [LOG] %c[sampler] load sound "RolandTR909_bd:0:0".. background-color: black;color:white;border-radius:15px @ http://localhost:5204/node_modules/.vite/deps/@strudel_web.js?v=271342c3:10
[   15143ms] [LOG] %c[sampler] load sound "RolandTR909_bd:0:0"... done! loaded 80.3 KiB in 226ms background-color: black;color:white;border-radius:15px @ http://localhost:5204/node_modules/.vite/deps/@strudel_web.js?v=271342c3:10
[   15152ms] [LOG] %c[eval] code updated background-color: black;color:white;border-radius:15px @ http://localhost:5204/node_modules/.vite/deps/@strudel_web.js?v=271342c3:10
[   17028ms] [LOG] %c[eval] code updated background-color: black;color:white;border-radius:15px @ http://localhost:5204/node_modules/.vite/deps/@strudel_web.js?v=271342c3:10
[   17215ms] [LOG] %c[sampler] load sound "RolandTR909_hh:0:0".. background-color: black;color:white;border-radius:15px @ http://localhost:5204/node_modules/.vite/deps/@strudel_web.js?v=271342c3:10
[   17410ms] [LOG] %c[sampler] load sound "RolandTR909_hh:0:0"... done! loaded 20.7 KiB in 195ms background-color: black;color:white;border-radius:15px @ http://localhost:5204/node_modules/.vite/deps/@strudel_web.js?v=271342c3:10
[   17514ms] [LOG] %c[sampler] load sound "RolandTR909_oh:0:0".. background-color: black;color:white;border-radius:15px @ http://localhost:5204/node_modules/.vite/deps/@strudel_web.js?v=271342c3:10
[   17681ms] [LOG] %c[sampler] load sound "RolandTR909_oh:0:0"... done! loaded 133.2 KiB in 167ms background-color: black;color:white;border-radius:15px @ http://localhost:5204/node_modules/.vite/deps/@strudel_web.js?v=271342c3:10
[   20781ms] [LOG] %c[eval] code updated background-color: black;color:white;border-radius:15px @ http://localhost:5204/node_modules/.vite/deps/@strudel_web.js?v=271342c3:10
[   21015ms] [LOG] %c[sampler] load sound "RolandTR909_cp:0:0".. background-color: black;color:white;border-radius:15px @ http://localhost:5204/node_modules/.vite/deps/@strudel_web.js?v=271342c3:10
[   21189ms] [LOG] %c[sampler] load sound "RolandTR909_cp:0:0"... done! loaded 132.8 KiB in 174ms background-color: black;color:white;border-radius:15px @ http://localhost:5204/node_modules/.vite/deps/@strudel_web.js?v=271342c3:10
[   22015ms] [LOG] %c[sampler] load sound "RolandTR808_rim:0:0".. background-color: black;color:white;border-radius:15px @ http://localhost:5204/node_modules/.vite/deps/@strudel_web.js?v=271342c3:10
[   22214ms] [LOG] %c[sampler] load sound "RolandTR808_rim:0:0"... done! loaded 21.6 KiB in 198ms background-color: black;color:white;border-radius:15px @ http://localhost:5204/node_modules/.vite/deps/@strudel_web.js?v=271342c3:10
[   24528ms] [LOG] %c[eval] code updated background-color: black;color:white;border-radius:15px @ http://localhost:5204/node_modules/.vite/deps/@strudel_web.js?v=271342c3:10
[   32030ms] [LOG] %c[eval] code updated background-color: black;color:white;border-radius:15px @ http://localhost:5204/node_modules/.vite/deps/@strudel_web.js?v=271342c3:10
[   35784ms] [LOG] %c[eval] code updated background-color: black;color:white;border-radius:15px @ http://localhost:5204/node_modules/.vite/deps/@strudel_web.js?v=271342c3:10
[   41043ms] [LOG] %c[eval] code updated background-color: black;color:white;border-radius:15px @ http://localhost:5204/node_modules/.vite/deps/@strudel_web.js?v=271342c3:10
[   41518ms] [LOG] %c🌀 @strudel/core loaded 🌀 background-color: black;color:white;border-radius:15px @ http://localhost:5204/node_modules/.vite/deps/@strudel_web.js?v=271342c3:10
[   41540ms] [VERBOSE] [DOM] Password field is not contained in a form: (More info: https://goo.gl/9p2vKq) %o @ http://localhost:5204/:0
[   43043ms] [LOG] %c[eval] code updated background-color: black;color:white;border-radius:15px @ http://localhost:5204/node_modules/.vite/deps/@strudel_web.js?v=271342c3:10
[   43043ms] [LOG] %c[cyclist] start background-color: black;color:white;border-radius:15px @ http://localhost:5204/node_modules/.vite/deps/@strudel_web.js?v=271342c3:10
[   44889ms] [LOG] %c[superdough] AudioWorklets loaded background-color: black;color:white;border-radius:15px @ http://localhost:5204/node_modules/.vite/deps/@strudel_web.js?v=271342c3:10
[   44889ms] [LOG] %c[superdough] ready background-color: black;color:white;border-radius:15px @ http://localhost:5204/node_modules/.vite/deps/@strudel_web.js?v=271342c3:10
[   48494ms] [LOG] %c[eval] code updated background-color: black;color:white;border-radius:15px @ http://localhost:5204/node_modules/.vite/deps/@strudel_web.js?v=271342c3:10
[   49254ms] [LOG] %c[sampler] load sound "RolandTR909_bd:0:0".. background-color: black;color:white;border-radius:15px @ http://localhost:5204/node_modules/.vite/deps/@strudel_web.js?v=271342c3:10
[   49258ms] [LOG] %c[sampler] load sound "RolandTR909_bd:0:0"... done! loaded 80.3 KiB in 4ms background-color: black;color:white;border-radius:15px @ http://localhost:5204/node_modules/.vite/deps/@strudel_web.js?v=271342c3:10
[   50436ms] [LOG] %c[eval] code updated background-color: black;color:white;border-radius:15px @ http://localhost:5204/node_modules/.vite/deps/@strudel_web.js?v=271342c3:10
[   52311ms] [LOG] %c[eval] code updated background-color: black;color:white;border-radius:15px @ http://localhost:5204/node_modules/.vite/deps/@strudel_web.js?v=271342c3:10
[   52356ms] [LOG] %c[sampler] load sound "RolandTR909_oh:0:0".. background-color: black;color:white;border-radius:15px @ http://localhost:5204/node_modules/.vite/deps/@strudel_web.js?v=271342c3:10
[   52359ms] [LOG] %c[sampler] load sound "RolandTR909_oh:0:0"... done! loaded 133.2 KiB in 3ms background-color: black;color:white;border-radius:15px @ http://localhost:5204/node_modules/.vite/deps/@strudel_web.js?v=271342c3:10
[   52473ms] [LOG] %c[sampler] load sound "RolandTR909_hh:0:0".. background-color: black;color:white;border-radius:15px @ http://localhost:5204/node_modules/.vite/deps/@strudel_web.js?v=271342c3:10
[   52475ms] [LOG] %c[sampler] load sound "RolandTR909_hh:0:0"... done! loaded 20.7 KiB in 2ms background-color: black;color:white;border-radius:15px @ http://localhost:5204/node_modules/.vite/deps/@strudel_web.js?v=271342c3:10
[   56079ms] [LOG] %c[eval] code updated background-color: black;color:white;border-radius:15px @ http://localhost:5204/node_modules/.vite/deps/@strudel_web.js?v=271342c3:10
[   56359ms] [LOG] %c[sampler] load sound "RolandTR909_cp:0:0".. background-color: black;color:white;border-radius:15px @ http://localhost:5204/node_modules/.vite/deps/@strudel_web.js?v=271342c3:10
[   56364ms] [LOG] %c[sampler] load sound "RolandTR909_cp:0:0"... done! loaded 132.8 KiB in 5ms background-color: black;color:white;border-radius:15px @ http://localhost:5204/node_modules/.vite/deps/@strudel_web.js?v=271342c3:10
[   57260ms] [LOG] %c[sampler] load sound "RolandTR808_rim:0:0".. background-color: black;color:white;border-radius:15px @ http://localhost:5204/node_modules/.vite/deps/@strudel_web.js?v=271342c3:10
[   57262ms] [LOG] %c[sampler] load sound "RolandTR808_rim:0:0"... done! loaded 21.6 KiB in 3ms background-color: black;color:white;border-radius:15px @ http://localhost:5204/node_modules/.vite/deps/@strudel_web.js?v=271342c3:10
[   57944ms] [LOG] %c[eval] code updated background-color: black;color:white;border-radius:15px @ http://localhost:5204/node_modules/.vite/deps/@strudel_web.js?v=271342c3:10
[   61693ms] [LOG] %c[eval] code updated background-color: black;color:white;border-radius:15px @ http://localhost:5204/node_modules/.vite/deps/@strudel_web.js?v=271342c3:10
[   63569ms] [LOG] %c[eval] code updated background-color: black;color:white;border-radius:15px @ http://localhost:5204/node_modules/.vite/deps/@strudel_web.js?v=271342c3:10
[   67317ms] [LOG] %c[eval] code updated background-color: black;color:white;border-radius:15px @ http://localhost:5204/node_modules/.vite/deps/@strudel_web.js?v=271342c3:10
[   69199ms] [LOG] %c[eval] code updated background-color: black;color:white;border-radius:15px @ http://localhost:5204/node_modules/.vite/deps/@strudel_web.js?v=271342c3:10
[   76695ms] [LOG] %c[eval] code updated background-color: black;color:white;border-radius:15px @ http://localhost:5204/node_modules/.vite/deps/@strudel_web.js?v=271342c3:10
[   78577ms] [LOG] %c[eval] code updated background-color: black;color:white;border-radius:15px @ http://localhost:5204/node_modules/.vite/deps/@strudel_web.js?v=271342c3:10
[   78867ms] [LOG] %c[sampler] load sound "RolandTR808_sd:0:0".. background-color: black;color:white;border-radius:15px @ http://localhost:5204/node_modules/.vite/deps/@strudel_web.js?v=271342c3:10
[   78871ms] [LOG] %c[sampler] load sound "RolandTR808_sd:0:0"... done! loaded 21.6 KiB in 4ms background-color: black;color:white;border-radius:15px @ http://localhost:5204/node_modules/.vite/deps/@strudel_web.js?v=271342c3:10
[   85986ms] [LOG] %c🌀 @strudel/core loaded 🌀 background-color: black;color:white;border-radius:15px @ http://localhost:5204/node_modules/.vite/deps/@strudel_web.js?v=271342c3:10
[   86004ms] [VERBOSE] [DOM] Password field is not contained in a form: (More info: https://goo.gl/9p2vKq) %o @ http://localhost:5204/:0
[   95137ms] [LOG] %c[eval] code updated background-color: black;color:white;border-radius:15px @ http://localhost:5204/node_modules/.vite/deps/@strudel_web.js?v=271342c3:10
[   95137ms] [LOG] %c[cyclist] start background-color: black;color:white;border-radius:15px @ http://localhost:5204/node_modules/.vite/deps/@strudel_web.js?v=271342c3:10
[   96135ms] [LOG] %c[superdough] AudioWorklets loaded background-color: black;color:white;border-radius:15px @ http://localhost:5204/node_modules/.vite/deps/@strudel_web.js?v=271342c3:10
[   96135ms] [LOG] %c[superdough] ready background-color: black;color:white;border-radius:15px @ http://localhost:5204/node_modules/.vite/deps/@strudel_web.js?v=271342c3:10
[   97871ms] [LOG] %c[eval] code updated background-color: black;color:white;border-radius:15px @ http://localhost:5204/node_modules/.vite/deps/@strudel_web.js?v=271342c3:10
[   99858ms] [LOG] %c[eval] code updated background-color: black;color:white;border-radius:15px @ http://localhost:5204/node_modules/.vite/deps/@strudel_web.js?v=271342c3:10
[  100543ms] [LOG] %c[sampler] load sound "RolandTR909_hh:0:0".. background-color: black;color:white;border-radius:15px @ http://localhost:5204/node_modules/.vite/deps/@strudel_web.js?v=271342c3:10
[  100547ms] [LOG] %c[sampler] load sound "RolandTR909_hh:0:0"... done! loaded 20.7 KiB in 3ms background-color: black;color:white;border-radius:15px @ http://localhost:5204/node_modules/.vite/deps/@strudel_web.js?v=271342c3:10
[  105483ms] [LOG] %c[eval] code updated background-color: black;color:white;border-radius:15px @ http://localhost:5204/node_modules/.vite/deps/@strudel_web.js?v=271342c3:10
[  107359ms] [LOG] %c[eval] code updated background-color: black;color:white;border-radius:15px @ http://localhost:5204/node_modules/.vite/deps/@strudel_web.js?v=271342c3:10
[  111108ms] [LOG] %c[eval] code updated background-color: black;color:white;border-radius:15px @ http://localhost:5204/node_modules/.vite/deps/@strudel_web.js?v=271342c3:10
[  112983ms] [LOG] %c[eval] code updated background-color: black;color:white;border-radius:15px @ http://localhost:5204/node_modules/.vite/deps/@strudel_web.js?v=271342c3:10
[  118609ms] [LOG] %c[eval] code updated background-color: black;color:white;border-radius:15px @ http://localhost:5204/node_modules/.vite/deps/@strudel_web.js?v=271342c3:10
[  118643ms] [LOG] %c[sampler] load sound "RolandTR909_oh:0:0".. background-color: black;color:white;border-radius:15px @ http://localhost:5204/node_modules/.vite/deps/@strudel_web.js?v=271342c3:10
[  118647ms] [LOG] %c[sampler] load sound "RolandTR909_oh:0:0"... done! loaded 133.2 KiB in 3ms background-color: black;color:white;border-radius:15px @ http://localhost:5204/node_modules/.vite/deps/@strudel_web.js?v=271342c3:10
[  119643ms] [LOG] %c[sampler] load sound "RolandTR909_bd:0:0".. background-color: black;color:white;border-radius:15px @ http://localhost:5204/node_modules/.vite/deps/@strudel_web.js?v=271342c3:10
[  119646ms] [LOG] %c[sampler] load sound "RolandTR909_bd:0:0"... done! loaded 80.3 KiB in 3ms background-color: black;color:white;border-radius:15px @ http://localhost:5204/node_modules/.vite/deps/@strudel_web.js?v=271342c3:10
[  121225ms] [LOG] %c[eval] code updated background-color: black;color:white;border-radius:15px @ http://localhost:5204/node_modules/.vite/deps/@strudel_web.js?v=271342c3:10
[  121443ms] [LOG] %c[sampler] load sound "RolandTR909_cp:0:0".. background-color: black;color:white;border-radius:15px @ http://localhost:5204/node_modules/.vite/deps/@strudel_web.js?v=271342c3:10
[  121445ms] [LOG] %c[sampler] load sound "RolandTR909_cp:0:0"... done! loaded 132.8 KiB in 1ms background-color: black;color:white;border-radius:15px @ http://localhost:5204/node_modules/.vite/deps/@strudel_web.js?v=271342c3:10
[  123144ms] [LOG] %c[eval] code updated background-color: black;color:white;border-radius:15px @ http://localhost:5204/node_modules/.vite/deps/@strudel_web.js?v=271342c3:10
[  125004ms] [LOG] %c[eval] code updated background-color: black;color:white;border-radius:15px @ http://localhost:5204/node_modules/.vite/deps/@strudel_web.js?v=271342c3:10
[  126876ms] [LOG] %c[eval] code updated background-color: black;color:white;border-radius:15px @ http://localhost:5204/node_modules/.vite/deps/@strudel_web.js?v=271342c3:10
[  129027ms] [LOG] %c[eval] code updated background-color: black;color:white;border-radius:15px @ http://localhost:5204/node_modules/.vite/deps/@strudel_web.js?v=271342c3:10
[  133387ms] [LOG] %c[eval] code updated background-color: black;color:white;border-radius:15px @ http://localhost:5204/node_modules/.vite/deps/@strudel_web.js?v=271342c3:10
[  135293ms] [LOG] %c[eval] code updated background-color: black;color:white;border-radius:15px @ http://localhost:5204/node_modules/.vite/deps/@strudel_web.js?v=271342c3:10
[  137443ms] [LOG] %c[eval] code updated background-color: black;color:white;border-radius:15px @ http://localhost:5204/node_modules/.vite/deps/@strudel_web.js?v=271342c3:10
[  140322ms] [LOG] %c[eval] code updated background-color: black;color:white;border-radius:15px @ http://localhost:5204/node_modules/.vite/deps/@strudel_web.js?v=271342c3:10
[  140844ms] [LOG] %c[sampler] load sound "RolandTR808_rim:0:0".. background-color: black;color:white;border-radius:15px @ http://localhost:5204/node_modules/.vite/deps/@strudel_web.js?v=271342c3:10
[  140848ms] [LOG] %c[sampler] load sound "RolandTR808_rim:0:0"... done! loaded 21.6 KiB in 3ms background-color: black;color:white;border-radius:15px @ http://localhost:5204/node_modules/.vite/deps/@strudel_web.js?v=271342c3:10
[  143146ms] [LOG] %c[eval] code updated background-color: black;color:white;border-radius:15px @ http://localhost:5204/node_modules/.vite/deps/@strudel_web.js?v=271342c3:10
