[     120ms] [LOG] %c🌀 @strudel/core loaded 🌀 background-color: black;color:white;border-radius:15px @ http://localhost:5208/node_modules/.vite/deps/@strudel_web.js?v=271342c3:10
[     138ms] [VERBOSE] [DOM] Password field is not contained in a form: (More info: https://goo.gl/9p2vKq) %o @ http://localhost:5208/:0
[   14839ms] [LOG] %c[eval] code updated background-color: black;color:white;border-radius:15px @ http://localhost:5208/node_modules/.vite/deps/@strudel_web.js?v=271342c3:10
[   14839ms] [LOG] %c[cyclist] start background-color: black;color:white;border-radius:15px @ http://localhost:5208/node_modules/.vite/deps/@strudel_web.js?v=271342c3:10
[   15983ms] [LOG] %c[superdough] AudioWorklets loaded background-color: black;color:white;border-radius:15px @ http://localhost:5208/node_modules/.vite/deps/@strudel_web.js?v=271342c3:10
[   15983ms] [LOG] %c[superdough] ready background-color: black;color:white;border-radius:15px @ http://localhost:5208/node_modules/.vite/deps/@strudel_web.js?v=271342c3:10
[   17622ms] [LOG] %c[eval] code updated background-color: black;color:white;border-radius:15px @ http://localhost:5208/node_modules/.vite/deps/@strudel_web.js?v=271342c3:10
[   19115ms] [LOG] %c[eval] code updated background-color: black;color:white;border-radius:15px @ http://localhost:5208/node_modules/.vite/deps/@strudel_web.js?v=271342c3:10
[   20346ms] [LOG] %c[sampler] load sound "RolandTR909_bd:0:0".. background-color: black;color:white;border-radius:15px @ http://localhost:5208/node_modules/.vite/deps/@strudel_web.js?v=271342c3:10
[   20512ms] [LOG] %c[sampler] load sound "RolandTR909_bd:0:0"... done! loaded 80.3 KiB in 165ms background-color: black;color:white;border-radius:15px @ http://localhost:5208/node_modules/.vite/deps/@strudel_web.js?v=271342c3:10
[   20529ms] [LOG] %c[eval] code updated background-color: black;color:white;border-radius:15px @ http://localhost:5208/node_modules/.vite/deps/@strudel_web.js?v=271342c3:10
[   23040ms] [LOG] %c[eval] code updated background-color: black;color:white;border-radius:15px @ http://localhost:5208/node_modules/.vite/deps/@strudel_web.js?v=271342c3:10
[   23044ms] [LOG] %c[sampler] load sound "RolandTR909_hh:0:0".. background-color: black;color:white;border-radius:15px @ http://localhost:5208/node_modules/.vite/deps/@strudel_web.js?v=271342c3:10
[   23058ms] [LOG] %c[eval] code updated background-color: black;color:white;border-radius:15px @ http://localhost:5208/node_modules/.vite/deps/@strudel_web.js?v=271342c3:10
[   23145ms] [LOG] %c[sampler] load sound "RolandTR909_oh:0:0".. background-color: black;color:white;border-radius:15px @ http://localhost:5208/node_modules/.vite/deps/@strudel_web.js?v=271342c3:10
[   23216ms] [LOG] %c[sampler] load sound "RolandTR909_hh:0:0"... done! loaded 20.7 KiB in 171ms background-color: black;color:white;border-radius:15px @ http://localhost:5208/node_modules/.vite/deps/@strudel_web.js?v=271342c3:10
[   23395ms] [LOG] %c[sampler] load sound "RolandTR909_oh:0:0"... done! loaded 133.2 KiB in 251ms background-color: black;color:white;border-radius:15px @ http://localhost:5208/node_modules/.vite/deps/@strudel_web.js?v=271342c3:10
[   23400ms] [LOG] %c[sampler] loading sound "RolandTR909_oh:0" took too long background-color: black;color:white;border-radius:15px @ http://localhost:5208/node_modules/.vite/deps/@strudel_web.js?v=271342c3:10
[   25253ms] [LOG] %c[eval] code updated background-color: black;color:white;border-radius:15px @ http://localhost:5208/node_modules/.vite/deps/@strudel_web.js?v=271342c3:10
[   27438ms] [LOG] %c[eval] code updated background-color: black;color:white;border-radius:15px @ http://localhost:5208/node_modules/.vite/deps/@strudel_web.js?v=271342c3:10
[   27644ms] [LOG] %c[sampler] load sound "RolandTR909_cp:0:0".. background-color: black;color:white;border-radius:15px @ http://localhost:5208/node_modules/.vite/deps/@strudel_web.js?v=271342c3:10
[   27858ms] [LOG] %c[sampler] load sound "RolandTR909_cp:0:0"... done! loaded 132.8 KiB in 214ms background-color: black;color:white;border-radius:15px @ http://localhost:5208/node_modules/.vite/deps/@strudel_web.js?v=271342c3:10
[   28345ms] [LOG] %c[sampler] load sound "RolandTR808_rim:0:0".. background-color: black;color:white;border-radius:15px @ http://localhost:5208/node_modules/.vite/deps/@strudel_web.js?v=271342c3:10
[   28533ms] [LOG] %c[sampler] load sound "RolandTR808_rim:0:0"... done! loaded 21.6 KiB in 189ms background-color: black;color:white;border-radius:15px @ http://localhost:5208/node_modules/.vite/deps/@strudel_web.js?v=271342c3:10
[   28905ms] [LOG] %c[eval] code updated background-color: black;color:white;border-radius:15px @ http://localhost:5208/node_modules/.vite/deps/@strudel_web.js?v=271342c3:10
[   30317ms] [LOG] %c[eval] code updated background-color: black;color:white;border-radius:15px @ http://localhost:5208/node_modules/.vite/deps/@strudel_web.js?v=271342c3:10
