[     341ms] [LOG] %c🌀 @strudel/core loaded 🌀 background-color: black;color:white;border-radius:15px @ http://localhost:5213/node_modules/.vite/deps/@strudel_web.js?v=271342c3:10
[     363ms] [VERBOSE] [DOM] Password field is not contained in a form: (More info: https://goo.gl/9p2vKq) %o @ http://localhost:5213/:0
[   15742ms] [LOG] %c[superdough] AudioWorklets loaded background-color: black;color:white;border-radius:15px @ http://localhost:5213/node_modules/.vite/deps/@strudel_web.js?v=271342c3:10
[   15743ms] [LOG] %c[superdough] ready background-color: black;color:white;border-radius:15px @ http://localhost:5213/node_modules/.vite/deps/@strudel_web.js?v=271342c3:10
[   15862ms] [LOG] %c[eval] code updated background-color: black;color:white;border-radius:15px @ http://localhost:5213/node_modules/.vite/deps/@strudel_web.js?v=271342c3:10
[   15863ms] [LOG] %c[cyclist] start background-color: black;color:white;border-radius:15px @ http://localhost:5213/node_modules/.vite/deps/@strudel_web.js?v=271342c3:10
[   18592ms] [LOG] %c[eval] code updated background-color: black;color:white;border-radius:15px @ http://localhost:5213/node_modules/.vite/deps/@strudel_web.js?v=271342c3:10
[   20747ms] [LOG] %c[eval] code updated background-color: black;color:white;border-radius:15px @ http://localhost:5213/node_modules/.vite/deps/@strudel_web.js?v=271342c3:10
[   21072ms] [LOG] %c[sampler] load sound "RolandTR909_bd:0:0".. background-color: black;color:white;border-radius:15px @ http://localhost:5213/node_modules/.vite/deps/@strudel_web.js?v=271342c3:10
[   21074ms] [LOG] %c[sampler] load sound "RolandTR909_bd:0:0"... done! loaded 80.3 KiB in 3ms background-color: black;color:white;border-radius:15px @ http://localhost:5213/node_modules/.vite/deps/@strudel_web.js?v=271342c3:10
[   22851ms] [LOG] %c[eval] code updated background-color: black;color:white;border-radius:15px @ http://localhost:5213/node_modules/.vite/deps/@strudel_web.js?v=271342c3:10
[   22870ms] [LOG] %c[sampler] load sound "RolandTR909_oh:0:0".. background-color: black;color:white;border-radius:15px @ http://localhost:5213/node_modules/.vite/deps/@strudel_web.js?v=271342c3:10
[   22872ms] [LOG] %c[sampler] load sound "RolandTR909_oh:0:0"... done! loaded 133.2 KiB in 2ms background-color: black;color:white;border-radius:15px @ http://localhost:5213/node_modules/.vite/deps/@strudel_web.js?v=271342c3:10
[   23071ms] [LOG] %c[sampler] load sound "RolandTR909_hh:0:0".. background-color: black;color:white;border-radius:15px @ http://localhost:5213/node_modules/.vite/deps/@strudel_web.js?v=271342c3:10
[   23073ms] [LOG] %c[sampler] load sound "RolandTR909_hh:0:0"... done! loaded 20.7 KiB in 2ms background-color: black;color:white;border-radius:15px @ http://localhost:5213/node_modules/.vite/deps/@strudel_web.js?v=271342c3:10
[   27059ms] [LOG] %c[eval] code updated background-color: black;color:white;border-radius:15px @ http://localhost:5213/node_modules/.vite/deps/@strudel_web.js?v=271342c3:10
[   27371ms] [LOG] %c[sampler] load sound "RolandTR909_cp:0:0".. background-color: black;color:white;border-radius:15px @ http://localhost:5213/node_modules/.vite/deps/@strudel_web.js?v=271342c3:10
[   27376ms] [LOG] %c[sampler] load sound "RolandTR909_cp:0:0"... done! loaded 132.8 KiB in 5ms background-color: black;color:white;border-radius:15px @ http://localhost:5213/node_modules/.vite/deps/@strudel_web.js?v=271342c3:10
[   27871ms] [LOG] %c[sampler] load sound "RolandTR808_rim:0:0".. background-color: black;color:white;border-radius:15px @ http://localhost:5213/node_modules/.vite/deps/@strudel_web.js?v=271342c3:10
[   27874ms] [LOG] %c[sampler] load sound "RolandTR808_rim:0:0"... done! loaded 21.6 KiB in 2ms background-color: black;color:white;border-radius:15px @ http://localhost:5213/node_modules/.vite/deps/@strudel_web.js?v=271342c3:10
[   31270ms] [LOG] %c[eval] code updated background-color: black;color:white;border-radius:15px @ http://localhost:5213/node_modules/.vite/deps/@strudel_web.js?v=271342c3:10
[   33442ms] [LOG] %c[eval] code updated background-color: black;color:white;border-radius:15px @ http://localhost:5213/node_modules/.vite/deps/@strudel_web.js?v=271342c3:10
[   35579ms] [LOG] %c[eval] code updated background-color: black;color:white;border-radius:15px @ http://localhost:5213/node_modules/.vite/deps/@strudel_web.js?v=271342c3:10
[   37332ms] [LOG] %c[eval] code updated background-color: black;color:white;border-radius:15px @ http://localhost:5213/node_modules/.vite/deps/@strudel_web.js?v=271342c3:10
[   39403ms] [LOG] %c[eval] code updated background-color: black;color:white;border-radius:15px @ http://localhost:5213/node_modules/.vite/deps/@strudel_web.js?v=271342c3:10
[   42012ms] [LOG] %c[eval] code updated background-color: black;color:white;border-radius:15px @ http://localhost:5213/node_modules/.vite/deps/@strudel_web.js?v=271342c3:10
[   44162ms] [LOG] %c[eval] code updated background-color: black;color:white;border-radius:15px @ http://localhost:5213/node_modules/.vite/deps/@strudel_web.js?v=271342c3:10
[   46477ms] [LOG] %c[eval] code updated background-color: black;color:white;border-radius:15px @ http://localhost:5213/node_modules/.vite/deps/@strudel_web.js?v=271342c3:10
[   49974ms] [LOG] %c[eval] code updated background-color: black;color:white;border-radius:15px @ http://localhost:5213/node_modules/.vite/deps/@strudel_web.js?v=271342c3:10
[   51684ms] [LOG] %c[eval] code updated background-color: black;color:white;border-radius:15px @ http://localhost:5213/node_modules/.vite/deps/@strudel_web.js?v=271342c3:10
[   53927ms] [LOG] %c[eval] code updated background-color: black;color:white;border-radius:15px @ http://localhost:5213/node_modules/.vite/deps/@strudel_web.js?v=271342c3:10
[   56569ms] [LOG] %c[eval] code updated background-color: black;color:white;border-radius:15px @ http://localhost:5213/node_modules/.vite/deps/@strudel_web.js?v=271342c3:10
[   58341ms] [LOG] %c[eval] code updated background-color: black;color:white;border-radius:15px @ http://localhost:5213/node_modules/.vite/deps/@strudel_web.js?v=271342c3:10
[   58370ms] [LOG] %c[sampler] load sound "RolandTR808_hh:0:0".. background-color: black;color:white;border-radius:15px @ http://localhost:5213/node_modules/.vite/deps/@strudel_web.js?v=271342c3:10
[   58385ms] [LOG] %c[sampler] load sound "RolandTR808_hh:0:0"... done! loaded 21.6 KiB in 14ms background-color: black;color:white;border-radius:15px @ http://localhost:5213/node_modules/.vite/deps/@strudel_web.js?v=271342c3:10
[   58970ms] [LOG] %c[sampler] load sound "glockenspiel:0:0".. background-color: black;color:white;border-radius:15px @ http://localhost:5213/node_modules/.vite/deps/@strudel_web.js?v=271342c3:10
[   58976ms] [LOG] %c[sampler] load sound "glockenspiel:0:0"... done! loaded 690.4 KiB in 6ms background-color: black;color:white;border-radius:15px @ http://localhost:5213/node_modules/.vite/deps/@strudel_web.js?v=271342c3:10
[   59470ms] [LOG] %c[sampler] load sound "RolandTR808_bd:0:0".. background-color: black;color:white;border-radius:15px @ http://localhost:5213/node_modules/.vite/deps/@strudel_web.js?v=271342c3:10
[   59474ms] [LOG] %c[sampler] load sound "RolandTR808_bd:0:0"... done! loaded 21.6 KiB in 3ms background-color: black;color:white;border-radius:15px @ http://localhost:5213/node_modules/.vite/deps/@strudel_web.js?v=271342c3:10
[   59955ms] [LOG] %c[eval] code updated background-color: black;color:white;border-radius:15px @ http://localhost:5213/node_modules/.vite/deps/@strudel_web.js?v=271342c3:10
[   64752ms] [LOG] %c[eval] code updated background-color: black;color:white;border-radius:15px @ http://localhost:5213/node_modules/.vite/deps/@strudel_web.js?v=271342c3:10
[   66349ms] [LOG] %c[eval] code updated background-color: black;color:white;border-radius:15px @ http://localhost:5213/node_modules/.vite/deps/@strudel_web.js?v=271342c3:10
[   67954ms] [LOG] %c[eval] code updated background-color: black;color:white;border-radius:15px @ http://localhost:5213/node_modules/.vite/deps/@strudel_web.js?v=271342c3:10
[   67970ms] [LOG] %c[sampler] load sound "SakataDPM48_hh:0:0".. background-color: black;color:white;border-radius:15px @ http://localhost:5213/node_modules/.vite/deps/@strudel_web.js?v=271342c3:10
[   68070ms] [LOG] %c[sampler] load sound "OberheimDMX_rim:0:0".. background-color: black;color:white;border-radius:15px @ http://localhost:5213/node_modules/.vite/deps/@strudel_web.js?v=271342c3:10
[   68071ms] [LOG] %c[sampler] load sound "SakataDPM48_cp:0:0".. background-color: black;color:white;border-radius:15px @ http://localhost:5213/node_modules/.vite/deps/@strudel_web.js?v=271342c3:10
[   68188ms] [LOG] %c[sampler] load sound "SakataDPM48_bd:0:0".. background-color: black;color:white;border-radius:15px @ http://localhost:5213/node_modules/.vite/deps/@strudel_web.js?v=271342c3:10
[   68190ms] [LOG] %c[sampler] load sound "SakataDPM48_hh:0:0"... done! loaded 16.5 KiB in 220ms background-color: black;color:white;border-radius:15px @ http://localhost:5213/node_modules/.vite/deps/@strudel_web.js?v=271342c3:10
[   68282ms] [LOG] %c[sampler] load sound "OberheimDMX_rim:0:0"... done! loaded 20.3 KiB in 211ms background-color: black;color:white;border-radius:15px @ http://localhost:5213/node_modules/.vite/deps/@strudel_web.js?v=271342c3:10
[   68287ms] [LOG] %c[sampler] load sound "SakataDPM48_cp:0:0"... done! loaded 19.4 KiB in 216ms background-color: black;color:white;border-radius:15px @ http://localhost:5213/node_modules/.vite/deps/@strudel_web.js?v=271342c3:10
[   68393ms] [LOG] %c[sampler] load sound "SakataDPM48_bd:0:0"... done! loaded 15.4 KiB in 206ms background-color: black;color:white;border-radius:15px @ http://localhost:5213/node_modules/.vite/deps/@strudel_web.js?v=271342c3:10
[   70803ms] [LOG] %c[eval] code updated background-color: black;color:white;border-radius:15px @ http://localhost:5213/node_modules/.vite/deps/@strudel_web.js?v=271342c3:10
[   75037ms] [LOG] %c[eval] code updated background-color: black;color:white;border-radius:15px @ http://localhost:5213/node_modules/.vite/deps/@strudel_web.js?v=271342c3:10
[   79013ms] [LOG] %c[eval] code updated background-color: black;color:white;border-radius:15px @ http://localhost:5213/node_modules/.vite/deps/@strudel_web.js?v=271342c3:10
[   81054ms] [LOG] %c[eval] code updated background-color: black;color:white;border-radius:15px @ http://localhost:5213/node_modules/.vite/deps/@strudel_web.js?v=271342c3:10
[   82813ms] [LOG] %c[eval] code updated background-color: black;color:white;border-radius:15px @ http://localhost:5213/node_modules/.vite/deps/@strudel_web.js?v=271342c3:10
[   85666ms] [LOG] %c[eval] code updated background-color: black;color:white;border-radius:15px @ http://localhost:5213/node_modules/.vite/deps/@strudel_web.js?v=271342c3:10
[   89660ms] [LOG] %c[eval] code updated background-color: black;color:white;border-radius:15px @ http://localhost:5213/node_modules/.vite/deps/@strudel_web.js?v=271342c3:10
