[     398ms] [LOG] %c🌀 @strudel/core loaded 🌀 background-color: black;color:white;border-radius:15px @ http://localhost:5214/node_modules/.vite/deps/@strudel_web.js?v=271342c3:10
[     421ms] [VERBOSE] [DOM] Password field is not contained in a form: (More info: https://goo.gl/9p2vKq) %o @ http://localhost:5214/:0
[    5609ms] [ERROR] SyntaxError: Unexpected token '<', "<!doctype "... is not valid JSON @ http://localhost:5214/@vite/client:528
[   10683ms] [LOG] %c[eval] code updated background-color: black;color:white;border-radius:15px @ http://localhost:5214/node_modules/.vite/deps/@strudel_web.js?v=271342c3:10
[   10683ms] [LOG] %c[cyclist] start background-color: black;color:white;border-radius:15px @ http://localhost:5214/node_modules/.vite/deps/@strudel_web.js?v=271342c3:10
[   10706ms] [LOG] %c[superdough] AudioWorklets loaded background-color: black;color:white;border-radius:15px @ http://localhost:5214/node_modules/.vite/deps/@strudel_web.js?v=271342c3:10
[   10706ms] [LOG] %c[superdough] ready background-color: black;color:white;border-radius:15px @ http://localhost:5214/node_modules/.vite/deps/@strudel_web.js?v=271342c3:10
[   10794ms] [LOG] %c[eval] code updated background-color: black;color:white;border-radius:15px @ http://localhost:5214/node_modules/.vite/deps/@strudel_web.js?v=271342c3:10
[   13149ms] [LOG] %c[eval] code updated background-color: black;color:white;border-radius:15px @ http://localhost:5214/node_modules/.vite/deps/@strudel_web.js?v=271342c3:10
[   14916ms] [LOG] %c[eval] code updated background-color: black;color:white;border-radius:15px @ http://localhost:5214/node_modules/.vite/deps/@strudel_web.js?v=271342c3:10
[   15592ms] [LOG] %c[sampler] load sound "RolandTR909_bd:0:0".. background-color: black;color:white;border-radius:15px @ http://localhost:5214/node_modules/.vite/deps/@strudel_web.js?v=271342c3:10
[   15596ms] [LOG] %c[sampler] load sound "RolandTR909_bd:0:0"... done! loaded 80.3 KiB in 4ms background-color: black;color:white;border-radius:15px @ http://localhost:5214/node_modules/.vite/deps/@strudel_web.js?v=271342c3:10
[   16631ms] [LOG] %c[eval] code updated background-color: black;color:white;border-radius:15px @ http://localhost:5214/node_modules/.vite/deps/@strudel_web.js?v=271342c3:10
[   18357ms] [LOG] %c[eval] code updated background-color: black;color:white;border-radius:15px @ http://localhost:5214/node_modules/.vite/deps/@strudel_web.js?v=271342c3:10
[   18391ms] [LOG] %c[sampler] load sound "RolandTR909_oh:0:0".. background-color: black;color:white;border-radius:15px @ http://localhost:5214/node_modules/.vite/deps/@strudel_web.js?v=271342c3:10
[   18394ms] [LOG] %c[sampler] load sound "RolandTR909_oh:0:0"... done! loaded 133.2 KiB in 4ms background-color: black;color:white;border-radius:15px @ http://localhost:5214/node_modules/.vite/deps/@strudel_web.js?v=271342c3:10
[   18491ms] [LOG] %c[sampler] load sound "RolandTR909_hh:0:0".. background-color: black;color:white;border-radius:15px @ http://localhost:5214/node_modules/.vite/deps/@strudel_web.js?v=271342c3:10
[   18494ms] [LOG] %c[sampler] load sound "RolandTR909_hh:0:0"... done! loaded 20.7 KiB in 3ms background-color: black;color:white;border-radius:15px @ http://localhost:5214/node_modules/.vite/deps/@strudel_web.js?v=271342c3:10
[   21775ms] [LOG] %c[eval] code updated background-color: black;color:white;border-radius:15px @ http://localhost:5214/node_modules/.vite/deps/@strudel_web.js?v=271342c3:10
[   21990ms] [LOG] %c[sampler] load sound "RolandTR909_cp:0:0".. background-color: black;color:white;border-radius:15px @ http://localhost:5214/node_modules/.vite/deps/@strudel_web.js?v=271342c3:10
[   22021ms] [LOG] %c[sampler] load sound "RolandTR909_cp:0:0"... done! loaded 132.8 KiB in 30ms background-color: black;color:white;border-radius:15px @ http://localhost:5214/node_modules/.vite/deps/@strudel_web.js?v=271342c3:10
[   22892ms] [LOG] %c[sampler] load sound "RolandTR808_rim:0:0".. background-color: black;color:white;border-radius:15px @ http://localhost:5214/node_modules/.vite/deps/@strudel_web.js?v=271342c3:10
[   22911ms] [LOG] %c[sampler] load sound "RolandTR808_rim:0:0"... done! loaded 21.6 KiB in 20ms background-color: black;color:white;border-radius:15px @ http://localhost:5214/node_modules/.vite/deps/@strudel_web.js?v=271342c3:10
[   23489ms] [LOG] %c[eval] code updated background-color: black;color:white;border-radius:15px @ http://localhost:5214/node_modules/.vite/deps/@strudel_web.js?v=271342c3:10
[   25781ms] [LOG] %c[eval] code updated background-color: black;color:white;border-radius:15px @ http://localhost:5214/node_modules/.vite/deps/@strudel_web.js?v=271342c3:10
[   28093ms] [LOG] %c[eval] code updated background-color: black;color:white;border-radius:15px @ http://localhost:5214/node_modules/.vite/deps/@strudel_web.js?v=271342c3:10
[   30212ms] [LOG] %c[eval] code updated background-color: black;color:white;border-radius:15px @ http://localhost:5214/node_modules/.vite/deps/@strudel_web.js?v=271342c3:10
[   32169ms] [LOG] %c[eval] code updated background-color: black;color:white;border-radius:15px @ http://localhost:5214/node_modules/.vite/deps/@strudel_web.js?v=271342c3:10
[   33902ms] [LOG] %c[eval] code updated background-color: black;color:white;border-radius:15px @ http://localhost:5214/node_modules/.vite/deps/@strudel_web.js?v=271342c3:10
[   33990ms] [LOG] %c[sampler] load sound "RolandTR808_hh:0:0".. background-color: black;color:white;border-radius:15px @ http://localhost:5214/node_modules/.vite/deps/@strudel_web.js?v=271342c3:10
[   34011ms] [LOG] %c[sampler] load sound "RolandTR808_hh:0:0"... done! loaded 21.6 KiB in 20ms background-color: black;color:white;border-radius:15px @ http://localhost:5214/node_modules/.vite/deps/@strudel_web.js?v=271342c3:10
[   34501ms] [LOG] %c[sampler] load sound "glockenspiel:0:0".. background-color: black;color:white;border-radius:15px @ http://localhost:5214/node_modules/.vite/deps/@strudel_web.js?v=271342c3:10
[   34692ms] [LOG] %c[sampler] load sound "glockenspiel:0:0"... done! loaded 690.4 KiB in 192ms background-color: black;color:white;border-radius:15px @ http://localhost:5214/node_modules/.vite/deps/@strudel_web.js?v=271342c3:10
[   35001ms] [LOG] %c[sampler] load sound "RolandTR808_bd:0:0".. background-color: black;color:white;border-radius:15px @ http://localhost:5214/node_modules/.vite/deps/@strudel_web.js?v=271342c3:10
[   35027ms] [LOG] %c[sampler] load sound "RolandTR808_bd:0:0"... done! loaded 21.6 KiB in 26ms background-color: black;color:white;border-radius:15px @ http://localhost:5214/node_modules/.vite/deps/@strudel_web.js?v=271342c3:10
[   38718ms] [LOG] %c[eval] code updated background-color: black;color:white;border-radius:15px @ http://localhost:5214/node_modules/.vite/deps/@strudel_web.js?v=271342c3:10
[   41918ms] [LOG] %c[eval] code updated background-color: black;color:white;border-radius:15px @ http://localhost:5214/node_modules/.vite/deps/@strudel_web.js?v=271342c3:10
[   43581ms] [LOG] %c[eval] code updated background-color: black;color:white;border-radius:15px @ http://localhost:5214/node_modules/.vite/deps/@strudel_web.js?v=271342c3:10
[   45180ms] [LOG] %c[eval] code updated background-color: black;color:white;border-radius:15px @ http://localhost:5214/node_modules/.vite/deps/@strudel_web.js?v=271342c3:10
[   46782ms] [LOG] %c[eval] code updated background-color: black;color:white;border-radius:15px @ http://localhost:5214/node_modules/.vite/deps/@strudel_web.js?v=271342c3:10
[   48388ms] [LOG] %c[eval] code updated background-color: black;color:white;border-radius:15px @ http://localhost:5214/node_modules/.vite/deps/@strudel_web.js?v=271342c3:10
[   50088ms] [LOG] %c[eval] code updated background-color: black;color:white;border-radius:15px @ http://localhost:5214/node_modules/.vite/deps/@strudel_web.js?v=271342c3:10
[   51697ms] [LOG] %c[eval] code updated background-color: black;color:white;border-radius:15px @ http://localhost:5214/node_modules/.vite/deps/@strudel_web.js?v=271342c3:10
[   53296ms] [LOG] %c[eval] code updated background-color: black;color:white;border-radius:15px @ http://localhost:5214/node_modules/.vite/deps/@strudel_web.js?v=271342c3:10
[   54991ms] [LOG] %c[eval] code updated background-color: black;color:white;border-radius:15px @ http://localhost:5214/node_modules/.vite/deps/@strudel_web.js?v=271342c3:10
[   55191ms] [LOG] %c[sampler] load sound "RolandTR808_sd:0:0".. background-color: black;color:white;border-radius:15px @ http://localhost:5214/node_modules/.vite/deps/@strudel_web.js?v=271342c3:10
[   55372ms] [LOG] %c[sampler] load sound "RolandTR808_sd:0:0"... done! loaded 21.6 KiB in 180ms background-color: black;color:white;border-radius:15px @ http://localhost:5214/node_modules/.vite/deps/@strudel_web.js?v=271342c3:10
[   56708ms] [LOG] %c[eval] code updated background-color: black;color:white;border-radius:15px @ http://localhost:5214/node_modules/.vite/deps/@strudel_web.js?v=271342c3:10
[   56791ms] [LOG] %c[sampler] load sound "RolandTR707_hh:0:0".. background-color: black;color:white;border-radius:15px @ http://localhost:5214/node_modules/.vite/deps/@strudel_web.js?v=271342c3:10
[   56819ms] [LOG] %c[sampler] load sound "RolandTR707_hh:0:0"... done! loaded 25.4 KiB in 27ms background-color: black;color:white;border-radius:15px @ http://localhost:5214/node_modules/.vite/deps/@strudel_web.js?v=271342c3:10
[   56991ms] [LOG] %c[sampler] load sound "LinnDrum_sd:0:0".. background-color: black;color:white;border-radius:15px @ http://localhost:5214/node_modules/.vite/deps/@strudel_web.js?v=271342c3:10
[   56991ms] [LOG] %c[sampler] load sound "cabasa:0:0".. background-color: black;color:white;border-radius:15px @ http://localhost:5214/node_modules/.vite/deps/@strudel_web.js?v=271342c3:10
[   57107ms] [LOG] %c[sampler] load sound "RolandTR707_oh:0:0".. background-color: black;color:white;border-radius:15px @ http://localhost:5214/node_modules/.vite/deps/@strudel_web.js?v=271342c3:10
[   57128ms] [LOG] %c[sampler] load sound "RolandTR707_oh:0:0"... done! loaded 55.4 KiB in 22ms background-color: black;color:white;border-radius:15px @ http://localhost:5214/node_modules/.vite/deps/@strudel_web.js?v=271342c3:10
[   57167ms] [LOG] %c[sampler] load sound "LinnDrum_sd:0:0"... done! loaded 25.9 KiB in 176ms background-color: black;color:white;border-radius:15px @ http://localhost:5214/node_modules/.vite/deps/@strudel_web.js?v=271342c3:10
[   57170ms] [LOG] %c[sampler] load sound "cabasa:0:0"... done! loaded 140.0 KiB in 178ms background-color: black;color:white;border-radius:15px @ http://localhost:5214/node_modules/.vite/deps/@strudel_web.js?v=271342c3:10
[   57891ms] [LOG] %c[sampler] load sound "LinnDrum_rim:0:0".. background-color: black;color:white;border-radius:15px @ http://localhost:5214/node_modules/.vite/deps/@strudel_web.js?v=271342c3:10
[   58079ms] [LOG] %c[sampler] load sound "LinnDrum_rim:0:0"... done! loaded 20.3 KiB in 187ms background-color: black;color:white;border-radius:15px @ http://localhost:5214/node_modules/.vite/deps/@strudel_web.js?v=271342c3:10
[   58391ms] [LOG] %c[sampler] load sound "RolandTR707_bd:0:0".. background-color: black;color:white;border-radius:15px @ http://localhost:5214/node_modules/.vite/deps/@strudel_web.js?v=271342c3:10
[   58420ms] [LOG] %c[sampler] load sound "RolandTR707_bd:0:0"... done! loaded 25.7 KiB in 29ms background-color: black;color:white;border-radius:15px @ http://localhost:5214/node_modules/.vite/deps/@strudel_web.js?v=271342c3:10
[   58559ms] [LOG] %c[eval] code updated background-color: black;color:white;border-radius:15px @ http://localhost:5214/node_modules/.vite/deps/@strudel_web.js?v=271342c3:10
[   59688ms] [LOG] %c🌀 @strudel/core loaded 🌀 background-color: black;color:white;border-radius:15px @ http://localhost:5214/node_modules/.vite/deps/@strudel_web.js?v=271342c3:10
[   59707ms] [VERBOSE] [DOM] Password field is not contained in a form: (More info: https://goo.gl/9p2vKq) %o @ http://localhost:5214/:0
