[     106ms] [LOG] %c🌀 @strudel/core loaded 🌀 background-color: black;color:white;border-radius:15px @ http://localhost:5199/node_modules/.vite/deps/@strudel_web.js?v=a3df4357:10
[    4253ms] [LOG] %c[eval] code updated background-color: black;color:white;border-radius:15px @ http://localhost:5199/node_modules/.vite/deps/@strudel_web.js?v=a3df4357:10
[    4253ms] [LOG] %c[cyclist] start background-color: black;color:white;border-radius:15px @ http://localhost:5199/node_modules/.vite/deps/@strudel_web.js?v=a3df4357:10
[   12592ms] [LOG] %c[eval] code updated background-color: black;color:white;border-radius:15px @ http://localhost:5199/node_modules/.vite/deps/@strudel_web.js?v=a3df4357:10
[   13615ms] [LOG] %c[superdough] AudioWorklets loaded background-color: black;color:white;border-radius:15px @ http://localhost:5199/node_modules/.vite/deps/@strudel_web.js?v=a3df4357:10
[   13615ms] [LOG] %c[superdough] ready background-color: black;color:white;border-radius:15px @ http://localhost:5199/node_modules/.vite/deps/@strudel_web.js?v=a3df4357:10
[   14246ms] [LOG] %c[eval] code updated background-color: black;color:white;border-radius:15px @ http://localhost:5199/node_modules/.vite/deps/@strudel_web.js?v=a3df4357:10
[   16414ms] [LOG] %c[eval] code updated background-color: black;color:white;border-radius:15px @ http://localhost:5199/node_modules/.vite/deps/@strudel_web.js?v=a3df4357:10
[   18326ms] [LOG] %c[eval] code updated background-color: black;color:white;border-radius:15px @ http://localhost:5199/node_modules/.vite/deps/@strudel_web.js?v=a3df4357:10
[   20198ms] [LOG] %c[eval] code updated background-color: black;color:white;border-radius:15px @ http://localhost:5199/node_modules/.vite/deps/@strudel_web.js?v=a3df4357:10
[   21880ms] [LOG] %c[eval] code updated background-color: black;color:white;border-radius:15px @ http://localhost:5199/node_modules/.vite/deps/@strudel_web.js?v=a3df4357:10
[   23329ms] [LOG] %c[eval] code updated background-color: black;color:white;border-radius:15px @ http://localhost:5199/node_modules/.vite/deps/@strudel_web.js?v=a3df4357:10
[   24751ms] [LOG] %c[eval] code updated background-color: black;color:white;border-radius:15px @ http://localhost:5199/node_modules/.vite/deps/@strudel_web.js?v=a3df4357:10
[   27237ms] [LOG] %c[eval] code updated background-color: black;color:white;border-radius:15px @ http://localhost:5199/node_modules/.vite/deps/@strudel_web.js?v=a3df4357:10
[   29902ms] [LOG] %c[eval] code updated background-color: black;color:white;border-radius:15px @ http://localhost:5199/node_modules/.vite/deps/@strudel_web.js?v=a3df4357:10
[   32127ms] [LOG] %c[eval] code updated background-color: black;color:white;border-radius:15px @ http://localhost:5199/node_modules/.vite/deps/@strudel_web.js?v=a3df4357:10
[   37862ms] [LOG] %c[eval] code updated background-color: black;color:white;border-radius:15px @ http://localhost:5199/node_modules/.vite/deps/@strudel_web.js?v=a3df4357:10
[   42089ms] [LOG] %c[eval] code updated background-color: black;color:white;border-radius:15px @ http://localhost:5199/node_modules/.vite/deps/@strudel_web.js?v=a3df4357:10
[   44916ms] [LOG] %c[eval] code updated background-color: black;color:white;border-radius:15px @ http://localhost:5199/node_modules/.vite/deps/@strudel_web.js?v=a3df4357:10
[   46322ms] [LOG] %c[eval] code updated background-color: black;color:white;border-radius:15px @ http://localhost:5199/node_modules/.vite/deps/@strudel_web.js?v=a3df4357:10
[   49149ms] [LOG] %c[eval] code updated background-color: black;color:white;border-radius:15px @ http://localhost:5199/node_modules/.vite/deps/@strudel_web.js?v=a3df4357:10
[   51194ms] [LOG] %c🌀 @strudel/core loaded 🌀 background-color: black;color:white;border-radius:15px @ http://localhost:5199/node_modules/.vite/deps/@strudel_web.js?v=a3df4357:10
