[     449ms] [LOG] %c🌀 @strudel/core loaded 🌀 background-color: black;color:white;border-radius:15px @ http://localhost:5206/node_modules/.vite/deps/@strudel_web.js?v=271342c3:10
[     480ms] [VERBOSE] [DOM] Password field is not contained in a form: (More info: https://goo.gl/9p2vKq) %o @ http://localhost:5206/:0
[   12028ms] [LOG] %c[superdough] AudioWorklets loaded background-color: black;color:white;border-radius:15px @ http://localhost:5206/node_modules/.vite/deps/@strudel_web.js?v=271342c3:10
[   12028ms] [LOG] %c[superdough] ready background-color: black;color:white;border-radius:15px @ http://localhost:5206/node_modules/.vite/deps/@strudel_web.js?v=271342c3:10
[   12079ms] [LOG] %c[eval] code updated background-color: black;color:white;border-radius:15px @ http://localhost:5206/node_modules/.vite/deps/@strudel_web.js?v=271342c3:10
[   12079ms] [LOG] %c[cyclist] start background-color: black;color:white;border-radius:15px @ http://localhost:5206/node_modules/.vite/deps/@strudel_web.js?v=271342c3:10
[   14808ms] [LOG] %c[eval] code updated background-color: black;color:white;border-radius:15px @ http://localhost:5206/node_modules/.vite/deps/@strudel_web.js?v=271342c3:10
[   16754ms] [LOG] %c[eval] code updated background-color: black;color:white;border-radius:15px @ http://localhost:5206/node_modules/.vite/deps/@strudel_web.js?v=271342c3:10
[   16787ms] [LOG] %c[sampler] load sound "RolandTR909_hh:0:0".. background-color: black;color:white;border-radius:15px @ http://localhost:5206/node_modules/.vite/deps/@strudel_web.js?v=271342c3:10
[   16959ms] [LOG] %c[sampler] load sound "RolandTR909_hh:0:0"... done! loaded 20.7 KiB in 173ms background-color: black;color:white;border-radius:15px @ http://localhost:5206/node_modules/.vite/deps/@strudel_web.js?v=271342c3:10
[   17486ms] [LOG] %c[sampler] load sound "RolandTR909_oh:0:0".. background-color: black;color:white;border-radius:15px @ http://localhost:5206/node_modules/.vite/deps/@strudel_web.js?v=271342c3:10
[   17676ms] [LOG] %c[sampler] load sound "RolandTR909_oh:0:0"... done! loaded 133.2 KiB in 190ms background-color: black;color:white;border-radius:15px @ http://localhost:5206/node_modules/.vite/deps/@strudel_web.js?v=271342c3:10
[   20505ms] [LOG] %c[eval] code updated background-color: black;color:white;border-radius:15px @ http://localhost:5206/node_modules/.vite/deps/@strudel_web.js?v=271342c3:10
[   21987ms] [LOG] %c[sampler] load sound "RolandTR909_bd:0:0".. background-color: black;color:white;border-radius:15px @ http://localhost:5206/node_modules/.vite/deps/@strudel_web.js?v=271342c3:10
[   22170ms] [LOG] %c[sampler] load sound "RolandTR909_bd:0:0"... done! loaded 80.3 KiB in 184ms background-color: black;color:white;border-radius:15px @ http://localhost:5206/node_modules/.vite/deps/@strudel_web.js?v=271342c3:10
[   22378ms] [LOG] %c[eval] code updated background-color: black;color:white;border-radius:15px @ http://localhost:5206/node_modules/.vite/deps/@strudel_web.js?v=271342c3:10
[   22686ms] [LOG] %c[sampler] load sound "RolandTR909_cp:0:0".. background-color: black;color:white;border-radius:15px @ http://localhost:5206/node_modules/.vite/deps/@strudel_web.js?v=271342c3:10
[   22873ms] [LOG] %c[sampler] load sound "RolandTR909_cp:0:0"... done! loaded 132.8 KiB in 187ms background-color: black;color:white;border-radius:15px @ http://localhost:5206/node_modules/.vite/deps/@strudel_web.js?v=271342c3:10
[   24258ms] [LOG] %c[eval] code updated background-color: black;color:white;border-radius:15px @ http://localhost:5206/node_modules/.vite/deps/@strudel_web.js?v=271342c3:10
[   26129ms] [LOG] %c[eval] code updated background-color: black;color:white;border-radius:15px @ http://localhost:5206/node_modules/.vite/deps/@strudel_web.js?v=271342c3:10
[   28007ms] [LOG] %c[eval] code updated background-color: black;color:white;border-radius:15px @ http://localhost:5206/node_modules/.vite/deps/@strudel_web.js?v=271342c3:10
[   30149ms] [LOG] %c[eval] code updated background-color: black;color:white;border-radius:15px @ http://localhost:5206/node_modules/.vite/deps/@strudel_web.js?v=271342c3:10
[   32768ms] [LOG] %c[eval] code updated background-color: black;color:white;border-radius:15px @ http://localhost:5206/node_modules/.vite/deps/@strudel_web.js?v=271342c3:10
[   34984ms] [LOG] %c[eval] code updated background-color: black;color:white;border-radius:15px @ http://localhost:5206/node_modules/.vite/deps/@strudel_web.js?v=271342c3:10
[   38753ms] [LOG] %c[eval] code updated background-color: black;color:white;border-radius:15px @ http://localhost:5206/node_modules/.vite/deps/@strudel_web.js?v=271342c3:10
[   39786ms] [LOG] %c[sampler] load sound "RolandTR808_bd:0:0".. background-color: black;color:white;border-radius:15px @ http://localhost:5206/node_modules/.vite/deps/@strudel_web.js?v=271342c3:10
[   40027ms] [LOG] %c[sampler] load sound "RolandTR808_bd:0:0"... done! loaded 21.6 KiB in 241ms background-color: black;color:white;border-radius:15px @ http://localhost:5206/node_modules/.vite/deps/@strudel_web.js?v=271342c3:10
[   40029ms] [LOG] %c[sampler] loading sound "RolandTR808_bd:0" took too long background-color: black;color:white;border-radius:15px @ http://localhost:5206/node_modules/.vite/deps/@strudel_web.js?v=271342c3:10
[   40214ms] [LOG] %c[eval] code updated background-color: black;color:white;border-radius:15px @ http://localhost:5206/node_modules/.vite/deps/@strudel_web.js?v=271342c3:10
[   41625ms] [LOG] %c[eval] code updated background-color: black;color:white;border-radius:15px @ http://localhost:5206/node_modules/.vite/deps/@strudel_web.js?v=271342c3:10
[   41685ms] [LOG] %c[sampler] load sound "RolandTR808_hh:0:0".. background-color: black;color:white;border-radius:15px @ http://localhost:5206/node_modules/.vite/deps/@strudel_web.js?v=271342c3:10
[   41911ms] [LOG] %c[sampler] load sound "RolandTR808_hh:0:0"... done! loaded 21.6 KiB in 226ms background-color: black;color:white;border-radius:15px @ http://localhost:5206/node_modules/.vite/deps/@strudel_web.js?v=271342c3:10
[   41912ms] [LOG] %c[sampler] loading sound "RolandTR808_hh:0" took too long background-color: black;color:white;border-radius:15px @ http://localhost:5206/node_modules/.vite/deps/@strudel_web.js?v=271342c3:10
[   43038ms] [LOG] %c[eval] code updated background-color: black;color:white;border-radius:15px @ http://localhost:5206/node_modules/.vite/deps/@strudel_web.js?v=271342c3:10
[   44655ms] [LOG] %c[eval] code updated background-color: black;color:white;border-radius:15px @ http://localhost:5206/node_modules/.vite/deps/@strudel_web.js?v=271342c3:10
[   46522ms] [LOG] %c[eval] code updated background-color: black;color:white;border-radius:15px @ http://localhost:5206/node_modules/.vite/deps/@strudel_web.js?v=271342c3:10
[   47286ms] [LOG] %c[sampler] load sound "RolandTR808_rim:0:0".. background-color: black;color:white;border-radius:15px @ http://localhost:5206/node_modules/.vite/deps/@strudel_web.js?v=271342c3:10
[   47465ms] [LOG] %c[sampler] load sound "RolandTR808_rim:0:0"... done! loaded 21.6 KiB in 178ms background-color: black;color:white;border-radius:15px @ http://localhost:5206/node_modules/.vite/deps/@strudel_web.js?v=271342c3:10
[   48382ms] [LOG] %c[eval] code updated background-color: black;color:white;border-radius:15px @ http://localhost:5206/node_modules/.vite/deps/@strudel_web.js?v=271342c3:10
[   50257ms] [LOG] %c[eval] code updated background-color: black;color:white;border-radius:15px @ http://localhost:5206/node_modules/.vite/deps/@strudel_web.js?v=271342c3:10
[   54006ms] [LOG] %c[eval] code updated background-color: black;color:white;border-radius:15px @ http://localhost:5206/node_modules/.vite/deps/@strudel_web.js?v=271342c3:10
[   57586ms] [LOG] %c[sampler] load sound "piano:0:0".. background-color: black;color:white;border-radius:15px @ http://localhost:5206/node_modules/.vite/deps/@strudel_web.js?v=271342c3:10
[   57757ms] [LOG] %c[eval] code updated background-color: black;color:white;border-radius:15px @ http://localhost:5206/node_modules/.vite/deps/@strudel_web.js?v=271342c3:10
[   57789ms] [LOG] %c[sampler] load sound "piano:0:0"... done! loaded 226.0 KiB in 203ms background-color: black;color:white;border-radius:15px @ http://localhost:5206/node_modules/.vite/deps/@strudel_web.js?v=271342c3:10
[   57847ms] [LOG] %c[sampler] loading sound "piano:0" took too long background-color: black;color:white;border-radius:15px @ http://localhost:5206/node_modules/.vite/deps/@strudel_web.js?v=271342c3:10
[   59633ms] [LOG] %c[eval] code updated background-color: black;color:white;border-radius:15px @ http://localhost:5206/node_modules/.vite/deps/@strudel_web.js?v=271342c3:10
[   61286ms] [LOG] %c[sampler] load sound "glockenspiel:0:0".. background-color: black;color:white;border-radius:15px @ http://localhost:5206/node_modules/.vite/deps/@strudel_web.js?v=271342c3:10
[   61506ms] [LOG] %c[eval] code updated background-color: black;color:white;border-radius:15px @ http://localhost:5206/node_modules/.vite/deps/@strudel_web.js?v=271342c3:10
[   61564ms] [LOG] %c[sampler] load sound "glockenspiel:0:0"... done! loaded 690.4 KiB in 277ms background-color: black;color:white;border-radius:15px @ http://localhost:5206/node_modules/.vite/deps/@strudel_web.js?v=271342c3:10
[   61578ms] [LOG] %c[sampler] loading sound "glockenspiel:0" took too long background-color: black;color:white;border-radius:15px @ http://localhost:5206/node_modules/.vite/deps/@strudel_web.js?v=271342c3:10
[   65257ms] [LOG] %c[eval] code updated background-color: black;color:white;border-radius:15px @ http://localhost:5206/node_modules/.vite/deps/@strudel_web.js?v=271342c3:10
[   69008ms] [LOG] %c[eval] code updated background-color: black;color:white;border-radius:15px @ http://localhost:5206/node_modules/.vite/deps/@strudel_web.js?v=271342c3:10
[   70883ms] [LOG] %c[eval] code updated background-color: black;color:white;border-radius:15px @ http://localhost:5206/node_modules/.vite/deps/@strudel_web.js?v=271342c3:10
[   73037ms] [LOG] %c[eval] code updated background-color: black;color:white;border-radius:15px @ http://localhost:5206/node_modules/.vite/deps/@strudel_web.js?v=271342c3:10
