[     461ms] [LOG] %c🌀 @strudel/core loaded 🌀 background-color: black;color:white;border-radius:15px @ http://localhost:5207/node_modules/.vite/deps/@strudel_web.js?v=271342c3:10
[     493ms] [VERBOSE] [DOM] Password field is not contained in a form: (More info: https://goo.gl/9p2vKq) %o @ http://localhost:5207/:0
[   14953ms] [LOG] %c[superdough] AudioWorklets loaded background-color: black;color:white;border-radius:15px @ http://localhost:5207/node_modules/.vite/deps/@strudel_web.js?v=271342c3:10
[   14953ms] [LOG] %c[superdough] ready background-color: black;color:white;border-radius:15px @ http://localhost:5207/node_modules/.vite/deps/@strudel_web.js?v=271342c3:10
[   14963ms] [LOG] %c[eval] code updated background-color: black;color:white;border-radius:15px @ http://localhost:5207/node_modules/.vite/deps/@strudel_web.js?v=271342c3:10
[   14963ms] [LOG] %c[cyclist] start background-color: black;color:white;border-radius:15px @ http://localhost:5207/node_modules/.vite/deps/@strudel_web.js?v=271342c3:10
[   17708ms] [LOG] %c[eval] code updated background-color: black;color:white;border-radius:15px @ http://localhost:5207/node_modules/.vite/deps/@strudel_web.js?v=271342c3:10
[   19234ms] [LOG] %c[eval] code updated background-color: black;color:white;border-radius:15px @ http://localhost:5207/node_modules/.vite/deps/@strudel_web.js?v=271342c3:10
[   20475ms] [LOG] %c[sampler] load sound "RolandTR909_bd:0:0".. background-color: black;color:white;border-radius:15px @ http://localhost:5207/node_modules/.vite/deps/@strudel_web.js?v=271342c3:10
[   20478ms] [LOG] %c[sampler] load sound "RolandTR909_bd:0:0"... done! loaded 80.3 KiB in 4ms background-color: black;color:white;border-radius:15px @ http://localhost:5207/node_modules/.vite/deps/@strudel_web.js?v=271342c3:10
[   22057ms] [LOG] %c[eval] code updated background-color: black;color:white;border-radius:15px @ http://localhost:5207/node_modules/.vite/deps/@strudel_web.js?v=271342c3:10
[   23470ms] [LOG] %c[eval] code updated background-color: black;color:white;border-radius:15px @ http://localhost:5207/node_modules/.vite/deps/@strudel_web.js?v=271342c3:10
[   24881ms] [LOG] %c[eval] code updated background-color: black;color:white;border-radius:15px @ http://localhost:5207/node_modules/.vite/deps/@strudel_web.js?v=271342c3:10
[   26292ms] [LOG] %c[eval] code updated background-color: black;color:white;border-radius:15px @ http://localhost:5207/node_modules/.vite/deps/@strudel_web.js?v=271342c3:10
[   27702ms] [LOG] %c[eval] code updated background-color: black;color:white;border-radius:15px @ http://localhost:5207/node_modules/.vite/deps/@strudel_web.js?v=271342c3:10
[   29115ms] [LOG] %c[eval] code updated background-color: black;color:white;border-radius:15px @ http://localhost:5207/node_modules/.vite/deps/@strudel_web.js?v=271342c3:10
[   31941ms] [LOG] %c[eval] code updated background-color: black;color:white;border-radius:15px @ http://localhost:5207/node_modules/.vite/deps/@strudel_web.js?v=271342c3:10
[   31980ms] [LOG] %c[sampler] load sound "RolandTR909_hh:0:0".. background-color: black;color:white;border-radius:15px @ http://localhost:5207/node_modules/.vite/deps/@strudel_web.js?v=271342c3:10
[   31983ms] [LOG] %c[sampler] load sound "RolandTR909_hh:0:0"... done! loaded 20.7 KiB in 2ms background-color: black;color:white;border-radius:15px @ http://localhost:5207/node_modules/.vite/deps/@strudel_web.js?v=271342c3:10
[   32071ms] [LOG] %c[sampler] load sound "RolandTR909_cp:0:0".. background-color: black;color:white;border-radius:15px @ http://localhost:5207/node_modules/.vite/deps/@strudel_web.js?v=271342c3:10
[   32071ms] [LOG] %c[sampler] load sound "cabasa:0:0".. background-color: black;color:white;border-radius:15px @ http://localhost:5207/node_modules/.vite/deps/@strudel_web.js?v=271342c3:10
[   32245ms] [LOG] %c[sampler] load sound "RolandTR909_cp:0:0"... done! loaded 132.8 KiB in 173ms background-color: black;color:white;border-radius:15px @ http://localhost:5207/node_modules/.vite/deps/@strudel_web.js?v=271342c3:10
[   32296ms] [LOG] %c[sampler] load sound "cabasa:0:0"... done! loaded 140.0 KiB in 225ms background-color: black;color:white;border-radius:15px @ http://localhost:5207/node_modules/.vite/deps/@strudel_web.js?v=271342c3:10
[   32482ms] [LOG] %c[sampler] load sound "RolandTR909_oh:0:0".. background-color: black;color:white;border-radius:15px @ http://localhost:5207/node_modules/.vite/deps/@strudel_web.js?v=271342c3:10
[   32486ms] [LOG] %c[sampler] load sound "RolandTR909_oh:0:0"... done! loaded 133.2 KiB in 3ms background-color: black;color:white;border-radius:15px @ http://localhost:5207/node_modules/.vite/deps/@strudel_web.js?v=271342c3:10
[   36173ms] [LOG] %c[eval] code updated background-color: black;color:white;border-radius:15px @ http://localhost:5207/node_modules/.vite/deps/@strudel_web.js?v=271342c3:10
[   37585ms] [LOG] %c[eval] code updated background-color: black;color:white;border-radius:15px @ http://localhost:5207/node_modules/.vite/deps/@strudel_web.js?v=271342c3:10
[   39629ms] [LOG] %c[eval] code updated background-color: black;color:white;border-radius:15px @ http://localhost:5207/node_modules/.vite/deps/@strudel_web.js?v=271342c3:10
[   42527ms] [LOG] %c[eval] code updated background-color: black;color:white;border-radius:15px @ http://localhost:5207/node_modules/.vite/deps/@strudel_web.js?v=271342c3:10
[   43946ms] [LOG] %c[eval] code updated background-color: black;color:white;border-radius:15px @ http://localhost:5207/node_modules/.vite/deps/@strudel_web.js?v=271342c3:10
[   45354ms] [LOG] %c[eval] code updated background-color: black;color:white;border-radius:15px @ http://localhost:5207/node_modules/.vite/deps/@strudel_web.js?v=271342c3:10
[   46762ms] [LOG] %c[eval] code updated background-color: black;color:white;border-radius:15px @ http://localhost:5207/node_modules/.vite/deps/@strudel_web.js?v=271342c3:10
[   48178ms] [LOG] %c[eval] code updated background-color: black;color:white;border-radius:15px @ http://localhost:5207/node_modules/.vite/deps/@strudel_web.js?v=271342c3:10
[   48972ms] [LOG] %c[sampler] load sound "RolandTR808_rim:0:0".. background-color: black;color:white;border-radius:15px @ http://localhost:5207/node_modules/.vite/deps/@strudel_web.js?v=271342c3:10
[   48975ms] [LOG] %c[sampler] load sound "RolandTR808_rim:0:0"... done! loaded 21.6 KiB in 2ms background-color: black;color:white;border-radius:15px @ http://localhost:5207/node_modules/.vite/deps/@strudel_web.js?v=271342c3:10
[   52414ms] [LOG] %c[eval] code updated background-color: black;color:white;border-radius:15px @ http://localhost:5207/node_modules/.vite/deps/@strudel_web.js?v=271342c3:10
[   53823ms] [LOG] %c[eval] code updated background-color: black;color:white;border-radius:15px @ http://localhost:5207/node_modules/.vite/deps/@strudel_web.js?v=271342c3:10
[   56643ms] [LOG] %c[eval] code updated background-color: black;color:white;border-radius:15px @ http://localhost:5207/node_modules/.vite/deps/@strudel_web.js?v=271342c3:10
[   61801ms] [LOG] %c[eval] code updated background-color: black;color:white;border-radius:15px @ http://localhost:5207/node_modules/.vite/deps/@strudel_web.js?v=271342c3:10
[   62271ms] [LOG] %c[sampler] load sound "RolandTR808_sd:0:0".. background-color: black;color:white;border-radius:15px @ http://localhost:5207/node_modules/.vite/deps/@strudel_web.js?v=271342c3:10
[   62466ms] [LOG] %c[sampler] load sound "RolandTR808_sd:0:0"... done! loaded 21.6 KiB in 195ms background-color: black;color:white;border-radius:15px @ http://localhost:5207/node_modules/.vite/deps/@strudel_web.js?v=271342c3:10
[   64471ms] [LOG] %c[eval] code updated background-color: black;color:white;border-radius:15px @ http://localhost:5207/node_modules/.vite/deps/@strudel_web.js?v=271342c3:10
[   66687ms] [LOG] %c[eval] code updated background-color: black;color:white;border-radius:15px @ http://localhost:5207/node_modules/.vite/deps/@strudel_web.js?v=271342c3:10
[   68590ms] [LOG] %c[eval] code updated background-color: black;color:white;border-radius:15px @ http://localhost:5207/node_modules/.vite/deps/@strudel_web.js?v=271342c3:10
[   71484ms] [LOG] %c[eval] code updated background-color: black;color:white;border-radius:15px @ http://localhost:5207/node_modules/.vite/deps/@strudel_web.js?v=271342c3:10
[   80970ms] [LOG] %c🌀 @strudel/core loaded 🌀 background-color: black;color:white;border-radius:15px @ http://localhost:5207/node_modules/.vite/deps/@strudel_web.js?v=271342c3:10
[   80990ms] [VERBOSE] [DOM] Password field is not contained in a form: (More info: https://goo.gl/9p2vKq) %o @ http://localhost:5207/:0
