[     125ms] [LOG] %c🌀 @strudel/core loaded 🌀 background-color: black;color:white;border-radius:15px @ http://localhost:5207/node_modules/.vite/deps/@strudel_web.js?v=271342c3:10
[     145ms] [VERBOSE] [DOM] Password field is not contained in a form: (More info: https://goo.gl/9p2vKq) %o @ http://localhost:5207/:0
[   15666ms] [LOG] %c[eval] code updated background-color: black;color:white;border-radius:15px @ http://localhost:5207/node_modules/.vite/deps/@strudel_web.js?v=271342c3:10
[   15666ms] [LOG] %c[cyclist] start background-color: black;color:white;border-radius:15px @ http://localhost:5207/node_modules/.vite/deps/@strudel_web.js?v=271342c3:10
[   16969ms] [LOG] %c[superdough] AudioWorklets loaded background-color: black;color:white;border-radius:15px @ http://localhost:5207/node_modules/.vite/deps/@strudel_web.js?v=271342c3:10
[   16969ms] [LOG] %c[superdough] ready background-color: black;color:white;border-radius:15px @ http://localhost:5207/node_modules/.vite/deps/@strudel_web.js?v=271342c3:10
[   18391ms] [LOG] %c[eval] code updated background-color: black;color:white;border-radius:15px @ http://localhost:5207/node_modules/.vite/deps/@strudel_web.js?v=271342c3:10
[   20367ms] [LOG] %c[eval] code updated background-color: black;color:white;border-radius:15px @ http://localhost:5207/node_modules/.vite/deps/@strudel_web.js?v=271342c3:10
[   20570ms] [LOG] %c[sampler] load sound "RolandTR909_bd:0:0".. background-color: black;color:white;border-radius:15px @ http://localhost:5207/node_modules/.vite/deps/@strudel_web.js?v=271342c3:10
[   20574ms] [LOG] %c[sampler] load sound "RolandTR909_bd:0:0"... done! loaded 80.3 KiB in 3ms background-color: black;color:white;border-radius:15px @ http://localhost:5207/node_modules/.vite/deps/@strudel_web.js?v=271342c3:10
[   24117ms] [LOG] %c[eval] code updated background-color: black;color:white;border-radius:15px @ http://localhost:5207/node_modules/.vite/deps/@strudel_web.js?v=271342c3:10
[   24270ms] [LOG] %c[sampler] load sound "RolandTR909_hh:0:0".. background-color: black;color:white;border-radius:15px @ http://localhost:5207/node_modules/.vite/deps/@strudel_web.js?v=271342c3:10
[   24272ms] [LOG] %c[sampler] load sound "RolandTR909_hh:0:0"... done! loaded 20.7 KiB in 2ms background-color: black;color:white;border-radius:15px @ http://localhost:5207/node_modules/.vite/deps/@strudel_web.js?v=271342c3:10
[   24569ms] [LOG] %c[sampler] load sound "RolandTR909_oh:0:0".. background-color: black;color:white;border-radius:15px @ http://localhost:5207/node_modules/.vite/deps/@strudel_web.js?v=271342c3:10
[   24574ms] [LOG] %c[sampler] load sound "RolandTR909_oh:0:0"... done! loaded 133.2 KiB in 4ms background-color: black;color:white;border-radius:15px @ http://localhost:5207/node_modules/.vite/deps/@strudel_web.js?v=271342c3:10
[   27869ms] [LOG] %c[eval] code updated background-color: black;color:white;border-radius:15px @ http://localhost:5207/node_modules/.vite/deps/@strudel_web.js?v=271342c3:10
[   28070ms] [LOG] %c[sampler] load sound "RolandTR909_cp:0:0".. background-color: black;color:white;border-radius:15px @ http://localhost:5207/node_modules/.vite/deps/@strudel_web.js?v=271342c3:10
[   28075ms] [LOG] %c[sampler] load sound "RolandTR909_cp:0:0"... done! loaded 132.8 KiB in 4ms background-color: black;color:white;border-radius:15px @ http://localhost:5207/node_modules/.vite/deps/@strudel_web.js?v=271342c3:10
[   29070ms] [LOG] %c[sampler] load sound "RolandTR808_rim:0:0".. background-color: black;color:white;border-radius:15px @ http://localhost:5207/node_modules/.vite/deps/@strudel_web.js?v=271342c3:10
[   29074ms] [LOG] %c[sampler] load sound "RolandTR808_rim:0:0"... done! loaded 21.6 KiB in 3ms background-color: black;color:white;border-radius:15px @ http://localhost:5207/node_modules/.vite/deps/@strudel_web.js?v=271342c3:10
[   39118ms] [LOG] %c[eval] code updated background-color: black;color:white;border-radius:15px @ http://localhost:5207/node_modules/.vite/deps/@strudel_web.js?v=271342c3:10
[   48495ms] [LOG] %c[eval] code updated background-color: black;color:white;border-radius:15px @ http://localhost:5207/node_modules/.vite/deps/@strudel_web.js?v=271342c3:10
[   50366ms] [LOG] %c[eval] code updated background-color: black;color:white;border-radius:15px @ http://localhost:5207/node_modules/.vite/deps/@strudel_web.js?v=271342c3:10
[   59739ms] [LOG] %c[eval] code updated background-color: black;color:white;border-radius:15px @ http://localhost:5207/node_modules/.vite/deps/@strudel_web.js?v=271342c3:10
[   61895ms] [LOG] %c[eval] code updated background-color: black;color:white;border-radius:15px @ http://localhost:5207/node_modules/.vite/deps/@strudel_web.js?v=271342c3:10
[   64495ms] [LOG] %c[eval] code updated background-color: black;color:white;border-radius:15px @ http://localhost:5207/node_modules/.vite/deps/@strudel_web.js?v=271342c3:10
[   67159ms] [LOG] %c[eval] code updated background-color: black;color:white;border-radius:15px @ http://localhost:5207/node_modules/.vite/deps/@strudel_web.js?v=271342c3:10
[   69826ms] [LOG] %c[eval] code updated background-color: black;color:white;border-radius:15px @ http://localhost:5207/node_modules/.vite/deps/@strudel_web.js?v=271342c3:10
[   71776ms] [LOG] %c[eval] code updated background-color: black;color:white;border-radius:15px @ http://localhost:5207/node_modules/.vite/deps/@strudel_web.js?v=271342c3:10
[   73643ms] [LOG] %c[eval] code updated background-color: black;color:white;border-radius:15px @ http://localhost:5207/node_modules/.vite/deps/@strudel_web.js?v=271342c3:10
[   73672ms] [LOG] %c[sampler] load sound "cabasa:0:0".. background-color: black;color:white;border-radius:15px @ http://localhost:5207/node_modules/.vite/deps/@strudel_web.js?v=271342c3:10
[   73675ms] [LOG] %c[sampler] load sound "cabasa:0:0"... done! loaded 140.0 KiB in 4ms background-color: black;color:white;border-radius:15px @ http://localhost:5207/node_modules/.vite/deps/@strudel_web.js?v=271342c3:10
[   73871ms] [LOG] %c[sampler] load sound "RolandTR808_sd:0:0".. background-color: black;color:white;border-radius:15px @ http://localhost:5207/node_modules/.vite/deps/@strudel_web.js?v=271342c3:10
[   73873ms] [LOG] %c[sampler] load sound "RolandTR808_sd:0:0"... done! loaded 21.6 KiB in 2ms background-color: black;color:white;border-radius:15px @ http://localhost:5207/node_modules/.vite/deps/@strudel_web.js?v=271342c3:10
[   75271ms] [LOG] %c[sampler] load sound "piano:0:0".. background-color: black;color:white;border-radius:15px @ http://localhost:5207/node_modules/.vite/deps/@strudel_web.js?v=271342c3:10
[   75514ms] [LOG] %c[sampler] load sound "piano:0:0"... done! loaded 220.0 KiB in 242ms background-color: black;color:white;border-radius:15px @ http://localhost:5207/node_modules/.vite/deps/@strudel_web.js?v=271342c3:10
[   75519ms] [LOG] %c[eval] code updated background-color: black;color:white;border-radius:15px @ http://localhost:5207/node_modules/.vite/deps/@strudel_web.js?v=271342c3:10
[   75581ms] [LOG] %c[sampler] loading sound "piano:0" took too long background-color: black;color:white;border-radius:15px @ http://localhost:5207/node_modules/.vite/deps/@strudel_web.js?v=271342c3:10
[   79272ms] [LOG] %c[eval] code updated background-color: black;color:white;border-radius:15px @ http://localhost:5207/node_modules/.vite/deps/@strudel_web.js?v=271342c3:10
[   83024ms] [LOG] %c[eval] code updated background-color: black;color:white;border-radius:15px @ http://localhost:5207/node_modules/.vite/deps/@strudel_web.js?v=271342c3:10
[   84895ms] [LOG] %c[eval] code updated background-color: black;color:white;border-radius:15px @ http://localhost:5207/node_modules/.vite/deps/@strudel_web.js?v=271342c3:10
[   86774ms] [LOG] %c[eval] code updated background-color: black;color:white;border-radius:15px @ http://localhost:5207/node_modules/.vite/deps/@strudel_web.js?v=271342c3:10
[   88644ms] [LOG] %c[eval] code updated background-color: black;color:white;border-radius:15px @ http://localhost:5207/node_modules/.vite/deps/@strudel_web.js?v=271342c3:10
[   90521ms] [LOG] %c[eval] code updated background-color: black;color:white;border-radius:15px @ http://localhost:5207/node_modules/.vite/deps/@strudel_web.js?v=271342c3:10
[   92397ms] [LOG] %c[eval] code updated background-color: black;color:white;border-radius:15px @ http://localhost:5207/node_modules/.vite/deps/@strudel_web.js?v=271342c3:10
[   97621ms] [LOG] %c[eval] code updated background-color: black;color:white;border-radius:15px @ http://localhost:5207/node_modules/.vite/deps/@strudel_web.js?v=271342c3:10
[  100285ms] [LOG] %c[eval] code updated background-color: black;color:white;border-radius:15px @ http://localhost:5207/node_modules/.vite/deps/@strudel_web.js?v=271342c3:10
[  104114ms] [LOG] %c[eval] code updated background-color: black;color:white;border-radius:15px @ http://localhost:5207/node_modules/.vite/deps/@strudel_web.js?v=271342c3:10
[  106259ms] [LOG] %c[eval] code updated background-color: black;color:white;border-radius:15px @ http://localhost:5207/node_modules/.vite/deps/@strudel_web.js?v=271342c3:10
[  110038ms] [LOG] %c[eval] code updated background-color: black;color:white;border-radius:15px @ http://localhost:5207/node_modules/.vite/deps/@strudel_web.js?v=271342c3:10
[  112184ms] [LOG] %c[eval] code updated background-color: black;color:white;border-radius:15px @ http://localhost:5207/node_modules/.vite/deps/@strudel_web.js?v=271342c3:10
[  114097ms] [LOG] %c[eval] code updated background-color: black;color:white;border-radius:15px @ http://localhost:5207/node_modules/.vite/deps/@strudel_web.js?v=271342c3:10
[  161288ms] [LOG] %c🌀 @strudel/core loaded 🌀 background-color: black;color:white;border-radius:15px @ http://localhost:5207/node_modules/.vite/deps/@strudel_web.js?v=271342c3:10
[  161309ms] [VERBOSE] [DOM] Password field is not contained in a form: (More info: https://goo.gl/9p2vKq) %o @ http://localhost:5207/:0
[  167937ms] [LOG] %c[eval] code updated background-color: black;color:white;border-radius:15px @ http://localhost:5207/node_modules/.vite/deps/@strudel_web.js?v=271342c3:10
[  167938ms] [LOG] %c[cyclist] start background-color: black;color:white;border-radius:15px @ http://localhost:5207/node_modules/.vite/deps/@strudel_web.js?v=271342c3:10
[  170669ms] [LOG] %c[eval] code updated background-color: black;color:white;border-radius:15px @ http://localhost:5207/node_modules/.vite/deps/@strudel_web.js?v=271342c3:10
[  172189ms] [LOG] %c[eval] code updated background-color: black;color:white;border-radius:15px @ http://localhost:5207/node_modules/.vite/deps/@strudel_web.js?v=271342c3:10
[  173460ms] [LOG] %c[sampler] load sound "RolandTR909_bd:0:0".. background-color: black;color:white;border-radius:15px @ http://localhost:5207/node_modules/.vite/deps/@strudel_web.js?v=271342c3:10
[  173669ms] [LOG] %c[sampler] load sound "RolandTR909_bd:0:0"... done! loaded 80.3 KiB in 208ms background-color: black;color:white;border-radius:15px @ http://localhost:5207/node_modules/.vite/deps/@strudel_web.js?v=271342c3:10
[  173671ms] [LOG] %c[sampler] loading sound "RolandTR909_bd:0" took too long background-color: black;color:white;border-radius:15px @ http://localhost:5207/node_modules/.vite/deps/@strudel_web.js?v=271342c3:10
[  174845ms] [LOG] %c[getTrigger] error: Failed to construct 'AudioWorkletNode': AudioWorkletNode cannot be created: AudioWorklet does not have a valid AudioWorkletGlobalScope. Load a script via audioWorklet.addModule() first. background-color: black;color:white;border-radius:15px @ http://localhost:5207/node_modules/.vite/deps/@strudel_web.js?v=271342c3:10
[  175014ms] [LOG] %c[eval] code updated background-color: black;color:white;border-radius:15px @ http://localhost:5207/node_modules/.vite/deps/@strudel_web.js?v=271342c3:10
[  175044ms] [LOG] %c[sampler] load sound "RolandTR909_hh:0:0".. background-color: black;color:white;border-radius:15px @ http://localhost:5207/node_modules/.vite/deps/@strudel_web.js?v=271342c3:10
[  175230ms] [LOG] %c[sampler] load sound "RolandTR909_hh:0:0"... done! loaded 20.7 KiB in 186ms background-color: black;color:white;border-radius:15px @ http://localhost:5207/node_modules/.vite/deps/@strudel_web.js?v=271342c3:10
[  175344ms] [LOG] %c[sampler] load sound "RolandTR909_oh:0:0".. background-color: black;color:white;border-radius:15px @ http://localhost:5207/node_modules/.vite/deps/@strudel_web.js?v=271342c3:10
[  175512ms] [LOG] %c[sampler] load sound "RolandTR909_oh:0:0"... done! loaded 133.2 KiB in 168ms background-color: black;color:white;border-radius:15px @ http://localhost:5207/node_modules/.vite/deps/@strudel_web.js?v=271342c3:10
[  176245ms] [LOG] %c[getTrigger] error: Failed to construct 'AudioWorkletNode': AudioWorkletNode cannot be created: AudioWorklet does not have a valid AudioWorkletGlobalScope. Load a script via audioWorklet.addModule() first. background-color: black;color:white;border-radius:15px @ http://localhost:5207/node_modules/.vite/deps/@strudel_web.js?v=271342c3:10
[  177646ms] [LOG] %c[getTrigger] error: Failed to construct 'AudioWorkletNode': AudioWorkletNode cannot be created: AudioWorklet does not have a valid AudioWorkletGlobalScope. Load a script via audioWorklet.addModule() first. background-color: black;color:white;border-radius:15px @ http://localhost:5207/node_modules/.vite/deps/@strudel_web.js?v=271342c3:10
[  179045ms] [LOG] %c[getTrigger] error: Failed to construct 'AudioWorkletNode': AudioWorkletNode cannot be created: AudioWorklet does not have a valid AudioWorkletGlobalScope. Load a script via audioWorklet.addModule() first. background-color: black;color:white;border-radius:15px @ http://localhost:5207/node_modules/.vite/deps/@strudel_web.js?v=271342c3:10
[  179248ms] [LOG] %c[eval] code updated background-color: black;color:white;border-radius:15px @ http://localhost:5207/node_modules/.vite/deps/@strudel_web.js?v=271342c3:10
[  179444ms] [LOG] %c[sampler] load sound "RolandTR909_cp:0:0".. background-color: black;color:white;border-radius:15px @ http://localhost:5207/node_modules/.vite/deps/@strudel_web.js?v=271342c3:10
[  179448ms] [LOG] %c[sampler] load sound "RolandTR909_cp:0:0"... done! loaded 132.8 KiB in 4ms background-color: black;color:white;border-radius:15px @ http://localhost:5207/node_modules/.vite/deps/@strudel_web.js?v=271342c3:10
[  179744ms] [LOG] %c[sampler] load sound "RolandTR808_rim:0:0".. background-color: black;color:white;border-radius:15px @ http://localhost:5207/node_modules/.vite/deps/@strudel_web.js?v=271342c3:10
[  179941ms] [LOG] %c[sampler] load sound "RolandTR808_rim:0:0"... done! loaded 21.6 KiB in 196ms background-color: black;color:white;border-radius:15px @ http://localhost:5207/node_modules/.vite/deps/@strudel_web.js?v=271342c3:10
[  180445ms] [LOG] %c[getTrigger] error: Failed to construct 'AudioWorkletNode': AudioWorkletNode cannot be created: AudioWorklet does not have a valid AudioWorkletGlobalScope. Load a script via audioWorklet.addModule() first. background-color: black;color:white;border-radius:15px @ http://localhost:5207/node_modules/.vite/deps/@strudel_web.js?v=271342c3:10
[  181843ms] [LOG] %c[getTrigger] error: Failed to construct 'AudioWorkletNode': AudioWorkletNode cannot be created: AudioWorklet does not have a valid AudioWorkletGlobalScope. Load a script via audioWorklet.addModule() first. background-color: black;color:white;border-radius:15px @ http://localhost:5207/node_modules/.vite/deps/@strudel_web.js?v=271342c3:10
[  183243ms] [LOG] %c[getTrigger] error: Failed to construct 'AudioWorkletNode': AudioWorkletNode cannot be created: AudioWorklet does not have a valid AudioWorkletGlobalScope. Load a script via audioWorklet.addModule() first. background-color: black;color:white;border-radius:15px @ http://localhost:5207/node_modules/.vite/deps/@strudel_web.js?v=271342c3:10
[  184644ms] [LOG] %c[getTrigger] error: Failed to construct 'AudioWorkletNode': AudioWorkletNode cannot be created: AudioWorklet does not have a valid AudioWorkletGlobalScope. Load a script via audioWorklet.addModule() first. background-color: black;color:white;border-radius:15px @ http://localhost:5207/node_modules/.vite/deps/@strudel_web.js?v=271342c3:10
[  186145ms] [LOG] %c[getTrigger] error: Failed to construct 'AudioWorkletNode': AudioWorkletNode cannot be created: AudioWorklet does not have a valid AudioWorkletGlobalScope. Load a script via audioWorklet.addModule() first. background-color: black;color:white;border-radius:15px @ http://localhost:5207/node_modules/.vite/deps/@strudel_web.js?v=271342c3:10
[  187544ms] [LOG] %c[getTrigger] error: Failed to construct 'AudioWorkletNode': AudioWorkletNode cannot be created: AudioWorklet does not have a valid AudioWorkletGlobalScope. Load a script via audioWorklet.addModule() first. background-color: black;color:white;border-radius:15px @ http://localhost:5207/node_modules/.vite/deps/@strudel_web.js?v=271342c3:10
[  188959ms] [LOG] %c[getTrigger] error: Failed to construct 'AudioWorkletNode': AudioWorkletNode cannot be created: AudioWorklet does not have a valid AudioWorkletGlobalScope. Load a script via audioWorklet.addModule() first. background-color: black;color:white;border-radius:15px @ http://localhost:5207/node_modules/.vite/deps/@strudel_web.js?v=271342c3:10
[  188983ms] [LOG] %c[superdough] AudioWorklets loaded background-color: black;color:white;border-radius:15px @ http://localhost:5207/node_modules/.vite/deps/@strudel_web.js?v=271342c3:10
[  188983ms] [LOG] %c[superdough] ready background-color: black;color:white;border-radius:15px @ http://localhost:5207/node_modules/.vite/deps/@strudel_web.js?v=271342c3:10
[  190571ms] [LOG] %c[eval] code updated background-color: black;color:white;border-radius:15px @ http://localhost:5207/node_modules/.vite/deps/@strudel_web.js?v=271342c3:10
[  191982ms] [LOG] %c[eval] code updated background-color: black;color:white;border-radius:15px @ http://localhost:5207/node_modules/.vite/deps/@strudel_web.js?v=271342c3:10
[  199041ms] [LOG] %c[eval] code updated background-color: black;color:white;border-radius:15px @ http://localhost:5207/node_modules/.vite/deps/@strudel_web.js?v=271342c3:10
[  201865ms] [LOG] %c[eval] code updated background-color: black;color:white;border-radius:15px @ http://localhost:5207/node_modules/.vite/deps/@strudel_web.js?v=271342c3:10
[  202044ms] [LOG] %c[sampler] load sound "RolandTR808_sd:0:0".. background-color: black;color:white;border-radius:15px @ http://localhost:5207/node_modules/.vite/deps/@strudel_web.js?v=271342c3:10
[  202046ms] [LOG] %c[sampler] load sound "RolandTR808_sd:0:0"... done! loaded 21.6 KiB in 3ms background-color: black;color:white;border-radius:15px @ http://localhost:5207/node_modules/.vite/deps/@strudel_web.js?v=271342c3:10
[  208923ms] [LOG] %c[eval] code updated background-color: black;color:white;border-radius:15px @ http://localhost:5207/node_modules/.vite/deps/@strudel_web.js?v=271342c3:10
[  213158ms] [LOG] %c[eval] code updated background-color: black;color:white;border-radius:15px @ http://localhost:5207/node_modules/.vite/deps/@strudel_web.js?v=271342c3:10
[  220221ms] [LOG] %c[eval] code updated background-color: black;color:white;border-radius:15px @ http://localhost:5207/node_modules/.vite/deps/@strudel_web.js?v=271342c3:10
[  224451ms] [LOG] %c[eval] code updated background-color: black;color:white;border-radius:15px @ http://localhost:5207/node_modules/.vite/deps/@strudel_web.js?v=271342c3:10
[  231522ms] [LOG] %c[eval] code updated background-color: black;color:white;border-radius:15px @ http://localhost:5207/node_modules/.vite/deps/@strudel_web.js?v=271342c3:10
[  234335ms] [LOG] %c[eval] code updated background-color: black;color:white;border-radius:15px @ http://localhost:5207/node_modules/.vite/deps/@strudel_web.js?v=271342c3:10
[  241398ms] [LOG] %c[eval] code updated background-color: black;color:white;border-radius:15px @ http://localhost:5207/node_modules/.vite/deps/@strudel_web.js?v=271342c3:10
[  241546ms] [LOG] %c[sampler] load sound "cabasa:0:0".. background-color: black;color:white;border-radius:15px @ http://localhost:5207/node_modules/.vite/deps/@strudel_web.js?v=271342c3:10
[  241745ms] [LOG] %c[sampler] load sound "cabasa:0:0"... done! loaded 140.0 KiB in 198ms background-color: black;color:white;border-radius:15px @ http://localhost:5207/node_modules/.vite/deps/@strudel_web.js?v=271342c3:10
[  245627ms] [LOG] %c[eval] code updated background-color: black;color:white;border-radius:15px @ http://localhost:5207/node_modules/.vite/deps/@strudel_web.js?v=271342c3:10
[  247043ms] [LOG] %c[eval] code updated background-color: black;color:white;border-radius:15px @ http://localhost:5207/node_modules/.vite/deps/@strudel_web.js?v=271342c3:10
[  249864ms] [LOG] %c[eval] code updated background-color: black;color:white;border-radius:15px @ http://localhost:5207/node_modules/.vite/deps/@strudel_web.js?v=271342c3:10
[  251279ms] [LOG] %c[eval] code updated background-color: black;color:white;border-radius:15px @ http://localhost:5207/node_modules/.vite/deps/@strudel_web.js?v=271342c3:10
[  255513ms] [LOG] %c[eval] code updated background-color: black;color:white;border-radius:15px @ http://localhost:5207/node_modules/.vite/deps/@strudel_web.js?v=271342c3:10
[  256922ms] [LOG] %c[eval] code updated background-color: black;color:white;border-radius:15px @ http://localhost:5207/node_modules/.vite/deps/@strudel_web.js?v=271342c3:10
[  259749ms] [LOG] %c[eval] code updated background-color: black;color:white;border-radius:15px @ http://localhost:5207/node_modules/.vite/deps/@strudel_web.js?v=271342c3:10
[  262573ms] [LOG] %c[eval] code updated background-color: black;color:white;border-radius:15px @ http://localhost:5207/node_modules/.vite/deps/@strudel_web.js?v=271342c3:10
[  263986ms] [LOG] %c[eval] code updated background-color: black;color:white;border-radius:15px @ http://localhost:5207/node_modules/.vite/deps/@strudel_web.js?v=271342c3:10
[  271043ms] [LOG] %c[eval] code updated background-color: black;color:white;border-radius:15px @ http://localhost:5207/node_modules/.vite/deps/@strudel_web.js?v=271342c3:10
[  272459ms] [LOG] %c[eval] code updated background-color: black;color:white;border-radius:15px @ http://localhost:5207/node_modules/.vite/deps/@strudel_web.js?v=271342c3:10
[  273868ms] [LOG] %c[eval] code updated background-color: black;color:white;border-radius:15px @ http://localhost:5207/node_modules/.vite/deps/@strudel_web.js?v=271342c3:10
[  275276ms] [LOG] %c[eval] code updated background-color: black;color:white;border-radius:15px @ http://localhost:5207/node_modules/.vite/deps/@strudel_web.js?v=271342c3:10
[  279516ms] [LOG] %c[eval] code updated background-color: black;color:white;border-radius:15px @ http://localhost:5207/node_modules/.vite/deps/@strudel_web.js?v=271342c3:10
[  285160ms] [LOG] %c[eval] code updated background-color: black;color:white;border-radius:15px @ http://localhost:5207/node_modules/.vite/deps/@strudel_web.js?v=271342c3:10
[  287988ms] [LOG] %c[eval] code updated background-color: black;color:white;border-radius:15px @ http://localhost:5207/node_modules/.vite/deps/@strudel_web.js?v=271342c3:10
[  289595ms] [LOG] %c[eval] code updated background-color: black;color:white;border-radius:15px @ http://localhost:5207/node_modules/.vite/deps/@strudel_web.js?v=271342c3:10
[  291451ms] [LOG] %c[eval] code updated background-color: black;color:white;border-radius:15px @ http://localhost:5207/node_modules/.vite/deps/@strudel_web.js?v=271342c3:10
[  293315ms] [LOG] %c[eval] code updated background-color: black;color:white;border-radius:15px @ http://localhost:5207/node_modules/.vite/deps/@strudel_web.js?v=271342c3:10
[  295189ms] [LOG] %c[eval] code updated background-color: black;color:white;border-radius:15px @ http://localhost:5207/node_modules/.vite/deps/@strudel_web.js?v=271342c3:10
[  296661ms] [LOG] %c[eval] code updated background-color: black;color:white;border-radius:15px @ http://localhost:5207/node_modules/.vite/deps/@strudel_web.js?v=271342c3:10
[  299485ms] [LOG] %c[eval] code updated background-color: black;color:white;border-radius:15px @ http://localhost:5207/node_modules/.vite/deps/@strudel_web.js?v=271342c3:10
[  303719ms] [LOG] %c[eval] code updated background-color: black;color:white;border-radius:15px @ http://localhost:5207/node_modules/.vite/deps/@strudel_web.js?v=271342c3:10
[  304946ms] [LOG] %c[sampler] load sound "harmonica:0:0".. background-color: black;color:white;border-radius:15px @ http://localhost:5207/node_modules/.vite/deps/@strudel_web.js?v=271342c3:10
[  305123ms] [LOG] %c[sampler] load sound "harmonica:0:0"... done! loaded 732.3 KiB in 178ms background-color: black;color:white;border-radius:15px @ http://localhost:5207/node_modules/.vite/deps/@strudel_web.js?v=271342c3:10
[  306346ms] [LOG] %c[sampler] load sound "harmonica:0:0".. background-color: black;color:white;border-radius:15px @ http://localhost:5207/node_modules/.vite/deps/@strudel_web.js?v=271342c3:10
[  306548ms] [LOG] %c[eval] code updated background-color: black;color:white;border-radius:15px @ http://localhost:5207/node_modules/.vite/deps/@strudel_web.js?v=271342c3:10
[  306619ms] [LOG] %c[sampler] load sound "harmonica:0:0"... done! loaded 521.5 KiB in 273ms background-color: black;color:white;border-radius:15px @ http://localhost:5207/node_modules/.vite/deps/@strudel_web.js?v=271342c3:10
[  306626ms] [LOG] %c[sampler] loading sound "harmonica:0" took too long background-color: black;color:white;border-radius:15px @ http://localhost:5207/node_modules/.vite/deps/@strudel_web.js?v=271342c3:10
[  315015ms] [LOG] %c[eval] code updated background-color: black;color:white;border-radius:15px @ http://localhost:5207/node_modules/.vite/deps/@strudel_web.js?v=271342c3:10
[  316430ms] [LOG] %c[eval] code updated background-color: black;color:white;border-radius:15px @ http://localhost:5207/node_modules/.vite/deps/@strudel_web.js?v=271342c3:10
[  318498ms] [LOG] %c[eval] code updated background-color: black;color:white;border-radius:15px @ http://localhost:5207/node_modules/.vite/deps/@strudel_web.js?v=271342c3:10
[  440549ms] [LOG] %c[cyclist] stop background-color: black;color:white;border-radius:15px @ http://localhost:5207/node_modules/.vite/deps/@strudel_web.js?v=271342c3:10
[  462974ms] [ERROR] Failed to load resource: the server responded with a status of 500 (Internal Server Error) @ http://localhost:5207/src/rendering/WaveTerrain.ts?t=1786384030971:0
[  468672ms] [ERROR] Failed to load resource: the server responded with a status of 500 (Internal Server Error) @ http://localhost:5207/src/rendering/WaveTerrain.ts?t=1786384036886:0
[  483111ms] [LOG] %c🌀 @strudel/core loaded 🌀 background-color: black;color:white;border-radius:15px @ http://localhost:5207/node_modules/.vite/deps/@strudel_web.js?v=271342c3:10
[  483130ms] [VERBOSE] [DOM] Password field is not contained in a form: (More info: https://goo.gl/9p2vKq) %o @ http://localhost:5207/:0
[  504260ms] [LOG] %c🌀 @strudel/core loaded 🌀 background-color: black;color:white;border-radius:15px @ http://localhost:5207/node_modules/.vite/deps/@strudel_web.js?v=271342c3:10
[  504279ms] [VERBOSE] [DOM] Password field is not contained in a form: (More info: https://goo.gl/9p2vKq) %o @ http://localhost:5207/:0
[  513206ms] [LOG] %c🌀 @strudel/core loaded 🌀 background-color: black;color:white;border-radius:15px @ http://localhost:5207/node_modules/.vite/deps/@strudel_web.js?v=271342c3:10
[  513225ms] [VERBOSE] [DOM] Password field is not contained in a form: (More info: https://goo.gl/9p2vKq) %o @ http://localhost:5207/:0
[  524316ms] [LOG] %c🌀 @strudel/core loaded 🌀 background-color: black;color:white;border-radius:15px @ http://localhost:5207/node_modules/.vite/deps/@strudel_web.js?v=271342c3:10
[  524335ms] [VERBOSE] [DOM] Password field is not contained in a form: (More info: https://goo.gl/9p2vKq) %o @ http://localhost:5207/:0
