[     336ms] [LOG] %c🌀 @strudel/core loaded 🌀 background-color: black;color:white;border-radius:15px @ http://localhost:5212/node_modules/.vite/deps/@strudel_web.js?v=271342c3:10
[     360ms] [VERBOSE] [DOM] Password field is not contained in a form: (More info: https://goo.gl/9p2vKq) %o @ http://localhost:5212/:0
[   16060ms] [LOG] %c[superdough] AudioWorklets loaded background-color: black;color:white;border-radius:15px @ http://localhost:5212/node_modules/.vite/deps/@strudel_web.js?v=271342c3:10
[   16060ms] [LOG] %c[superdough] ready background-color: black;color:white;border-radius:15px @ http://localhost:5212/node_modules/.vite/deps/@strudel_web.js?v=271342c3:10
[   16164ms] [LOG] %c[eval] code updated background-color: black;color:white;border-radius:15px @ http://localhost:5212/node_modules/.vite/deps/@strudel_web.js?v=271342c3:10
[   16164ms] [LOG] %c[cyclist] start background-color: black;color:white;border-radius:15px @ http://localhost:5212/node_modules/.vite/deps/@strudel_web.js?v=271342c3:10
[   18893ms] [LOG] %c[eval] code updated background-color: black;color:white;border-radius:15px @ http://localhost:5212/node_modules/.vite/deps/@strudel_web.js?v=271342c3:10
[   20693ms] [LOG] %c[eval] code updated background-color: black;color:white;border-radius:15px @ http://localhost:5212/node_modules/.vite/deps/@strudel_web.js?v=271342c3:10
[   20873ms] [LOG] %c[sampler] load sound "RolandTR909_bd:0:0".. background-color: black;color:white;border-radius:15px @ http://localhost:5212/node_modules/.vite/deps/@strudel_web.js?v=271342c3:10
[   21079ms] [LOG] %c[sampler] load sound "RolandTR909_bd:0:0"... done! loaded 80.3 KiB in 206ms background-color: black;color:white;border-radius:15px @ http://localhost:5212/node_modules/.vite/deps/@strudel_web.js?v=271342c3:10
[   24123ms] [LOG] %c[eval] code updated background-color: black;color:white;border-radius:15px @ http://localhost:5212/node_modules/.vite/deps/@strudel_web.js?v=271342c3:10
[   24172ms] [LOG] %c[sampler] load sound "RolandTR909_oh:0:0".. background-color: black;color:white;border-radius:15px @ http://localhost:5212/node_modules/.vite/deps/@strudel_web.js?v=271342c3:10
[   24271ms] [LOG] %c[sampler] load sound "RolandTR909_hh:0:0".. background-color: black;color:white;border-radius:15px @ http://localhost:5212/node_modules/.vite/deps/@strudel_web.js?v=271342c3:10
[   24361ms] [LOG] %c[sampler] load sound "RolandTR909_oh:0:0"... done! loaded 133.2 KiB in 190ms background-color: black;color:white;border-radius:15px @ http://localhost:5212/node_modules/.vite/deps/@strudel_web.js?v=271342c3:10
[   24460ms] [LOG] %c[sampler] load sound "RolandTR909_hh:0:0"... done! loaded 20.7 KiB in 189ms background-color: black;color:white;border-radius:15px @ http://localhost:5212/node_modules/.vite/deps/@strudel_web.js?v=271342c3:10
[   25839ms] [LOG] %c[eval] code updated background-color: black;color:white;border-radius:15px @ http://localhost:5212/node_modules/.vite/deps/@strudel_web.js?v=271342c3:10
[   26072ms] [LOG] %c[sampler] load sound "RolandTR909_cp:0:0".. background-color: black;color:white;border-radius:15px @ http://localhost:5212/node_modules/.vite/deps/@strudel_web.js?v=271342c3:10
[   26251ms] [LOG] %c[sampler] load sound "RolandTR909_cp:0:0"... done! loaded 132.8 KiB in 180ms background-color: black;color:white;border-radius:15px @ http://localhost:5212/node_modules/.vite/deps/@strudel_web.js?v=271342c3:10
[   27553ms] [LOG] %c[eval] code updated background-color: black;color:white;border-radius:15px @ http://localhost:5212/node_modules/.vite/deps/@strudel_web.js?v=271342c3:10
[   28671ms] [LOG] %c[sampler] load sound "RolandTR808_rim:0:0".. background-color: black;color:white;border-radius:15px @ http://localhost:5212/node_modules/.vite/deps/@strudel_web.js?v=271342c3:10
[   28829ms] [LOG] %c[sampler] load sound "RolandTR808_rim:0:0"... done! loaded 21.6 KiB in 157ms background-color: black;color:white;border-radius:15px @ http://localhost:5212/node_modules/.vite/deps/@strudel_web.js?v=271342c3:10
[   32695ms] [LOG] %c[eval] code updated background-color: black;color:white;border-radius:15px @ http://localhost:5212/node_modules/.vite/deps/@strudel_web.js?v=271342c3:10
[   36122ms] [LOG] %c[eval] code updated background-color: black;color:white;border-radius:15px @ http://localhost:5212/node_modules/.vite/deps/@strudel_web.js?v=271342c3:10
[   36171ms] [LOG] %c[sampler] load sound "RolandTR808_hh:0:0".. background-color: black;color:white;border-radius:15px @ http://localhost:5212/node_modules/.vite/deps/@strudel_web.js?v=271342c3:10
[   36351ms] [LOG] %c[sampler] load sound "RolandTR808_hh:0:0"... done! loaded 21.6 KiB in 181ms background-color: black;color:white;border-radius:15px @ http://localhost:5212/node_modules/.vite/deps/@strudel_web.js?v=271342c3:10
[   37272ms] [LOG] %c[sampler] load sound "RolandTR808_bd:0:0".. background-color: black;color:white;border-radius:15px @ http://localhost:5212/node_modules/.vite/deps/@strudel_web.js?v=271342c3:10
[   37440ms] [LOG] %c[sampler] load sound "RolandTR808_bd:0:0"... done! loaded 21.6 KiB in 167ms background-color: black;color:white;border-radius:15px @ http://localhost:5212/node_modules/.vite/deps/@strudel_web.js?v=271342c3:10
[   39338ms] [LOG] %c[eval] code updated background-color: black;color:white;border-radius:15px @ http://localhost:5212/node_modules/.vite/deps/@strudel_web.js?v=271342c3:10
[   39972ms] [LOG] %c[sampler] load sound "glockenspiel:0:0".. background-color: black;color:white;border-radius:15px @ http://localhost:5212/node_modules/.vite/deps/@strudel_web.js?v=271342c3:10
[   40162ms] [LOG] %c[sampler] load sound "glockenspiel:0:0"... done! loaded 690.4 KiB in 190ms background-color: black;color:white;border-radius:15px @ http://localhost:5212/node_modules/.vite/deps/@strudel_web.js?v=271342c3:10
[   40935ms] [LOG] %c[eval] code updated background-color: black;color:white;border-radius:15px @ http://localhost:5212/node_modules/.vite/deps/@strudel_web.js?v=271342c3:10
[   45736ms] [LOG] %c[eval] code updated background-color: black;color:white;border-radius:15px @ http://localhost:5212/node_modules/.vite/deps/@strudel_web.js?v=271342c3:10
[   47340ms] [LOG] %c[eval] code updated background-color: black;color:white;border-radius:15px @ http://localhost:5212/node_modules/.vite/deps/@strudel_web.js?v=271342c3:10
[   49094ms] [LOG] %c[eval] code updated background-color: black;color:white;border-radius:15px @ http://localhost:5212/node_modules/.vite/deps/@strudel_web.js?v=271342c3:10
[   52210ms] [LOG] %c[eval] code updated background-color: black;color:white;border-radius:15px @ http://localhost:5212/node_modules/.vite/deps/@strudel_web.js?v=271342c3:10
[   55457ms] [LOG] %c[eval] code updated background-color: black;color:white;border-radius:15px @ http://localhost:5212/node_modules/.vite/deps/@strudel_web.js?v=271342c3:10
[   57150ms] [LOG] %c[eval] code updated background-color: black;color:white;border-radius:15px @ http://localhost:5212/node_modules/.vite/deps/@strudel_web.js?v=271342c3:10
[   58745ms] [LOG] %c[eval] code updated background-color: black;color:white;border-radius:15px @ http://localhost:5212/node_modules/.vite/deps/@strudel_web.js?v=271342c3:10
[   60346ms] [LOG] %c[eval] code updated background-color: black;color:white;border-radius:15px @ http://localhost:5212/node_modules/.vite/deps/@strudel_web.js?v=271342c3:10
[   60571ms] [LOG] %c[sampler] load sound "RolandTR808_sd:0:0".. background-color: black;color:white;border-radius:15px @ http://localhost:5212/node_modules/.vite/deps/@strudel_web.js?v=271342c3:10
[   60749ms] [LOG] %c[sampler] load sound "RolandTR808_sd:0:0"... done! loaded 21.6 KiB in 177ms background-color: black;color:white;border-radius:15px @ http://localhost:5212/node_modules/.vite/deps/@strudel_web.js?v=271342c3:10
[   62247ms] [LOG] %c[eval] code updated background-color: black;color:white;border-radius:15px @ http://localhost:5212/node_modules/.vite/deps/@strudel_web.js?v=271342c3:10
[   63714ms] [LOG] %c🌀 @strudel/core loaded 🌀 background-color: black;color:white;border-radius:15px @ http://localhost:5212/node_modules/.vite/deps/@strudel_web.js?v=271342c3:10
[   63734ms] [VERBOSE] [DOM] Password field is not contained in a form: (More info: https://goo.gl/9p2vKq) %o @ http://localhost:5212/:0
[   65011ms] [LOG] %c[eval] code updated background-color: black;color:white;border-radius:15px @ http://localhost:5212/node_modules/.vite/deps/@strudel_web.js?v=271342c3:10
[   65011ms] [LOG] %c[cyclist] start background-color: black;color:white;border-radius:15px @ http://localhost:5212/node_modules/.vite/deps/@strudel_web.js?v=271342c3:10
[   81446ms] [LOG] %c🌀 @strudel/core loaded 🌀 background-color: black;color:white;border-radius:15px @ http://localhost:5212/node_modules/.vite/deps/@strudel_web.js?v=271342c3:10
[   81463ms] [VERBOSE] [DOM] Password field is not contained in a form: (More info: https://goo.gl/9p2vKq) %o @ http://localhost:5212/:0
