[     122ms] [LOG] %c🌀 @strudel/core loaded 🌀 background-color: black;color:white;border-radius:15px @ http://localhost:5202/node_modules/.vite/deps/@strudel_web.js?v=271342c3:10
[     144ms] [VERBOSE] [DOM] Password field is not contained in a form: (More info: https://goo.gl/9p2vKq) %o @ http://localhost:5202/:0
[    9755ms] [LOG] %c[eval] code updated background-color: black;color:white;border-radius:15px @ http://localhost:5202/node_modules/.vite/deps/@strudel_web.js?v=271342c3:10
[    9755ms] [LOG] %c[cyclist] start background-color: black;color:white;border-radius:15px @ http://localhost:5202/node_modules/.vite/deps/@strudel_web.js?v=271342c3:10
[    9756ms] [LOG] %c[sampler] load sound "RolandTR909_bd:0:0".. background-color: black;color:white;border-radius:15px @ http://localhost:5202/node_modules/.vite/deps/@strudel_web.js?v=271342c3:10
[    9756ms] [LOG] %c[sampler] load sound "RolandTR808_rim:0:0".. background-color: black;color:white;border-radius:15px @ http://localhost:5202/node_modules/.vite/deps/@strudel_web.js?v=271342c3:10
[    9756ms] [LOG] %c[sampler] load sound "RolandTR909_hh:0:0".. background-color: black;color:white;border-radius:15px @ http://localhost:5202/node_modules/.vite/deps/@strudel_web.js?v=271342c3:10
[    9759ms] [LOG] %c[sampler] load sound "RolandTR909_oh:0:0".. background-color: black;color:white;border-radius:15px @ http://localhost:5202/node_modules/.vite/deps/@strudel_web.js?v=271342c3:10
[    9759ms] [LOG] %c[getTrigger] error: Failed to construct 'AudioWorkletNode': AudioWorkletNode cannot be created: AudioWorklet does not have a valid AudioWorkletGlobalScope. Load a script via audioWorklet.addModule() first. background-color: black;color:white;border-radius:15px @ http://localhost:5202/node_modules/.vite/deps/@strudel_web.js?v=271342c3:10
[    9760ms] [LOG] %c[sampler] load sound "RolandTR909_bd:0:0"... done! loaded 80.3 KiB in 5ms background-color: black;color:white;border-radius:15px @ http://localhost:5202/node_modules/.vite/deps/@strudel_web.js?v=271342c3:10
[    9760ms] [LOG] %c[sampler] load sound "RolandTR808_rim:0:0"... done! loaded 21.6 KiB in 4ms background-color: black;color:white;border-radius:15px @ http://localhost:5202/node_modules/.vite/deps/@strudel_web.js?v=271342c3:10
[    9760ms] [LOG] %c[sampler] load sound "RolandTR909_hh:0:0"... done! loaded 20.7 KiB in 4ms background-color: black;color:white;border-radius:15px @ http://localhost:5202/node_modules/.vite/deps/@strudel_web.js?v=271342c3:10
[    9760ms] [LOG] %c[sampler] load sound "RolandTR909_oh:0:0"... done! loaded 133.2 KiB in 2ms background-color: black;color:white;border-radius:15px @ http://localhost:5202/node_modules/.vite/deps/@strudel_web.js?v=271342c3:10
[    9762ms] [LOG] %c[getTrigger] error: Failed to construct 'AudioWorkletNode': AudioWorkletNode cannot be created: AudioWorklet does not have a valid AudioWorkletGlobalScope. Load a script via audioWorklet.addModule() first. background-color: black;color:white;border-radius:15px @ http://localhost:5202/node_modules/.vite/deps/@strudel_web.js?v=271342c3:10
[    9962ms] [LOG] %c[sampler] load sound "RolandTR909_cp:0:0".. background-color: black;color:white;border-radius:15px @ http://localhost:5202/node_modules/.vite/deps/@strudel_web.js?v=271342c3:10
[    9964ms] [LOG] %c[sampler] load sound "RolandTR909_cp:0:0"... done! loaded 132.8 KiB in 2ms background-color: black;color:white;border-radius:15px @ http://localhost:5202/node_modules/.vite/deps/@strudel_web.js?v=271342c3:10
[   10852ms] [LOG] %c[superdough] AudioWorklets loaded background-color: black;color:white;border-radius:15px @ http://localhost:5202/node_modules/.vite/deps/@strudel_web.js?v=271342c3:10
[   10852ms] [LOG] %c[superdough] ready background-color: black;color:white;border-radius:15px @ http://localhost:5202/node_modules/.vite/deps/@strudel_web.js?v=271342c3:10
[   11230ms] [LOG] %c[eval] code updated background-color: black;color:white;border-radius:15px @ http://localhost:5202/node_modules/.vite/deps/@strudel_web.js?v=271342c3:10
[   13384ms] [LOG] %c[eval] code updated background-color: black;color:white;border-radius:15px @ http://localhost:5202/node_modules/.vite/deps/@strudel_web.js?v=271342c3:10
[   19047ms] [LOG] %c[eval] code updated background-color: black;color:white;border-radius:15px @ http://localhost:5202/node_modules/.vite/deps/@strudel_web.js?v=271342c3:10
[   20919ms] [LOG] %c[eval] code updated background-color: black;color:white;border-radius:15px @ http://localhost:5202/node_modules/.vite/deps/@strudel_web.js?v=271342c3:10
[   24667ms] [LOG] %c[eval] code updated background-color: black;color:white;border-radius:15px @ http://localhost:5202/node_modules/.vite/deps/@strudel_web.js?v=271342c3:10
[   26543ms] [LOG] %c[eval] code updated background-color: black;color:white;border-radius:15px @ http://localhost:5202/node_modules/.vite/deps/@strudel_web.js?v=271342c3:10
[   32236ms] [LOG] %c[eval] code updated background-color: black;color:white;border-radius:15px @ http://localhost:5202/node_modules/.vite/deps/@strudel_web.js?v=271342c3:10
[   32361ms] [LOG] %c[sampler] load sound "RolandTR808_sd:0:0".. background-color: black;color:white;border-radius:15px @ http://localhost:5202/node_modules/.vite/deps/@strudel_web.js?v=271342c3:10
[   32365ms] [LOG] %c[sampler] load sound "RolandTR808_sd:0:0"... done! loaded 21.6 KiB in 4ms background-color: black;color:white;border-radius:15px @ http://localhost:5202/node_modules/.vite/deps/@strudel_web.js?v=271342c3:10
[   36468ms] [LOG] %c[eval] code updated background-color: black;color:white;border-radius:15px @ http://localhost:5202/node_modules/.vite/deps/@strudel_web.js?v=271342c3:10
[   42116ms] [LOG] %c[eval] code updated background-color: black;color:white;border-radius:15px @ http://localhost:5202/node_modules/.vite/deps/@strudel_web.js?v=271342c3:10
[   43543ms] [LOG] %c[eval] code updated background-color: black;color:white;border-radius:15px @ http://localhost:5202/node_modules/.vite/deps/@strudel_web.js?v=271342c3:10
[   46349ms] [LOG] %c[eval] code updated background-color: black;color:white;border-radius:15px @ http://localhost:5202/node_modules/.vite/deps/@strudel_web.js?v=271342c3:10
[   47985ms] [LOG] %c[eval] code updated background-color: black;color:white;border-radius:15px @ http://localhost:5202/node_modules/.vite/deps/@strudel_web.js?v=271342c3:10
[   50497ms] [LOG] %c[eval] code updated background-color: black;color:white;border-radius:15px @ http://localhost:5202/node_modules/.vite/deps/@strudel_web.js?v=271342c3:10
[   52719ms] [LOG] %c[eval] code updated background-color: black;color:white;border-radius:15px @ http://localhost:5202/node_modules/.vite/deps/@strudel_web.js?v=271342c3:10
[   56508ms] [LOG] %c[eval] code updated background-color: black;color:white;border-radius:15px @ http://localhost:5202/node_modules/.vite/deps/@strudel_web.js?v=271342c3:10
[   58372ms] [LOG] %c[eval] code updated background-color: black;color:white;border-radius:15px @ http://localhost:5202/node_modules/.vite/deps/@strudel_web.js?v=271342c3:10
[   60521ms] [LOG] %c[eval] code updated background-color: black;color:white;border-radius:15px @ http://localhost:5202/node_modules/.vite/deps/@strudel_web.js?v=271342c3:10
[   63144ms] [LOG] %c[eval] code updated background-color: black;color:white;border-radius:15px @ http://localhost:5202/node_modules/.vite/deps/@strudel_web.js?v=271342c3:10
