[     101ms] [LOG] %c🌀 @strudel/core loaded 🌀 background-color: black;color:white;border-radius:15px @ http://localhost:5199/node_modules/.vite/deps/@strudel_web.js?v=a3df4357:10
[    4693ms] [LOG] %c[eval] code updated background-color: black;color:white;border-radius:15px @ http://localhost:5199/node_modules/.vite/deps/@strudel_web.js?v=a3df4357:10
[    4693ms] [LOG] %c[cyclist] start background-color: black;color:white;border-radius:15px @ http://localhost:5199/node_modules/.vite/deps/@strudel_web.js?v=a3df4357:10
[    6168ms] [LOG] %c[eval] code updated background-color: black;color:white;border-radius:15px @ http://localhost:5199/node_modules/.vite/deps/@strudel_web.js?v=a3df4357:10
[   14001ms] [LOG] %c[eval] code updated background-color: black;color:white;border-radius:15px @ http://localhost:5199/node_modules/.vite/deps/@strudel_web.js?v=a3df4357:10
[   15579ms] [LOG] %c[superdough] AudioWorklets loaded background-color: black;color:white;border-radius:15px @ http://localhost:5199/node_modules/.vite/deps/@strudel_web.js?v=a3df4357:10
[   15579ms] [LOG] %c[superdough] ready background-color: black;color:white;border-radius:15px @ http://localhost:5199/node_modules/.vite/deps/@strudel_web.js?v=a3df4357:10
[   16707ms] [LOG] %c[eval] code updated background-color: black;color:white;border-radius:15px @ http://localhost:5199/node_modules/.vite/deps/@strudel_web.js?v=a3df4357:10
[   23905ms] [LOG] %c[eval] code updated background-color: black;color:white;border-radius:15px @ http://localhost:5199/node_modules/.vite/deps/@strudel_web.js?v=a3df4357:10
[   26730ms] [LOG] %c[eval] code updated background-color: black;color:white;border-radius:15px @ http://localhost:5199/node_modules/.vite/deps/@strudel_web.js?v=a3df4357:10
[   29991ms] [LOG] %c[eval] code updated background-color: black;color:white;border-radius:15px @ http://localhost:5199/node_modules/.vite/deps/@strudel_web.js?v=a3df4357:10
[   37077ms] [LOG] %c[eval] code updated background-color: black;color:white;border-radius:15px @ http://localhost:5199/node_modules/.vite/deps/@strudel_web.js?v=a3df4357:10
[   38492ms] [LOG] %c[eval] code updated background-color: black;color:white;border-radius:15px @ http://localhost:5199/node_modules/.vite/deps/@strudel_web.js?v=a3df4357:10
[   41321ms] [LOG] %c[eval] code updated background-color: black;color:white;border-radius:15px @ http://localhost:5199/node_modules/.vite/deps/@strudel_web.js?v=a3df4357:10
[   45550ms] [LOG] %c[eval] code updated background-color: black;color:white;border-radius:15px @ http://localhost:5199/node_modules/.vite/deps/@strudel_web.js?v=a3df4357:10
[   47357ms] [LOG] %c[eval] code updated background-color: black;color:white;border-radius:15px @ http://localhost:5199/node_modules/.vite/deps/@strudel_web.js?v=a3df4357:10
[   49292ms] [LOG] %c[eval] code updated background-color: black;color:white;border-radius:15px @ http://localhost:5199/node_modules/.vite/deps/@strudel_web.js?v=a3df4357:10
[   54995ms] [LOG] %c[eval] code updated background-color: black;color:white;border-radius:15px @ http://localhost:5199/node_modules/.vite/deps/@strudel_web.js?v=a3df4357:10
[   63651ms] [LOG] %c🌀 @strudel/core loaded 🌀 background-color: black;color:white;border-radius:15px @ http://localhost:5199/node_modules/.vite/deps/@strudel_web.js?v=a3df4357:10
[   72473ms] [LOG] [vite] server connection lost. Polling for restart... @ http://localhost:5199/@vite/client:998
[  969613ms] [LOG] %c🌀 @strudel/core loaded 🌀 background-color: black;color:white;border-radius:15px @ http://localhost:5199/node_modules/.vite/deps/@strudel_web.js?v=2f6a24d3:10
[  969643ms] [VERBOSE] [DOM] Password field is not contained in a form: (More info: https://goo.gl/9p2vKq) %o @ http://localhost:5199/:0
