[     133ms] [LOG] %c🌀 @strudel/core loaded 🌀 background-color: black;color:white;border-radius:15px @ http://localhost:5199/node_modules/.vite/deps/@strudel_web.js?v=a3df4357:10
[    4202ms] [LOG] %c[eval] code updated background-color: black;color:white;border-radius:15px @ http://localhost:5199/node_modules/.vite/deps/@strudel_web.js?v=a3df4357:10
[    4202ms] [LOG] %c[cyclist] start background-color: black;color:white;border-radius:15px @ http://localhost:5199/node_modules/.vite/deps/@strudel_web.js?v=a3df4357:10
[    4203ms] [LOG] %c[getTrigger] error: sound bd not found! Is it loaded? background-color: black;color:white;border-radius:15px @ http://localhost:5199/node_modules/.vite/deps/@strudel_web.js?v=a3df4357:10
[    4304ms] [LOG] %c[getTrigger] error: sound hh not found! Is it loaded? background-color: black;color:white;border-radius:15px @ http://localhost:5199/node_modules/.vite/deps/@strudel_web.js?v=a3df4357:10
[    4604ms] [LOG] %c[getTrigger] error: sound cp not found! Is it loaded? background-color: black;color:white;border-radius:15px @ http://localhost:5199/node_modules/.vite/deps/@strudel_web.js?v=a3df4357:10
[    4904ms] [LOG] %c[getTrigger] error: sound hh not found! Is it loaded? background-color: black;color:white;border-radius:15px @ http://localhost:5199/node_modules/.vite/deps/@strudel_web.js?v=a3df4357:10
[    5704ms] [LOG] %c[getTrigger] error: sound cp not found! Is it loaded? background-color: black;color:white;border-radius:15px @ http://localhost:5199/node_modules/.vite/deps/@strudel_web.js?v=a3df4357:10
[    5904ms] [LOG] %c[getTrigger] error: sound hh not found! Is it loaded? background-color: black;color:white;border-radius:15px @ http://localhost:5199/node_modules/.vite/deps/@strudel_web.js?v=a3df4357:10
[    6204ms] [LOG] %c[getTrigger] error: sound bd not found! Is it loaded? background-color: black;color:white;border-radius:15px @ http://localhost:5199/node_modules/.vite/deps/@strudel_web.js?v=a3df4357:10
[    6504ms] [LOG] %c[getTrigger] error: sound hh not found! Is it loaded? background-color: black;color:white;border-radius:15px @ http://localhost:5199/node_modules/.vite/deps/@strudel_web.js?v=a3df4357:10
[    6704ms] [LOG] %c[getTrigger] error: sound cp not found! Is it loaded? background-color: black;color:white;border-radius:15px @ http://localhost:5199/node_modules/.vite/deps/@strudel_web.js?v=a3df4357:10
[    7005ms] [LOG] %c[getTrigger] error: sound hh not found! Is it loaded? background-color: black;color:white;border-radius:15px @ http://localhost:5199/node_modules/.vite/deps/@strudel_web.js?v=a3df4357:10
[    7804ms] [LOG] %c[getTrigger] error: sound cp not found! Is it loaded? background-color: black;color:white;border-radius:15px @ http://localhost:5199/node_modules/.vite/deps/@strudel_web.js?v=a3df4357:10
[    8103ms] [LOG] %c[getTrigger] error: sound hh not found! Is it loaded? background-color: black;color:white;border-radius:15px @ http://localhost:5199/node_modules/.vite/deps/@strudel_web.js?v=a3df4357:10
[    8304ms] [LOG] %c[getTrigger] error: sound bd not found! Is it loaded? background-color: black;color:white;border-radius:15px @ http://localhost:5199/node_modules/.vite/deps/@strudel_web.js?v=a3df4357:10
[    8604ms] [LOG] %c[getTrigger] error: sound hh not found! Is it loaded? background-color: black;color:white;border-radius:15px @ http://localhost:5199/node_modules/.vite/deps/@strudel_web.js?v=a3df4357:10
[    8904ms] [LOG] %c[getTrigger] error: sound cp not found! Is it loaded? background-color: black;color:white;border-radius:15px @ http://localhost:5199/node_modules/.vite/deps/@strudel_web.js?v=a3df4357:10
[    8987ms] [LOG] %c[superdough] AudioWorklets loaded background-color: black;color:white;border-radius:15px @ http://localhost:5199/node_modules/.vite/deps/@strudel_web.js?v=a3df4357:10
[    8987ms] [LOG] %c[superdough] ready background-color: black;color:white;border-radius:15px @ http://localhost:5199/node_modules/.vite/deps/@strudel_web.js?v=a3df4357:10
[    9204ms] [LOG] %c[getTrigger] error: sound hh not found! Is it loaded? background-color: black;color:white;border-radius:15px @ http://localhost:5199/node_modules/.vite/deps/@strudel_web.js?v=a3df4357:10
[   10003ms] [LOG] %c[getTrigger] error: sound cp not found! Is it loaded? background-color: black;color:white;border-radius:15px @ http://localhost:5199/node_modules/.vite/deps/@strudel_web.js?v=a3df4357:10
[   10304ms] [LOG] %c[getTrigger] error: sound hh not found! Is it loaded? background-color: black;color:white;border-radius:15px @ http://localhost:5199/node_modules/.vite/deps/@strudel_web.js?v=a3df4357:10
[   10504ms] [LOG] %c[getTrigger] error: sound bd not found! Is it loaded? background-color: black;color:white;border-radius:15px @ http://localhost:5199/node_modules/.vite/deps/@strudel_web.js?v=a3df4357:10
[   10759ms] [LOG] %c[eval] code updated background-color: black;color:white;border-radius:15px @ http://localhost:5199/node_modules/.vite/deps/@strudel_web.js?v=a3df4357:10
[   10804ms] [LOG] %c[getTrigger] error: sound hh not found! Is it loaded? background-color: black;color:white;border-radius:15px @ http://localhost:5199/node_modules/.vite/deps/@strudel_web.js?v=a3df4357:10
[   11103ms] [LOG] %c[getTrigger] error: sound cp not found! Is it loaded? background-color: black;color:white;border-radius:15px @ http://localhost:5199/node_modules/.vite/deps/@strudel_web.js?v=a3df4357:10
[   11304ms] [LOG] %c[getTrigger] error: sound hh not found! Is it loaded? background-color: black;color:white;border-radius:15px @ http://localhost:5199/node_modules/.vite/deps/@strudel_web.js?v=a3df4357:10
[   11603ms] [LOG] %c[getTrigger] error: sound bd not found! Is it loaded? background-color: black;color:white;border-radius:15px @ http://localhost:5199/node_modules/.vite/deps/@strudel_web.js?v=a3df4357:10
[   11904ms] [LOG] %c[getTrigger] error: sound hh not found! Is it loaded? background-color: black;color:white;border-radius:15px @ http://localhost:5199/node_modules/.vite/deps/@strudel_web.js?v=a3df4357:10
[   12103ms] [LOG] %c[getTrigger] error: sound cp not found! Is it loaded? background-color: black;color:white;border-radius:15px @ http://localhost:5199/node_modules/.vite/deps/@strudel_web.js?v=a3df4357:10
[   12422ms] [LOG] %c[getTrigger] error: sound hh not found! Is it loaded? background-color: black;color:white;border-radius:15px @ http://localhost:5199/node_modules/.vite/deps/@strudel_web.js?v=a3df4357:10
[   12704ms] [LOG] %c[getTrigger] error: sound bd not found! Is it loaded? background-color: black;color:white;border-radius:15px @ http://localhost:5199/node_modules/.vite/deps/@strudel_web.js?v=a3df4357:10
[   12902ms] [LOG] %c[eval] code updated background-color: black;color:white;border-radius:15px @ http://localhost:5199/node_modules/.vite/deps/@strudel_web.js?v=a3df4357:10
[   13604ms] [LOG] %c[getTrigger] error: sound bd not found! Is it loaded? background-color: black;color:white;border-radius:15px @ http://localhost:5199/node_modules/.vite/deps/@strudel_web.js?v=a3df4357:10
[   14796ms] [LOG] %c[eval] code updated background-color: black;color:white;border-radius:15px @ http://localhost:5199/node_modules/.vite/deps/@strudel_web.js?v=a3df4357:10
[   16703ms] [LOG] %c[getTrigger] error: sound bd not found! Is it loaded? background-color: black;color:white;border-radius:15px @ http://localhost:5199/node_modules/.vite/deps/@strudel_web.js?v=a3df4357:10
[   16924ms] [LOG] %c[eval] code updated background-color: black;color:white;border-radius:15px @ http://localhost:5199/node_modules/.vite/deps/@strudel_web.js?v=a3df4357:10
[   17304ms] [LOG] %c[getTrigger] error: sound bd not found! Is it loaded? background-color: black;color:white;border-radius:15px @ http://localhost:5199/node_modules/.vite/deps/@strudel_web.js?v=a3df4357:10
[   17304ms] [LOG] %c[getTrigger] error: sound cp not found! Is it loaded? background-color: black;color:white;border-radius:15px @ http://localhost:5199/node_modules/.vite/deps/@strudel_web.js?v=a3df4357:10
[   17805ms] [LOG] %c[getTrigger] error: sound bd not found! Is it loaded? background-color: black;color:white;border-radius:15px @ http://localhost:5199/node_modules/.vite/deps/@strudel_web.js?v=a3df4357:10
[   18403ms] [LOG] %c[getTrigger] error: sound cp not found! Is it loaded? background-color: black;color:white;border-radius:15px @ http://localhost:5199/node_modules/.vite/deps/@strudel_web.js?v=a3df4357:10
[   19004ms] [LOG] %c[getTrigger] error: sound bd not found! Is it loaded? background-color: black;color:white;border-radius:15px @ http://localhost:5199/node_modules/.vite/deps/@strudel_web.js?v=a3df4357:10
[   19185ms] [LOG] %c[eval] code updated background-color: black;color:white;border-radius:15px @ http://localhost:5199/node_modules/.vite/deps/@strudel_web.js?v=a3df4357:10
[   19304ms] [LOG] %c[getTrigger] error: sound hh not found! Is it loaded? background-color: black;color:white;border-radius:15px @ http://localhost:5199/node_modules/.vite/deps/@strudel_web.js?v=a3df4357:10
[   19603ms] [LOG] %c[getTrigger] error: sound bd not found! Is it loaded? background-color: black;color:white;border-radius:15px @ http://localhost:5199/node_modules/.vite/deps/@strudel_web.js?v=a3df4357:10
[   19603ms] [LOG] %c[getTrigger] error: sound cp not found! Is it loaded? background-color: black;color:white;border-radius:15px @ http://localhost:5199/node_modules/.vite/deps/@strudel_web.js?v=a3df4357:10
[   19903ms] [LOG] %c[getTrigger] error: sound hh not found! Is it loaded? background-color: black;color:white;border-radius:15px @ http://localhost:5199/node_modules/.vite/deps/@strudel_web.js?v=a3df4357:10
[   20204ms] [LOG] %c[getTrigger] error: sound bd not found! Is it loaded? background-color: black;color:white;border-radius:15px @ http://localhost:5199/node_modules/.vite/deps/@strudel_web.js?v=a3df4357:10
[   20504ms] [LOG] %c[getTrigger] error: sound hh not found! Is it loaded? background-color: black;color:white;border-radius:15px @ http://localhost:5199/node_modules/.vite/deps/@strudel_web.js?v=a3df4357:10
[   20804ms] [LOG] %c[getTrigger] error: sound bd not found! Is it loaded? background-color: black;color:white;border-radius:15px @ http://localhost:5199/node_modules/.vite/deps/@strudel_web.js?v=a3df4357:10
[   20804ms] [LOG] %c[getTrigger] error: sound cp not found! Is it loaded? background-color: black;color:white;border-radius:15px @ http://localhost:5199/node_modules/.vite/deps/@strudel_web.js?v=a3df4357:10
[   21103ms] [LOG] %c[getTrigger] error: sound hh not found! Is it loaded? background-color: black;color:white;border-radius:15px @ http://localhost:5199/node_modules/.vite/deps/@strudel_web.js?v=a3df4357:10
[   21504ms] [LOG] %c[getTrigger] error: sound bd not found! Is it loaded? background-color: black;color:white;border-radius:15px @ http://localhost:5199/node_modules/.vite/deps/@strudel_web.js?v=a3df4357:10
[   21669ms] [LOG] %c[eval] code updated background-color: black;color:white;border-radius:15px @ http://localhost:5199/node_modules/.vite/deps/@strudel_web.js?v=a3df4357:10
[   21806ms] [LOG] %c[getTrigger] error: sound hh not found! Is it loaded? background-color: black;color:white;border-radius:15px @ http://localhost:5199/node_modules/.vite/deps/@strudel_web.js?v=a3df4357:10
[   22103ms] [LOG] %c[getTrigger] error: sound bd not found! Is it loaded? background-color: black;color:white;border-radius:15px @ http://localhost:5199/node_modules/.vite/deps/@strudel_web.js?v=a3df4357:10
[   22104ms] [LOG] %c[getTrigger] error: sound cp not found! Is it loaded? background-color: black;color:white;border-radius:15px @ http://localhost:5199/node_modules/.vite/deps/@strudel_web.js?v=a3df4357:10
[   22506ms] [LOG] %c[getTrigger] error: sound hh not found! Is it loaded? background-color: black;color:white;border-radius:15px @ http://localhost:5199/node_modules/.vite/deps/@strudel_web.js?v=a3df4357:10
[   22804ms] [LOG] %c[getTrigger] error: sound bd not found! Is it loaded? background-color: black;color:white;border-radius:15px @ http://localhost:5199/node_modules/.vite/deps/@strudel_web.js?v=a3df4357:10
[   23105ms] [LOG] %c[getTrigger] error: sound hh not found! Is it loaded? background-color: black;color:white;border-radius:15px @ http://localhost:5199/node_modules/.vite/deps/@strudel_web.js?v=a3df4357:10
[   23505ms] [LOG] %c[getTrigger] error: sound bd not found! Is it loaded? background-color: black;color:white;border-radius:15px @ http://localhost:5199/node_modules/.vite/deps/@strudel_web.js?v=a3df4357:10
[   23505ms] [LOG] %c[getTrigger] error: sound cp not found! Is it loaded? background-color: black;color:white;border-radius:15px @ http://localhost:5199/node_modules/.vite/deps/@strudel_web.js?v=a3df4357:10
[   24384ms] [LOG] %c[eval] code updated background-color: black;color:white;border-radius:15px @ http://localhost:5199/node_modules/.vite/deps/@strudel_web.js?v=a3df4357:10
[  133624ms] [LOG] %c🌀 @strudel/core loaded 🌀 background-color: black;color:white;border-radius:15px @ http://localhost:5199/node_modules/.vite/deps/@strudel_web.js?v=a3df4357:10
[  140186ms] [LOG] %c🌀 @strudel/core loaded 🌀 background-color: black;color:white;border-radius:15px @ http://localhost:5199/node_modules/.vite/deps/@strudel_web.js?v=a3df4357:10
