[     151ms] [LOG] %c🌀 @strudel/core loaded 🌀 background-color: black;color:white;border-radius:15px @ http://localhost:5199/node_modules/.vite/deps/@strudel_web.js?v=a3df4357:10
[   17611ms] [LOG] %c[eval] code updated background-color: black;color:white;border-radius:15px @ http://localhost:5199/node_modules/.vite/deps/@strudel_web.js?v=a3df4357:10
[   17612ms] [LOG] %c[cyclist] start background-color: black;color:white;border-radius:15px @ http://localhost:5199/node_modules/.vite/deps/@strudel_web.js?v=a3df4357:10
[   17614ms] [LOG] %c[getTrigger] error: sound bd not found! Is it loaded? background-color: black;color:white;border-radius:15px @ http://localhost:5199/node_modules/.vite/deps/@strudel_web.js?v=a3df4357:10
[   18715ms] [LOG] %c[getTrigger] error: sound bd not found! Is it loaded? background-color: black;color:white;border-radius:15px @ http://localhost:5199/node_modules/.vite/deps/@strudel_web.js?v=a3df4357:10
[   19910ms] Error: setState updater must return a new object, not the current state
    at Object.setState (http://localhost:5199/src/core/stores.ts:20:11)
    at http://localhost:5199/src/app/Game.ts:128:27
    at Object.emit (http://localhost:5199/src/core/EventBus.ts:21:5)
    at GenreAffinityEngine.update (http://localhost:5199/src/genres/GenreAffinityEngine.ts:70:12)
    at GameLoop.tick [as onTick] (http://localhost:5199/src/app/Game.ts:260:21)
    at frame (http://localhost:5199/src/app/GameLoop.ts:34:8)
[   19916ms] [LOG] %c[getTrigger] error: sound bd not found! Is it loaded? background-color: black;color:white;border-radius:15px @ http://localhost:5199/node_modules/.vite/deps/@strudel_web.js?v=a3df4357:10
[   20009ms] Error: setState updater must return a new object, not the current state
    at Object.setState (http://localhost:5199/src/core/stores.ts:20:11)
    at http://localhost:5199/src/app/Game.ts:128:27
    at Object.emit (http://localhost:5199/src/core/EventBus.ts:21:5)
    at GenreAffinityEngine.update (http://localhost:5199/src/genres/GenreAffinityEngine.ts:70:12)
    at GameLoop.tick [as onTick] (http://localhost:5199/src/app/Game.ts:260:21)
    at frame (http://localhost:5199/src/app/GameLoop.ts:34:8)
[   20154ms] [LOG] %c[eval] code updated background-color: black;color:white;border-radius:15px @ http://localhost:5199/node_modules/.vite/deps/@strudel_web.js?v=a3df4357:10
[   20208ms] Error: setState updater must return a new object, not the current state
    at Object.setState (http://localhost:5199/src/core/stores.ts:20:11)
    at http://localhost:5199/src/app/Game.ts:128:27
    at Object.emit (http://localhost:5199/src/core/EventBus.ts:21:5)
    at GenreAffinityEngine.update (http://localhost:5199/src/genres/GenreAffinityEngine.ts:70:12)
    at GameLoop.tick [as onTick] (http://localhost:5199/src/app/Game.ts:260:21)
    at frame (http://localhost:5199/src/app/GameLoop.ts:34:8)
[   20308ms] Error: setState updater must return a new object, not the current state
    at Object.setState (http://localhost:5199/src/core/stores.ts:20:11)
    at http://localhost:5199/src/app/Game.ts:128:27
    at Object.emit (http://localhost:5199/src/core/EventBus.ts:21:5)
    at GenreAffinityEngine.update (http://localhost:5199/src/genres/GenreAffinityEngine.ts:70:12)
    at GameLoop.tick [as onTick] (http://localhost:5199/src/app/Game.ts:260:21)
    at frame (http://localhost:5199/src/app/GameLoop.ts:34:8)
[   20408ms] Error: setState updater must return a new object, not the current state
    at Object.setState (http://localhost:5199/src/core/stores.ts:20:11)
    at http://localhost:5199/src/app/Game.ts:128:27
    at Object.emit (http://localhost:5199/src/core/EventBus.ts:21:5)
    at GenreAffinityEngine.update (http://localhost:5199/src/genres/GenreAffinityEngine.ts:70:12)
    at GameLoop.tick [as onTick] (http://localhost:5199/src/app/Game.ts:260:21)
    at frame (http://localhost:5199/src/app/GameLoop.ts:34:8)
[   20508ms] Error: setState updater must return a new object, not the current state
    at Object.setState (http://localhost:5199/src/core/stores.ts:20:11)
    at http://localhost:5199/src/app/Game.ts:128:27
    at Object.emit (http://localhost:5199/src/core/EventBus.ts:21:5)
    at GenreAffinityEngine.update (http://localhost:5199/src/genres/GenreAffinityEngine.ts:70:12)
    at GameLoop.tick [as onTick] (http://localhost:5199/src/app/Game.ts:260:21)
    at frame (http://localhost:5199/src/app/GameLoop.ts:34:8)
[   20610ms] Error: setState updater must return a new object, not the current state
    at Object.setState (http://localhost:5199/src/core/stores.ts:20:11)
    at http://localhost:5199/src/app/Game.ts:128:27
    at Object.emit (http://localhost:5199/src/core/EventBus.ts:21:5)
    at GenreAffinityEngine.update (http://localhost:5199/src/genres/GenreAffinityEngine.ts:70:12)
    at GameLoop.tick [as onTick] (http://localhost:5199/src/app/Game.ts:260:21)
    at frame (http://localhost:5199/src/app/GameLoop.ts:34:8)
[   20615ms] [LOG] %c[getTrigger] error: sound bd not found! Is it loaded? background-color: black;color:white;border-radius:15px @ http://localhost:5199/node_modules/.vite/deps/@strudel_web.js?v=a3df4357:10
[   20809ms] Error: setState updater must return a new object, not the current state
    at Object.setState (http://localhost:5199/src/core/stores.ts:20:11)
    at http://localhost:5199/src/app/Game.ts:128:27
    at Object.emit (http://localhost:5199/src/core/EventBus.ts:21:5)
    at GenreAffinityEngine.update (http://localhost:5199/src/genres/GenreAffinityEngine.ts:70:12)
    at GameLoop.tick [as onTick] (http://localhost:5199/src/app/Game.ts:260:21)
    at frame (http://localhost:5199/src/app/GameLoop.ts:34:8)
[   20909ms] Error: setState updater must return a new object, not the current state
    at Object.setState (http://localhost:5199/src/core/stores.ts:20:11)
    at http://localhost:5199/src/app/Game.ts:128:27
    at Object.emit (http://localhost:5199/src/core/EventBus.ts:21:5)
    at GenreAffinityEngine.update (http://localhost:5199/src/genres/GenreAffinityEngine.ts:70:12)
    at GameLoop.tick [as onTick] (http://localhost:5199/src/app/Game.ts:260:21)
    at frame (http://localhost:5199/src/app/GameLoop.ts:34:8)
[   21108ms] Error: setState updater must return a new object, not the current state
    at Object.setState (http://localhost:5199/src/core/stores.ts:20:11)
    at http://localhost:5199/src/app/Game.ts:128:27
    at Object.emit (http://localhost:5199/src/core/EventBus.ts:21:5)
    at GenreAffinityEngine.update (http://localhost:5199/src/genres/GenreAffinityEngine.ts:70:12)
    at GameLoop.tick [as onTick] (http://localhost:5199/src/app/Game.ts:260:21)
    at frame (http://localhost:5199/src/app/GameLoop.ts:34:8)
[   21208ms] Error: setState updater must return a new object, not the current state
    at Object.setState (http://localhost:5199/src/core/stores.ts:20:11)
    at http://localhost:5199/src/app/Game.ts:128:27
    at Object.emit (http://localhost:5199/src/core/EventBus.ts:21:5)
    at GenreAffinityEngine.update (http://localhost:5199/src/genres/GenreAffinityEngine.ts:70:12)
    at GameLoop.tick [as onTick] (http://localhost:5199/src/app/Game.ts:260:21)
    at frame (http://localhost:5199/src/app/GameLoop.ts:34:8)
[   21309ms] Error: setState updater must return a new object, not the current state
    at Object.setState (http://localhost:5199/src/core/stores.ts:20:11)
    at http://localhost:5199/src/app/Game.ts:128:27
    at Object.emit (http://localhost:5199/src/core/EventBus.ts:21:5)
    at GenreAffinityEngine.update (http://localhost:5199/src/genres/GenreAffinityEngine.ts:70:12)
    at GameLoop.tick [as onTick] (http://localhost:5199/src/app/Game.ts:260:21)
    at frame (http://localhost:5199/src/app/GameLoop.ts:34:8)
[   21411ms] Error: setState updater must return a new object, not the current state
    at Object.setState (http://localhost:5199/src/core/stores.ts:20:11)
    at http://localhost:5199/src/app/Game.ts:128:27
    at Object.emit (http://localhost:5199/src/core/EventBus.ts:21:5)
    at GenreAffinityEngine.update (http://localhost:5199/src/genres/GenreAffinityEngine.ts:70:12)
    at GameLoop.tick [as onTick] (http://localhost:5199/src/app/Game.ts:260:21)
    at frame (http://localhost:5199/src/app/GameLoop.ts:34:8)
[   21611ms] Error: setState updater must return a new object, not the current state
    at Object.setState (http://localhost:5199/src/core/stores.ts:20:11)
    at http://localhost:5199/src/app/Game.ts:128:27
    at Object.emit (http://localhost:5199/src/core/EventBus.ts:21:5)
    at GenreAffinityEngine.update (http://localhost:5199/src/genres/GenreAffinityEngine.ts:70:12)
    at GameLoop.tick [as onTick] (http://localhost:5199/src/app/Game.ts:260:21)
    at frame (http://localhost:5199/src/app/GameLoop.ts:34:8)
[   21811ms] Error: setState updater must return a new object, not the current state
    at Object.setState (http://localhost:5199/src/core/stores.ts:20:11)
    at http://localhost:5199/src/app/Game.ts:128:27
    at Object.emit (http://localhost:5199/src/core/EventBus.ts:21:5)
    at GenreAffinityEngine.update (http://localhost:5199/src/genres/GenreAffinityEngine.ts:70:12)
    at GameLoop.tick [as onTick] (http://localhost:5199/src/app/Game.ts:260:21)
    at frame (http://localhost:5199/src/app/GameLoop.ts:34:8)
[   21816ms] [LOG] %c[getTrigger] error: sound bd not found! Is it loaded? background-color: black;color:white;border-radius:15px @ http://localhost:5199/node_modules/.vite/deps/@strudel_web.js?v=a3df4357:10
[   22009ms] Error: setState updater must return a new object, not the current state
    at Object.setState (http://localhost:5199/src/core/stores.ts:20:11)
    at http://localhost:5199/src/app/Game.ts:128:27
    at Object.emit (http://localhost:5199/src/core/EventBus.ts:21:5)
    at GenreAffinityEngine.update (http://localhost:5199/src/genres/GenreAffinityEngine.ts:70:12)
    at GameLoop.tick [as onTick] (http://localhost:5199/src/app/Game.ts:260:21)
    at frame (http://localhost:5199/src/app/GameLoop.ts:34:8)
[   22108ms] Error: setState updater must return a new object, not the current state
    at Object.setState (http://localhost:5199/src/core/stores.ts:20:11)
    at http://localhost:5199/src/app/Game.ts:128:27
    at Object.emit (http://localhost:5199/src/core/EventBus.ts:21:5)
    at GenreAffinityEngine.update (http://localhost:5199/src/genres/GenreAffinityEngine.ts:70:12)
    at GameLoop.tick [as onTick] (http://localhost:5199/src/app/Game.ts:260:21)
    at frame (http://localhost:5199/src/app/GameLoop.ts:34:8)
[   22208ms] Error: setState updater must return a new object, not the current state
    at Object.setState (http://localhost:5199/src/core/stores.ts:20:11)
    at http://localhost:5199/src/app/Game.ts:128:27
    at Object.emit (http://localhost:5199/src/core/EventBus.ts:21:5)
    at GenreAffinityEngine.update (http://localhost:5199/src/genres/GenreAffinityEngine.ts:70:12)
    at GameLoop.tick [as onTick] (http://localhost:5199/src/app/Game.ts:260:21)
    at frame (http://localhost:5199/src/app/GameLoop.ts:34:8)
[   22410ms] Error: setState updater must return a new object, not the current state
    at Object.setState (http://localhost:5199/src/core/stores.ts:20:11)
    at http://localhost:5199/src/app/Game.ts:128:27
    at Object.emit (http://localhost:5199/src/core/EventBus.ts:21:5)
    at GenreAffinityEngine.update (http://localhost:5199/src/genres/GenreAffinityEngine.ts:70:12)
    at GameLoop.tick [as onTick] (http://localhost:5199/src/app/Game.ts:260:21)
    at frame (http://localhost:5199/src/app/GameLoop.ts:34:8)
[   22607ms] Error: setState updater must return a new object, not the current state
    at Object.setState (http://localhost:5199/src/core/stores.ts:20:11)
    at http://localhost:5199/src/app/Game.ts:128:27
    at Object.emit (http://localhost:5199/src/core/EventBus.ts:21:5)
    at GenreAffinityEngine.update (http://localhost:5199/src/genres/GenreAffinityEngine.ts:70:12)
    at GameLoop.tick [as onTick] (http://localhost:5199/src/app/Game.ts:260:21)
    at frame (http://localhost:5199/src/app/GameLoop.ts:34:8)
[   22626ms] [LOG] %c[eval] code updated background-color: black;color:white;border-radius:15px @ http://localhost:5199/node_modules/.vite/deps/@strudel_web.js?v=a3df4357:10
[   22709ms] Error: setState updater must return a new object, not the current state
    at Object.setState (http://localhost:5199/src/core/stores.ts:20:11)
    at http://localhost:5199/src/app/Game.ts:128:27
    at Object.emit (http://localhost:5199/src/core/EventBus.ts:21:5)
    at GenreAffinityEngine.update (http://localhost:5199/src/genres/GenreAffinityEngine.ts:70:12)
    at GameLoop.tick [as onTick] (http://localhost:5199/src/app/Game.ts:260:21)
    at frame (http://localhost:5199/src/app/GameLoop.ts:34:8)
[   22715ms] [LOG] %c[getTrigger] error: sound hh not found! Is it loaded? background-color: black;color:white;border-radius:15px @ http://localhost:5199/node_modules/.vite/deps/@strudel_web.js?v=a3df4357:10
[   22809ms] Error: setState updater must return a new object, not the current state
    at Object.setState (http://localhost:5199/src/core/stores.ts:20:11)
    at http://localhost:5199/src/app/Game.ts:128:27
    at Object.emit (http://localhost:5199/src/core/EventBus.ts:21:5)
    at GenreAffinityEngine.update (http://localhost:5199/src/genres/GenreAffinityEngine.ts:70:12)
    at GameLoop.tick [as onTick] (http://localhost:5199/src/app/Game.ts:260:21)
    at frame (http://localhost:5199/src/app/GameLoop.ts:34:8)
[   23009ms] Error: setState updater must return a new object, not the current state
    at Object.setState (http://localhost:5199/src/core/stores.ts:20:11)
    at http://localhost:5199/src/app/Game.ts:128:27
    at Object.emit (http://localhost:5199/src/core/EventBus.ts:21:5)
    at GenreAffinityEngine.update (http://localhost:5199/src/genres/GenreAffinityEngine.ts:70:12)
    at GameLoop.tick [as onTick] (http://localhost:5199/src/app/Game.ts:260:21)
    at frame (http://localhost:5199/src/app/GameLoop.ts:34:8)
[   23015ms] [LOG] %c[getTrigger] error: sound bd not found! Is it loaded? background-color: black;color:white;border-radius:15px @ http://localhost:5199/node_modules/.vite/deps/@strudel_web.js?v=a3df4357:10
[   23207ms] Error: setState updater must return a new object, not the current state
    at Object.setState (http://localhost:5199/src/core/stores.ts:20:11)
    at http://localhost:5199/src/app/Game.ts:128:27
    at Object.emit (http://localhost:5199/src/core/EventBus.ts:21:5)
    at GenreAffinityEngine.update (http://localhost:5199/src/genres/GenreAffinityEngine.ts:70:12)
    at GameLoop.tick [as onTick] (http://localhost:5199/src/app/Game.ts:260:21)
    at frame (http://localhost:5199/src/app/GameLoop.ts:34:8)
[   23310ms] Error: setState updater must return a new object, not the current state
    at Object.setState (http://localhost:5199/src/core/stores.ts:20:11)
    at http://localhost:5199/src/app/Game.ts:128:27
    at Object.emit (http://localhost:5199/src/core/EventBus.ts:21:5)
    at GenreAffinityEngine.update (http://localhost:5199/src/genres/GenreAffinityEngine.ts:70:12)
    at GameLoop.tick [as onTick] (http://localhost:5199/src/app/Game.ts:260:21)
    at frame (http://localhost:5199/src/app/GameLoop.ts:34:8)
[   23316ms] [LOG] %c[getTrigger] error: sound hh not found! Is it loaded? background-color: black;color:white;border-radius:15px @ http://localhost:5199/node_modules/.vite/deps/@strudel_web.js?v=a3df4357:10
[   23508ms] Error: setState updater must return a new object, not the current state
    at Object.setState (http://localhost:5199/src/core/stores.ts:20:11)
    at http://localhost:5199/src/app/Game.ts:128:27
    at Object.emit (http://localhost:5199/src/core/EventBus.ts:21:5)
    at GenreAffinityEngine.update (http://localhost:5199/src/genres/GenreAffinityEngine.ts:70:12)
    at GameLoop.tick [as onTick] (http://localhost:5199/src/app/Game.ts:260:21)
    at frame (http://localhost:5199/src/app/GameLoop.ts:34:8)
[   23608ms] Error: setState updater must return a new object, not the current state
    at Object.setState (http://localhost:5199/src/core/stores.ts:20:11)
    at http://localhost:5199/src/app/Game.ts:128:27
    at Object.emit (http://localhost:5199/src/core/EventBus.ts:21:5)
    at GenreAffinityEngine.update (http://localhost:5199/src/genres/GenreAffinityEngine.ts:70:12)
    at GameLoop.tick [as onTick] (http://localhost:5199/src/app/Game.ts:260:21)
    at frame (http://localhost:5199/src/app/GameLoop.ts:34:8)
[   23615ms] [LOG] %c[getTrigger] error: sound bd not found! Is it loaded? background-color: black;color:white;border-radius:15px @ http://localhost:5199/node_modules/.vite/deps/@strudel_web.js?v=a3df4357:10
[   23711ms] Error: setState updater must return a new object, not the current state
    at Object.setState (http://localhost:5199/src/core/stores.ts:20:11)
    at http://localhost:5199/src/app/Game.ts:128:27
    at Object.emit (http://localhost:5199/src/core/EventBus.ts:21:5)
    at GenreAffinityEngine.update (http://localhost:5199/src/genres/GenreAffinityEngine.ts:70:12)
    at GameLoop.tick [as onTick] (http://localhost:5199/src/app/Game.ts:260:21)
    at frame (http://localhost:5199/src/app/GameLoop.ts:34:8)
[   23808ms] Error: setState updater must return a new object, not the current state
    at Object.setState (http://localhost:5199/src/core/stores.ts:20:11)
    at http://localhost:5199/src/app/Game.ts:128:27
    at Object.emit (http://localhost:5199/src/core/EventBus.ts:21:5)
    at GenreAffinityEngine.update (http://localhost:5199/src/genres/GenreAffinityEngine.ts:70:12)
    at GameLoop.tick [as onTick] (http://localhost:5199/src/app/Game.ts:260:21)
    at frame (http://localhost:5199/src/app/GameLoop.ts:34:8)
[   23915ms] [LOG] %c[getTrigger] error: sound hh not found! Is it loaded? background-color: black;color:white;border-radius:15px @ http://localhost:5199/node_modules/.vite/deps/@strudel_web.js?v=a3df4357:10
[   24009ms] Error: setState updater must return a new object, not the current state
    at Object.setState (http://localhost:5199/src/core/stores.ts:20:11)
    at http://localhost:5199/src/app/Game.ts:128:27
    at Object.emit (http://localhost:5199/src/core/EventBus.ts:21:5)
    at GenreAffinityEngine.update (http://localhost:5199/src/genres/GenreAffinityEngine.ts:70:12)
    at GameLoop.tick [as onTick] (http://localhost:5199/src/app/Game.ts:260:21)
    at frame (http://localhost:5199/src/app/GameLoop.ts:34:8)
[   24109ms] Error: setState updater must return a new object, not the current state
    at Object.setState (http://localhost:5199/src/core/stores.ts:20:11)
    at http://localhost:5199/src/app/Game.ts:128:27
    at Object.emit (http://localhost:5199/src/core/EventBus.ts:21:5)
    at GenreAffinityEngine.update (http://localhost:5199/src/genres/GenreAffinityEngine.ts:70:12)
    at GameLoop.tick [as onTick] (http://localhost:5199/src/app/Game.ts:260:21)
    at frame (http://localhost:5199/src/app/GameLoop.ts:34:8)
[   24210ms] Error: setState updater must return a new object, not the current state
    at Object.setState (http://localhost:5199/src/core/stores.ts:20:11)
    at http://localhost:5199/src/app/Game.ts:128:27
    at Object.emit (http://localhost:5199/src/core/EventBus.ts:21:5)
    at GenreAffinityEngine.update (http://localhost:5199/src/genres/GenreAffinityEngine.ts:70:12)
    at GameLoop.tick [as onTick] (http://localhost:5199/src/app/Game.ts:260:21)
    at frame (http://localhost:5199/src/app/GameLoop.ts:34:8)
[   24316ms] [LOG] %c[getTrigger] error: sound bd not found! Is it loaded? background-color: black;color:white;border-radius:15px @ http://localhost:5199/node_modules/.vite/deps/@strudel_web.js?v=a3df4357:10
[   24410ms] Error: setState updater must return a new object, not the current state
    at Object.setState (http://localhost:5199/src/core/stores.ts:20:11)
    at http://localhost:5199/src/app/Game.ts:128:27
    at Object.emit (http://localhost:5199/src/core/EventBus.ts:21:5)
    at GenreAffinityEngine.update (http://localhost:5199/src/genres/GenreAffinityEngine.ts:70:12)
    at GameLoop.tick [as onTick] (http://localhost:5199/src/app/Game.ts:260:21)
    at frame (http://localhost:5199/src/app/GameLoop.ts:34:8)
[   24510ms] Error: setState updater must return a new object, not the current state
    at Object.setState (http://localhost:5199/src/core/stores.ts:20:11)
    at http://localhost:5199/src/app/Game.ts:128:27
    at Object.emit (http://localhost:5199/src/core/EventBus.ts:21:5)
    at GenreAffinityEngine.update (http://localhost:5199/src/genres/GenreAffinityEngine.ts:70:12)
    at GameLoop.tick [as onTick] (http://localhost:5199/src/app/Game.ts:260:21)
    at frame (http://localhost:5199/src/app/GameLoop.ts:34:8)
[   24609ms] Error: setState updater must return a new object, not the current state
    at Object.setState (http://localhost:5199/src/core/stores.ts:20:11)
    at http://localhost:5199/src/app/Game.ts:128:27
    at Object.emit (http://localhost:5199/src/core/EventBus.ts:21:5)
    at GenreAffinityEngine.update (http://localhost:5199/src/genres/GenreAffinityEngine.ts:70:12)
    at GameLoop.tick [as onTick] (http://localhost:5199/src/app/Game.ts:260:21)
    at frame (http://localhost:5199/src/app/GameLoop.ts:34:8)
[   24615ms] [LOG] %c[getTrigger] error: sound hh not found! Is it loaded? background-color: black;color:white;border-radius:15px @ http://localhost:5199/node_modules/.vite/deps/@strudel_web.js?v=a3df4357:10
[   24809ms] Error: setState updater must return a new object, not the current state
    at Object.setState (http://localhost:5199/src/core/stores.ts:20:11)
    at http://localhost:5199/src/app/Game.ts:128:27
    at Object.emit (http://localhost:5199/src/core/EventBus.ts:21:5)
    at GenreAffinityEngine.update (http://localhost:5199/src/genres/GenreAffinityEngine.ts:70:12)
    at GameLoop.tick [as onTick] (http://localhost:5199/src/app/Game.ts:260:21)
    at frame (http://localhost:5199/src/app/GameLoop.ts:34:8)
[   24909ms] Error: setState updater must return a new object, not the current state
    at Object.setState (http://localhost:5199/src/core/stores.ts:20:11)
    at http://localhost:5199/src/app/Game.ts:128:27
    at Object.emit (http://localhost:5199/src/core/EventBus.ts:21:5)
    at GenreAffinityEngine.update (http://localhost:5199/src/genres/GenreAffinityEngine.ts:70:12)
    at GameLoop.tick [as onTick] (http://localhost:5199/src/app/Game.ts:260:21)
    at frame (http://localhost:5199/src/app/GameLoop.ts:34:8)
[   24915ms] [LOG] %c[getTrigger] error: sound bd not found! Is it loaded? background-color: black;color:white;border-radius:15px @ http://localhost:5199/node_modules/.vite/deps/@strudel_web.js?v=a3df4357:10
[   25100ms] [LOG] %c[eval] code updated background-color: black;color:white;border-radius:15px @ http://localhost:5199/node_modules/.vite/deps/@strudel_web.js?v=a3df4357:10
[   25109ms] Error: setState updater must return a new object, not the current state
    at Object.setState (http://localhost:5199/src/core/stores.ts:20:11)
    at http://localhost:5199/src/app/Game.ts:128:27
    at Object.emit (http://localhost:5199/src/core/EventBus.ts:21:5)
    at GenreAffinityEngine.update (http://localhost:5199/src/genres/GenreAffinityEngine.ts:70:12)
    at GameLoop.tick [as onTick] (http://localhost:5199/src/app/Game.ts:260:21)
    at frame (http://localhost:5199/src/app/GameLoop.ts:34:8)
[   25215ms] [LOG] %c[getTrigger] error: sound hh not found! Is it loaded? background-color: black;color:white;border-radius:15px @ http://localhost:5199/node_modules/.vite/deps/@strudel_web.js?v=a3df4357:10
[   25309ms] Error: setState updater must return a new object, not the current state
    at Object.setState (http://localhost:5199/src/core/stores.ts:20:11)
    at http://localhost:5199/src/app/Game.ts:128:27
    at Object.emit (http://localhost:5199/src/core/EventBus.ts:21:5)
    at GenreAffinityEngine.update (http://localhost:5199/src/genres/GenreAffinityEngine.ts:70:12)
    at GameLoop.tick [as onTick] (http://localhost:5199/src/app/Game.ts:260:21)
    at frame (http://localhost:5199/src/app/GameLoop.ts:34:8)
[   25409ms] Error: setState updater must return a new object, not the current state
    at Object.setState (http://localhost:5199/src/core/stores.ts:20:11)
    at http://localhost:5199/src/app/Game.ts:128:27
    at Object.emit (http://localhost:5199/src/core/EventBus.ts:21:5)
    at GenreAffinityEngine.update (http://localhost:5199/src/genres/GenreAffinityEngine.ts:70:12)
    at GameLoop.tick [as onTick] (http://localhost:5199/src/app/Game.ts:260:21)
    at frame (http://localhost:5199/src/app/GameLoop.ts:34:8)
[   25515ms] [LOG] %c[getTrigger] error: sound bd not found! Is it loaded? background-color: black;color:white;border-radius:15px @ http://localhost:5199/node_modules/.vite/deps/@strudel_web.js?v=a3df4357:10
[   25613ms] Error: setState updater must return a new object, not the current state
    at Object.setState (http://localhost:5199/src/core/stores.ts:20:11)
    at http://localhost:5199/src/app/Game.ts:128:27
    at Object.emit (http://localhost:5199/src/core/EventBus.ts:21:5)
    at GenreAffinityEngine.update (http://localhost:5199/src/genres/GenreAffinityEngine.ts:70:12)
    at GameLoop.tick [as onTick] (http://localhost:5199/src/app/Game.ts:260:21)
    at frame (http://localhost:5199/src/app/GameLoop.ts:34:8)
[   25711ms] Error: setState updater must return a new object, not the current state
    at Object.setState (http://localhost:5199/src/core/stores.ts:20:11)
    at http://localhost:5199/src/app/Game.ts:128:27
    at Object.emit (http://localhost:5199/src/core/EventBus.ts:21:5)
    at GenreAffinityEngine.update (http://localhost:5199/src/genres/GenreAffinityEngine.ts:70:12)
    at GameLoop.tick [as onTick] (http://localhost:5199/src/app/Game.ts:260:21)
    at frame (http://localhost:5199/src/app/GameLoop.ts:34:8)
[   25815ms] [LOG] %c[getTrigger] error: sound hh not found! Is it loaded? background-color: black;color:white;border-radius:15px @ http://localhost:5199/node_modules/.vite/deps/@strudel_web.js?v=a3df4357:10
[   25911ms] Error: setState updater must return a new object, not the current state
    at Object.setState (http://localhost:5199/src/core/stores.ts:20:11)
    at http://localhost:5199/src/app/Game.ts:128:27
    at Object.emit (http://localhost:5199/src/core/EventBus.ts:21:5)
    at GenreAffinityEngine.update (http://localhost:5199/src/genres/GenreAffinityEngine.ts:70:12)
    at GameLoop.tick [as onTick] (http://localhost:5199/src/app/Game.ts:260:21)
    at frame (http://localhost:5199/src/app/GameLoop.ts:34:8)
[   26012ms] Error: setState updater must return a new object, not the current state
    at Object.setState (http://localhost:5199/src/core/stores.ts:20:11)
    at http://localhost:5199/src/app/Game.ts:128:27
    at Object.emit (http://localhost:5199/src/core/EventBus.ts:21:5)
    at GenreAffinityEngine.update (http://localhost:5199/src/genres/GenreAffinityEngine.ts:70:12)
    at GameLoop.tick [as onTick] (http://localhost:5199/src/app/Game.ts:260:21)
    at frame (http://localhost:5199/src/app/GameLoop.ts:34:8)
[   26109ms] Error: setState updater must return a new object, not the current state
    at Object.setState (http://localhost:5199/src/core/stores.ts:20:11)
    at http://localhost:5199/src/app/Game.ts:128:27
    at Object.emit (http://localhost:5199/src/core/EventBus.ts:21:5)
    at GenreAffinityEngine.update (http://localhost:5199/src/genres/GenreAffinityEngine.ts:70:12)
    at GameLoop.tick [as onTick] (http://localhost:5199/src/app/Game.ts:260:21)
    at frame (http://localhost:5199/src/app/GameLoop.ts:34:8)
[   26115ms] [LOG] %c[getTrigger] error: sound bd not found! Is it loaded? background-color: black;color:white;border-radius:15px @ http://localhost:5199/node_modules/.vite/deps/@strudel_web.js?v=a3df4357:10
[   26210ms] Error: setState updater must return a new object, not the current state
    at Object.setState (http://localhost:5199/src/core/stores.ts:20:11)
    at http://localhost:5199/src/app/Game.ts:128:27
    at Object.emit (http://localhost:5199/src/core/EventBus.ts:21:5)
    at GenreAffinityEngine.update (http://localhost:5199/src/genres/GenreAffinityEngine.ts:70:12)
    at GameLoop.tick [as onTick] (http://localhost:5199/src/app/Game.ts:260:21)
    at frame (http://localhost:5199/src/app/GameLoop.ts:34:8)
[   26309ms] Error: setState updater must return a new object, not the current state
    at Object.setState (http://localhost:5199/src/core/stores.ts:20:11)
    at http://localhost:5199/src/app/Game.ts:128:27
    at Object.emit (http://localhost:5199/src/core/EventBus.ts:21:5)
    at GenreAffinityEngine.update (http://localhost:5199/src/genres/GenreAffinityEngine.ts:70:12)
    at GameLoop.tick [as onTick] (http://localhost:5199/src/app/Game.ts:260:21)
    at frame (http://localhost:5199/src/app/GameLoop.ts:34:8)
[   26415ms] [LOG] %c[getTrigger] error: sound hh not found! Is it loaded? background-color: black;color:white;border-radius:15px @ http://localhost:5199/node_modules/.vite/deps/@strudel_web.js?v=a3df4357:10
[   26509ms] Error: setState updater must return a new object, not the current state
    at Object.setState (http://localhost:5199/src/core/stores.ts:20:11)
    at http://localhost:5199/src/app/Game.ts:128:27
    at Object.emit (http://localhost:5199/src/core/EventBus.ts:21:5)
    at GenreAffinityEngine.update (http://localhost:5199/src/genres/GenreAffinityEngine.ts:70:12)
    at GameLoop.tick [as onTick] (http://localhost:5199/src/app/Game.ts:260:21)
    at frame (http://localhost:5199/src/app/GameLoop.ts:34:8)
[   26710ms] Error: setState updater must return a new object, not the current state
    at Object.setState (http://localhost:5199/src/core/stores.ts:20:11)
    at http://localhost:5199/src/app/Game.ts:128:27
    at Object.emit (http://localhost:5199/src/core/EventBus.ts:21:5)
    at GenreAffinityEngine.update (http://localhost:5199/src/genres/GenreAffinityEngine.ts:70:12)
    at GameLoop.tick [as onTick] (http://localhost:5199/src/app/Game.ts:260:21)
    at frame (http://localhost:5199/src/app/GameLoop.ts:34:8)
[   26716ms] [LOG] %c[getTrigger] error: sound bd not found! Is it loaded? background-color: black;color:white;border-radius:15px @ http://localhost:5199/node_modules/.vite/deps/@strudel_web.js?v=a3df4357:10
[   26911ms] Error: setState updater must return a new object, not the current state
    at Object.setState (http://localhost:5199/src/core/stores.ts:20:11)
    at http://localhost:5199/src/app/Game.ts:128:27
    at Object.emit (http://localhost:5199/src/core/EventBus.ts:21:5)
    at GenreAffinityEngine.update (http://localhost:5199/src/genres/GenreAffinityEngine.ts:70:12)
    at GameLoop.tick [as onTick] (http://localhost:5199/src/app/Game.ts:260:21)
    at frame (http://localhost:5199/src/app/GameLoop.ts:34:8)
[   27009ms] Error: setState updater must return a new object, not the current state
    at Object.setState (http://localhost:5199/src/core/stores.ts:20:11)
    at http://localhost:5199/src/app/Game.ts:128:27
    at Object.emit (http://localhost:5199/src/core/EventBus.ts:21:5)
    at GenreAffinityEngine.update (http://localhost:5199/src/genres/GenreAffinityEngine.ts:70:12)
    at GameLoop.tick [as onTick] (http://localhost:5199/src/app/Game.ts:260:21)
    at frame (http://localhost:5199/src/app/GameLoop.ts:34:8)
[   27015ms] [LOG] %c[getTrigger] error: sound hh not found! Is it loaded? background-color: black;color:white;border-radius:15px @ http://localhost:5199/node_modules/.vite/deps/@strudel_web.js?v=a3df4357:10
[   27209ms] Error: setState updater must return a new object, not the current state
    at Object.setState (http://localhost:5199/src/core/stores.ts:20:11)
    at http://localhost:5199/src/app/Game.ts:128:27
    at Object.emit (http://localhost:5199/src/core/EventBus.ts:21:5)
    at GenreAffinityEngine.update (http://localhost:5199/src/genres/GenreAffinityEngine.ts:70:12)
    at GameLoop.tick [as onTick] (http://localhost:5199/src/app/Game.ts:260:21)
    at frame (http://localhost:5199/src/app/GameLoop.ts:34:8)
[   27316ms] [LOG] %c[getTrigger] error: sound bd not found! Is it loaded? background-color: black;color:white;border-radius:15px @ http://localhost:5199/node_modules/.vite/deps/@strudel_web.js?v=a3df4357:10
[   27410ms] Error: setState updater must return a new object, not the current state
    at Object.setState (http://localhost:5199/src/core/stores.ts:20:11)
    at http://localhost:5199/src/app/Game.ts:128:27
    at Object.emit (http://localhost:5199/src/core/EventBus.ts:21:5)
    at GenreAffinityEngine.update (http://localhost:5199/src/genres/GenreAffinityEngine.ts:70:12)
    at GameLoop.tick [as onTick] (http://localhost:5199/src/app/Game.ts:260:21)
    at frame (http://localhost:5199/src/app/GameLoop.ts:34:8)
[   27510ms] Error: setState updater must return a new object, not the current state
    at Object.setState (http://localhost:5199/src/core/stores.ts:20:11)
    at http://localhost:5199/src/app/Game.ts:128:27
    at Object.emit (http://localhost:5199/src/core/EventBus.ts:21:5)
    at GenreAffinityEngine.update (http://localhost:5199/src/genres/GenreAffinityEngine.ts:70:12)
    at GameLoop.tick [as onTick] (http://localhost:5199/src/app/Game.ts:260:21)
    at frame (http://localhost:5199/src/app/GameLoop.ts:34:8)
[   27557ms] [LOG] %c[eval] code updated background-color: black;color:white;border-radius:15px @ http://localhost:5199/node_modules/.vite/deps/@strudel_web.js?v=a3df4357:10
[   27612ms] Error: setState updater must return a new object, not the current state
    at Object.setState (http://localhost:5199/src/core/stores.ts:20:11)
    at http://localhost:5199/src/app/Game.ts:128:27
    at Object.emit (http://localhost:5199/src/core/EventBus.ts:21:5)
    at GenreAffinityEngine.update (http://localhost:5199/src/genres/GenreAffinityEngine.ts:70:12)
    at GameLoop.tick [as onTick] (http://localhost:5199/src/app/Game.ts:260:21)
    at frame (http://localhost:5199/src/app/GameLoop.ts:34:8)
[   27914ms] [LOG] %c[getTrigger] error: sound bd not found! Is it loaded? background-color: black;color:white;border-radius:15px @ http://localhost:5199/node_modules/.vite/deps/@strudel_web.js?v=a3df4357:10
[   29215ms] [LOG] %c[getTrigger] error: sound bd not found! Is it loaded? background-color: black;color:white;border-radius:15px @ http://localhost:5199/node_modules/.vite/deps/@strudel_web.js?v=a3df4357:10
[   30018ms] [LOG] %c[cyclist] stop background-color: black;color:white;border-radius:15px @ http://localhost:5199/node_modules/.vite/deps/@strudel_web.js?v=a3df4357:10
[   31912ms] Error: setState updater must return a new object, not the current state
    at Object.setState (http://localhost:5199/src/core/stores.ts:20:11)
    at http://localhost:5199/src/app/Game.ts:128:27
    at Object.emit (http://localhost:5199/src/core/EventBus.ts:21:5)
    at GenreAffinityEngine.update (http://localhost:5199/src/genres/GenreAffinityEngine.ts:70:12)
    at GameLoop.tick [as onTick] (http://localhost:5199/src/app/Game.ts:260:21)
    at frame (http://localhost:5199/src/app/GameLoop.ts:34:8)
[   32012ms] Error: setState updater must return a new object, not the current state
    at Object.setState (http://localhost:5199/src/core/stores.ts:20:11)
    at http://localhost:5199/src/app/Game.ts:128:27
    at Object.emit (http://localhost:5199/src/core/EventBus.ts:21:5)
    at GenreAffinityEngine.update (http://localhost:5199/src/genres/GenreAffinityEngine.ts:70:12)
    at GameLoop.tick [as onTick] (http://localhost:5199/src/app/Game.ts:260:21)
    at frame (http://localhost:5199/src/app/GameLoop.ts:34:8)
[   32112ms] Error: setState updater must return a new object, not the current state
    at Object.setState (http://localhost:5199/src/core/stores.ts:20:11)
    at http://localhost:5199/src/app/Game.ts:128:27
    at Object.emit (http://localhost:5199/src/core/EventBus.ts:21:5)
    at GenreAffinityEngine.update (http://localhost:5199/src/genres/GenreAffinityEngine.ts:70:12)
    at GameLoop.tick [as onTick] (http://localhost:5199/src/app/Game.ts:260:21)
    at frame (http://localhost:5199/src/app/GameLoop.ts:34:8)
[   32211ms] [LOG] %c[eval] code updated background-color: black;color:white;border-radius:15px @ http://localhost:5199/node_modules/.vite/deps/@strudel_web.js?v=a3df4357:10
[   32211ms] [LOG] %c[cyclist] start background-color: black;color:white;border-radius:15px @ http://localhost:5199/node_modules/.vite/deps/@strudel_web.js?v=a3df4357:10
[   32212ms] [LOG] %c[getTrigger] error: sound bd not found! Is it loaded? background-color: black;color:white;border-radius:15px @ http://localhost:5199/node_modules/.vite/deps/@strudel_web.js?v=a3df4357:10
[   32312ms] Error: setState updater must return a new object, not the current state
    at Object.setState (http://localhost:5199/src/core/stores.ts:20:11)
    at http://localhost:5199/src/app/Game.ts:128:27
    at Object.emit (http://localhost:5199/src/core/EventBus.ts:21:5)
    at GenreAffinityEngine.update (http://localhost:5199/src/genres/GenreAffinityEngine.ts:70:12)
    at GameLoop.tick [as onTick] (http://localhost:5199/src/app/Game.ts:260:21)
    at frame (http://localhost:5199/src/app/GameLoop.ts:34:8)
[   32512ms] Error: setState updater must return a new object, not the current state
    at Object.setState (http://localhost:5199/src/core/stores.ts:20:11)
    at http://localhost:5199/src/app/Game.ts:128:27
    at Object.emit (http://localhost:5199/src/core/EventBus.ts:21:5)
    at GenreAffinityEngine.update (http://localhost:5199/src/genres/GenreAffinityEngine.ts:70:12)
    at GameLoop.tick [as onTick] (http://localhost:5199/src/app/Game.ts:260:21)
    at frame (http://localhost:5199/src/app/GameLoop.ts:34:8)
[   32612ms] Error: setState updater must return a new object, not the current state
    at Object.setState (http://localhost:5199/src/core/stores.ts:20:11)
    at http://localhost:5199/src/app/Game.ts:128:27
    at Object.emit (http://localhost:5199/src/core/EventBus.ts:21:5)
    at GenreAffinityEngine.update (http://localhost:5199/src/genres/GenreAffinityEngine.ts:70:12)
    at GameLoop.tick [as onTick] (http://localhost:5199/src/app/Game.ts:260:21)
    at frame (http://localhost:5199/src/app/GameLoop.ts:34:8)
[   32712ms] Error: setState updater must return a new object, not the current state
    at Object.setState (http://localhost:5199/src/core/stores.ts:20:11)
    at http://localhost:5199/src/app/Game.ts:128:27
    at Object.emit (http://localhost:5199/src/core/EventBus.ts:21:5)
    at GenreAffinityEngine.update (http://localhost:5199/src/genres/GenreAffinityEngine.ts:70:12)
    at GameLoop.tick [as onTick] (http://localhost:5199/src/app/Game.ts:260:21)
    at frame (http://localhost:5199/src/app/GameLoop.ts:34:8)
[   32811ms] Error: setState updater must return a new object, not the current state
    at Object.setState (http://localhost:5199/src/core/stores.ts:20:11)
    at http://localhost:5199/src/app/Game.ts:128:27
    at Object.emit (http://localhost:5199/src/core/EventBus.ts:21:5)
    at GenreAffinityEngine.update (http://localhost:5199/src/genres/GenreAffinityEngine.ts:70:12)
    at GameLoop.tick [as onTick] (http://localhost:5199/src/app/Game.ts:260:21)
    at frame (http://localhost:5199/src/app/GameLoop.ts:34:8)
[   32912ms] Error: setState updater must return a new object, not the current state
    at Object.setState (http://localhost:5199/src/core/stores.ts:20:11)
    at http://localhost:5199/src/app/Game.ts:128:27
    at Object.emit (http://localhost:5199/src/core/EventBus.ts:21:5)
    at GenreAffinityEngine.update (http://localhost:5199/src/genres/GenreAffinityEngine.ts:70:12)
    at GameLoop.tick [as onTick] (http://localhost:5199/src/app/Game.ts:260:21)
    at frame (http://localhost:5199/src/app/GameLoop.ts:34:8)
[   33111ms] Error: setState updater must return a new object, not the current state
    at Object.setState (http://localhost:5199/src/core/stores.ts:20:11)
    at http://localhost:5199/src/app/Game.ts:128:27
    at Object.emit (http://localhost:5199/src/core/EventBus.ts:21:5)
    at GenreAffinityEngine.update (http://localhost:5199/src/genres/GenreAffinityEngine.ts:70:12)
    at GameLoop.tick [as onTick] (http://localhost:5199/src/app/Game.ts:260:21)
    at frame (http://localhost:5199/src/app/GameLoop.ts:34:8)
[   33213ms] [LOG] %c[getTrigger] error: sound bd not found! Is it loaded? background-color: black;color:white;border-radius:15px @ http://localhost:5199/node_modules/.vite/deps/@strudel_web.js?v=a3df4357:10
[   33312ms] Error: setState updater must return a new object, not the current state
    at Object.setState (http://localhost:5199/src/core/stores.ts:20:11)
    at http://localhost:5199/src/app/Game.ts:128:27
    at Object.emit (http://localhost:5199/src/core/EventBus.ts:21:5)
    at GenreAffinityEngine.update (http://localhost:5199/src/genres/GenreAffinityEngine.ts:70:12)
    at GameLoop.tick [as onTick] (http://localhost:5199/src/app/Game.ts:260:21)
    at frame (http://localhost:5199/src/app/GameLoop.ts:34:8)
[   33511ms] Error: setState updater must return a new object, not the current state
    at Object.setState (http://localhost:5199/src/core/stores.ts:20:11)
    at http://localhost:5199/src/app/Game.ts:128:27
    at Object.emit (http://localhost:5199/src/core/EventBus.ts:21:5)
    at GenreAffinityEngine.update (http://localhost:5199/src/genres/GenreAffinityEngine.ts:70:12)
    at GameLoop.tick [as onTick] (http://localhost:5199/src/app/Game.ts:260:21)
    at frame (http://localhost:5199/src/app/GameLoop.ts:34:8)
[   33613ms] Error: setState updater must return a new object, not the current state
    at Object.setState (http://localhost:5199/src/core/stores.ts:20:11)
    at http://localhost:5199/src/app/Game.ts:128:27
    at Object.emit (http://localhost:5199/src/core/EventBus.ts:21:5)
    at GenreAffinityEngine.update (http://localhost:5199/src/genres/GenreAffinityEngine.ts:70:12)
    at GameLoop.tick [as onTick] (http://localhost:5199/src/app/Game.ts:260:21)
    at frame (http://localhost:5199/src/app/GameLoop.ts:34:8)
[   33712ms] Error: setState updater must return a new object, not the current state
    at Object.setState (http://localhost:5199/src/core/stores.ts:20:11)
    at http://localhost:5199/src/app/Game.ts:128:27
    at Object.emit (http://localhost:5199/src/core/EventBus.ts:21:5)
    at GenreAffinityEngine.update (http://localhost:5199/src/genres/GenreAffinityEngine.ts:70:12)
    at GameLoop.tick [as onTick] (http://localhost:5199/src/app/Game.ts:260:21)
    at frame (http://localhost:5199/src/app/GameLoop.ts:34:8)
[   33782ms] [LOG] %c[eval] code updated background-color: black;color:white;border-radius:15px @ http://localhost:5199/node_modules/.vite/deps/@strudel_web.js?v=a3df4357:10
[   33813ms] Error: setState updater must return a new object, not the current state
    at Object.setState (http://localhost:5199/src/core/stores.ts:20:11)
    at http://localhost:5199/src/app/Game.ts:128:27
    at Object.emit (http://localhost:5199/src/core/EventBus.ts:21:5)
    at GenreAffinityEngine.update (http://localhost:5199/src/genres/GenreAffinityEngine.ts:70:12)
    at GameLoop.tick [as onTick] (http://localhost:5199/src/app/Game.ts:260:21)
    at frame (http://localhost:5199/src/app/GameLoop.ts:34:8)
[   33813ms] [LOG] %c[getTrigger] error: sound sn not found! Is it loaded? background-color: black;color:white;border-radius:15px @ http://localhost:5199/node_modules/.vite/deps/@strudel_web.js?v=a3df4357:10
[   33913ms] Error: setState updater must return a new object, not the current state
    at Object.setState (http://localhost:5199/src/core/stores.ts:20:11)
    at http://localhost:5199/src/app/Game.ts:128:27
    at Object.emit (http://localhost:5199/src/core/EventBus.ts:21:5)
    at GenreAffinityEngine.update (http://localhost:5199/src/genres/GenreAffinityEngine.ts:70:12)
    at GameLoop.tick [as onTick] (http://localhost:5199/src/app/Game.ts:260:21)
    at frame (http://localhost:5199/src/app/GameLoop.ts:34:8)
[   33913ms] [LOG] %c[getTrigger] error: sound bd not found! Is it loaded? background-color: black;color:white;border-radius:15px @ http://localhost:5199/node_modules/.vite/deps/@strudel_web.js?v=a3df4357:10
[   34013ms] Error: setState updater must return a new object, not the current state
    at Object.setState (http://localhost:5199/src/core/stores.ts:20:11)
    at http://localhost:5199/src/app/Game.ts:128:27
    at Object.emit (http://localhost:5199/src/core/EventBus.ts:21:5)
    at GenreAffinityEngine.update (http://localhost:5199/src/genres/GenreAffinityEngine.ts:70:12)
    at GameLoop.tick [as onTick] (http://localhost:5199/src/app/Game.ts:260:21)
    at frame (http://localhost:5199/src/app/GameLoop.ts:34:8)
[   34112ms] Error: setState updater must return a new object, not the current state
    at Object.setState (http://localhost:5199/src/core/stores.ts:20:11)
    at http://localhost:5199/src/app/Game.ts:128:27
    at Object.emit (http://localhost:5199/src/core/EventBus.ts:21:5)
    at GenreAffinityEngine.update (http://localhost:5199/src/genres/GenreAffinityEngine.ts:70:12)
    at GameLoop.tick [as onTick] (http://localhost:5199/src/app/Game.ts:260:21)
    at frame (http://localhost:5199/src/app/GameLoop.ts:34:8)
[   34114ms] [LOG] %c[getTrigger] error: sound sn not found! Is it loaded? background-color: black;color:white;border-radius:15px @ http://localhost:5199/node_modules/.vite/deps/@strudel_web.js?v=a3df4357:10
[   34311ms] Error: setState updater must return a new object, not the current state
    at Object.setState (http://localhost:5199/src/core/stores.ts:20:11)
    at http://localhost:5199/src/app/Game.ts:128:27
    at Object.emit (http://localhost:5199/src/core/EventBus.ts:21:5)
    at GenreAffinityEngine.update (http://localhost:5199/src/genres/GenreAffinityEngine.ts:70:12)
    at GameLoop.tick [as onTick] (http://localhost:5199/src/app/Game.ts:260:21)
    at frame (http://localhost:5199/src/app/GameLoop.ts:34:8)
[   34312ms] [LOG] %c[getTrigger] error: sound bd not found! Is it loaded? background-color: black;color:white;border-radius:15px @ http://localhost:5199/node_modules/.vite/deps/@strudel_web.js?v=a3df4357:10
[   34412ms] Error: setState updater must return a new object, not the current state
    at Object.setState (http://localhost:5199/src/core/stores.ts:20:11)
    at http://localhost:5199/src/app/Game.ts:128:27
    at Object.emit (http://localhost:5199/src/core/EventBus.ts:21:5)
    at GenreAffinityEngine.update (http://localhost:5199/src/genres/GenreAffinityEngine.ts:70:12)
    at GameLoop.tick [as onTick] (http://localhost:5199/src/app/Game.ts:260:21)
    at frame (http://localhost:5199/src/app/GameLoop.ts:34:8)
[   34613ms] Error: setState updater must return a new object, not the current state
    at Object.setState (http://localhost:5199/src/core/stores.ts:20:11)
    at http://localhost:5199/src/app/Game.ts:128:27
    at Object.emit (http://localhost:5199/src/core/EventBus.ts:21:5)
    at GenreAffinityEngine.update (http://localhost:5199/src/genres/GenreAffinityEngine.ts:70:12)
    at GameLoop.tick [as onTick] (http://localhost:5199/src/app/Game.ts:260:21)
    at frame (http://localhost:5199/src/app/GameLoop.ts:34:8)
[   34613ms] [LOG] %c[getTrigger] error: sound sn not found! Is it loaded? background-color: black;color:white;border-radius:15px @ http://localhost:5199/node_modules/.vite/deps/@strudel_web.js?v=a3df4357:10
[   34712ms] Error: setState updater must return a new object, not the current state
    at Object.setState (http://localhost:5199/src/core/stores.ts:20:11)
    at http://localhost:5199/src/app/Game.ts:128:27
    at Object.emit (http://localhost:5199/src/core/EventBus.ts:21:5)
    at GenreAffinityEngine.update (http://localhost:5199/src/genres/GenreAffinityEngine.ts:70:12)
    at GameLoop.tick [as onTick] (http://localhost:5199/src/app/Game.ts:260:21)
    at frame (http://localhost:5199/src/app/GameLoop.ts:34:8)
[   34712ms] [LOG] %c[getTrigger] error: sound bd not found! Is it loaded? background-color: black;color:white;border-radius:15px @ http://localhost:5199/node_modules/.vite/deps/@strudel_web.js?v=a3df4357:10
[   34812ms] [LOG] %c[getTrigger] error: sound sn not found! Is it loaded? background-color: black;color:white;border-radius:15px @ http://localhost:5199/node_modules/.vite/deps/@strudel_web.js?v=a3df4357:10
[   34913ms] Error: setState updater must return a new object, not the current state
    at Object.setState (http://localhost:5199/src/core/stores.ts:20:11)
    at http://localhost:5199/src/app/Game.ts:128:27
    at Object.emit (http://localhost:5199/src/core/EventBus.ts:21:5)
    at GenreAffinityEngine.update (http://localhost:5199/src/genres/GenreAffinityEngine.ts:70:12)
    at GameLoop.tick [as onTick] (http://localhost:5199/src/app/Game.ts:260:21)
    at frame (http://localhost:5199/src/app/GameLoop.ts:34:8)
[   35013ms] Error: setState updater must return a new object, not the current state
    at Object.setState (http://localhost:5199/src/core/stores.ts:20:11)
    at http://localhost:5199/src/app/Game.ts:128:27
    at Object.emit (http://localhost:5199/src/core/EventBus.ts:21:5)
    at GenreAffinityEngine.update (http://localhost:5199/src/genres/GenreAffinityEngine.ts:70:12)
    at GameLoop.tick [as onTick] (http://localhost:5199/src/app/Game.ts:260:21)
    at frame (http://localhost:5199/src/app/GameLoop.ts:34:8)
[   35013ms] [LOG] %c[getTrigger] error: sound bd not found! Is it loaded? background-color: black;color:white;border-radius:15px @ http://localhost:5199/node_modules/.vite/deps/@strudel_web.js?v=a3df4357:10
[   35113ms] Error: setState updater must return a new object, not the current state
    at Object.setState (http://localhost:5199/src/core/stores.ts:20:11)
    at http://localhost:5199/src/app/Game.ts:128:27
    at Object.emit (http://localhost:5199/src/core/EventBus.ts:21:5)
    at GenreAffinityEngine.update (http://localhost:5199/src/genres/GenreAffinityEngine.ts:70:12)
    at GameLoop.tick [as onTick] (http://localhost:5199/src/app/Game.ts:260:21)
    at frame (http://localhost:5199/src/app/GameLoop.ts:34:8)
[   35252ms] [LOG] %c[eval] code updated background-color: black;color:white;border-radius:15px @ http://localhost:5199/node_modules/.vite/deps/@strudel_web.js?v=a3df4357:10
[   35313ms] Error: setState updater must return a new object, not the current state
    at Object.setState (http://localhost:5199/src/core/stores.ts:20:11)
    at http://localhost:5199/src/app/Game.ts:128:27
    at Object.emit (http://localhost:5199/src/core/EventBus.ts:21:5)
    at GenreAffinityEngine.update (http://localhost:5199/src/genres/GenreAffinityEngine.ts:70:12)
    at GameLoop.tick [as onTick] (http://localhost:5199/src/app/Game.ts:260:21)
    at frame (http://localhost:5199/src/app/GameLoop.ts:34:8)
[   35313ms] [LOG] %c[getTrigger] error: sound sn not found! Is it loaded? background-color: black;color:white;border-radius:15px @ http://localhost:5199/node_modules/.vite/deps/@strudel_web.js?v=a3df4357:10
[   35412ms] [LOG] %c[getTrigger] error: sound bd not found! Is it loaded? background-color: black;color:white;border-radius:15px @ http://localhost:5199/node_modules/.vite/deps/@strudel_web.js?v=a3df4357:10
[   35512ms] Error: setState updater must return a new object, not the current state
    at Object.setState (http://localhost:5199/src/core/stores.ts:20:11)
    at http://localhost:5199/src/app/Game.ts:128:27
    at Object.emit (http://localhost:5199/src/core/EventBus.ts:21:5)
    at GenreAffinityEngine.update (http://localhost:5199/src/genres/GenreAffinityEngine.ts:70:12)
    at GameLoop.tick [as onTick] (http://localhost:5199/src/app/Game.ts:260:21)
    at frame (http://localhost:5199/src/app/GameLoop.ts:34:8)
[   35611ms] Error: setState updater must return a new object, not the current state
    at Object.setState (http://localhost:5199/src/core/stores.ts:20:11)
    at http://localhost:5199/src/app/Game.ts:128:27
    at Object.emit (http://localhost:5199/src/core/EventBus.ts:21:5)
    at GenreAffinityEngine.update (http://localhost:5199/src/genres/GenreAffinityEngine.ts:70:12)
    at GameLoop.tick [as onTick] (http://localhost:5199/src/app/Game.ts:260:21)
    at frame (http://localhost:5199/src/app/GameLoop.ts:34:8)
[   35613ms] [LOG] %c[getTrigger] error: sound sn not found! Is it loaded? background-color: black;color:white;border-radius:15px @ http://localhost:5199/node_modules/.vite/deps/@strudel_web.js?v=a3df4357:10
[   35613ms] [LOG] %c[getTrigger] error: sound hh not found! Is it loaded? background-color: black;color:white;border-radius:15px @ http://localhost:5199/node_modules/.vite/deps/@strudel_web.js?v=a3df4357:10
[   35712ms] Error: setState updater must return a new object, not the current state
    at Object.setState (http://localhost:5199/src/core/stores.ts:20:11)
    at http://localhost:5199/src/app/Game.ts:128:27
    at Object.emit (http://localhost:5199/src/core/EventBus.ts:21:5)
    at GenreAffinityEngine.update (http://localhost:5199/src/genres/GenreAffinityEngine.ts:70:12)
    at GameLoop.tick [as onTick] (http://localhost:5199/src/app/Game.ts:260:21)
    at frame (http://localhost:5199/src/app/GameLoop.ts:34:8)
[   35712ms] [LOG] %c[getTrigger] error: sound bd not found! Is it loaded? background-color: black;color:white;border-radius:15px @ http://localhost:5199/node_modules/.vite/deps/@strudel_web.js?v=a3df4357:10
[   35812ms] Error: setState updater must return a new object, not the current state
    at Object.setState (http://localhost:5199/src/core/stores.ts:20:11)
    at http://localhost:5199/src/app/Game.ts:128:27
    at Object.emit (http://localhost:5199/src/core/EventBus.ts:21:5)
    at GenreAffinityEngine.update (http://localhost:5199/src/genres/GenreAffinityEngine.ts:70:12)
    at GameLoop.tick [as onTick] (http://localhost:5199/src/app/Game.ts:260:21)
    at frame (http://localhost:5199/src/app/GameLoop.ts:34:8)
[   35912ms] Error: setState updater must return a new object, not the current state
    at Object.setState (http://localhost:5199/src/core/stores.ts:20:11)
    at http://localhost:5199/src/app/Game.ts:128:27
    at Object.emit (http://localhost:5199/src/core/EventBus.ts:21:5)
    at GenreAffinityEngine.update (http://localhost:5199/src/genres/GenreAffinityEngine.ts:70:12)
    at GameLoop.tick [as onTick] (http://localhost:5199/src/app/Game.ts:260:21)
    at frame (http://localhost:5199/src/app/GameLoop.ts:34:8)
[   35913ms] [LOG] %c[getTrigger] error: sound hh not found! Is it loaded? background-color: black;color:white;border-radius:15px @ http://localhost:5199/node_modules/.vite/deps/@strudel_web.js?v=a3df4357:10
[   36013ms] Error: setState updater must return a new object, not the current state
    at Object.setState (http://localhost:5199/src/core/stores.ts:20:11)
    at http://localhost:5199/src/app/Game.ts:128:27
    at Object.emit (http://localhost:5199/src/core/EventBus.ts:21:5)
    at GenreAffinityEngine.update (http://localhost:5199/src/genres/GenreAffinityEngine.ts:70:12)
    at GameLoop.tick [as onTick] (http://localhost:5199/src/app/Game.ts:260:21)
    at frame (http://localhost:5199/src/app/GameLoop.ts:34:8)
[   36013ms] [LOG] %c[getTrigger] error: sound sn not found! Is it loaded? background-color: black;color:white;border-radius:15px @ http://localhost:5199/node_modules/.vite/deps/@strudel_web.js?v=a3df4357:10
[   36113ms] [LOG] %c[getTrigger] error: sound bd not found! Is it loaded? background-color: black;color:white;border-radius:15px @ http://localhost:5199/node_modules/.vite/deps/@strudel_web.js?v=a3df4357:10
[   36212ms] Error: setState updater must return a new object, not the current state
    at Object.setState (http://localhost:5199/src/core/stores.ts:20:11)
    at http://localhost:5199/src/app/Game.ts:128:27
    at Object.emit (http://localhost:5199/src/core/EventBus.ts:21:5)
    at GenreAffinityEngine.update (http://localhost:5199/src/genres/GenreAffinityEngine.ts:70:12)
    at GameLoop.tick [as onTick] (http://localhost:5199/src/app/Game.ts:260:21)
    at frame (http://localhost:5199/src/app/GameLoop.ts:34:8)
[   36312ms] Error: setState updater must return a new object, not the current state
    at Object.setState (http://localhost:5199/src/core/stores.ts:20:11)
    at http://localhost:5199/src/app/Game.ts:128:27
    at Object.emit (http://localhost:5199/src/core/EventBus.ts:21:5)
    at GenreAffinityEngine.update (http://localhost:5199/src/genres/GenreAffinityEngine.ts:70:12)
    at GameLoop.tick [as onTick] (http://localhost:5199/src/app/Game.ts:260:21)
    at frame (http://localhost:5199/src/app/GameLoop.ts:34:8)
[   36312ms] [LOG] %c[getTrigger] error: sound sn not found! Is it loaded? background-color: black;color:white;border-radius:15px @ http://localhost:5199/node_modules/.vite/deps/@strudel_web.js?v=a3df4357:10
[   36313ms] [LOG] %c[getTrigger] error: sound hh not found! Is it loaded? background-color: black;color:white;border-radius:15px @ http://localhost:5199/node_modules/.vite/deps/@strudel_web.js?v=a3df4357:10
[   36513ms] Error: setState updater must return a new object, not the current state
    at Object.setState (http://localhost:5199/src/core/stores.ts:20:11)
    at http://localhost:5199/src/app/Game.ts:128:27
    at Object.emit (http://localhost:5199/src/core/EventBus.ts:21:5)
    at GenreAffinityEngine.update (http://localhost:5199/src/genres/GenreAffinityEngine.ts:70:12)
    at GameLoop.tick [as onTick] (http://localhost:5199/src/app/Game.ts:260:21)
    at frame (http://localhost:5199/src/app/GameLoop.ts:34:8)
[   36514ms] [LOG] %c[getTrigger] error: sound bd not found! Is it loaded? background-color: black;color:white;border-radius:15px @ http://localhost:5199/node_modules/.vite/deps/@strudel_web.js?v=a3df4357:10
[   36614ms] Error: setState updater must return a new object, not the current state
    at Object.setState (http://localhost:5199/src/core/stores.ts:20:11)
    at http://localhost:5199/src/app/Game.ts:128:27
    at Object.emit (http://localhost:5199/src/core/EventBus.ts:21:5)
    at GenreAffinityEngine.update (http://localhost:5199/src/genres/GenreAffinityEngine.ts:70:12)
    at GameLoop.tick [as onTick] (http://localhost:5199/src/app/Game.ts:260:21)
    at frame (http://localhost:5199/src/app/GameLoop.ts:34:8)
[   36614ms] [LOG] %c[getTrigger] error: sound hh not found! Is it loaded? background-color: black;color:white;border-radius:15px @ http://localhost:5199/node_modules/.vite/deps/@strudel_web.js?v=a3df4357:10
[   36713ms] [LOG] %c[getTrigger] error: sound sn not found! Is it loaded? background-color: black;color:white;border-radius:15px @ http://localhost:5199/node_modules/.vite/deps/@strudel_web.js?v=a3df4357:10
[   36813ms] Error: setState updater must return a new object, not the current state
    at Object.setState (http://localhost:5199/src/core/stores.ts:20:11)
    at http://localhost:5199/src/app/Game.ts:128:27
    at Object.emit (http://localhost:5199/src/core/EventBus.ts:21:5)
    at GenreAffinityEngine.update (http://localhost:5199/src/genres/GenreAffinityEngine.ts:70:12)
    at GameLoop.tick [as onTick] (http://localhost:5199/src/app/Game.ts:260:21)
    at frame (http://localhost:5199/src/app/GameLoop.ts:34:8)
[   36813ms] [LOG] %c[getTrigger] error: sound bd not found! Is it loaded? background-color: black;color:white;border-radius:15px @ http://localhost:5199/node_modules/.vite/deps/@strudel_web.js?v=a3df4357:10
[   36913ms] Error: setState updater must return a new object, not the current state
    at Object.setState (http://localhost:5199/src/core/stores.ts:20:11)
    at http://localhost:5199/src/app/Game.ts:128:27
    at Object.emit (http://localhost:5199/src/core/EventBus.ts:21:5)
    at GenreAffinityEngine.update (http://localhost:5199/src/genres/GenreAffinityEngine.ts:70:12)
    at GameLoop.tick [as onTick] (http://localhost:5199/src/app/Game.ts:260:21)
    at frame (http://localhost:5199/src/app/GameLoop.ts:34:8)
[   37014ms] Error: setState updater must return a new object, not the current state
    at Object.setState (http://localhost:5199/src/core/stores.ts:20:11)
    at http://localhost:5199/src/app/Game.ts:128:27
    at Object.emit (http://localhost:5199/src/core/EventBus.ts:21:5)
    at GenreAffinityEngine.update (http://localhost:5199/src/genres/GenreAffinityEngine.ts:70:12)
    at GameLoop.tick [as onTick] (http://localhost:5199/src/app/Game.ts:260:21)
    at frame (http://localhost:5199/src/app/GameLoop.ts:34:8)
[   37014ms] [LOG] %c[getTrigger] error: sound sn not found! Is it loaded? background-color: black;color:white;border-radius:15px @ http://localhost:5199/node_modules/.vite/deps/@strudel_web.js?v=a3df4357:10
[   37014ms] [LOG] %c[getTrigger] error: sound hh not found! Is it loaded? background-color: black;color:white;border-radius:15px @ http://localhost:5199/node_modules/.vite/deps/@strudel_web.js?v=a3df4357:10
[   37213ms] Error: setState updater must return a new object, not the current state
    at Object.setState (http://localhost:5199/src/core/stores.ts:20:11)
    at http://localhost:5199/src/app/Game.ts:128:27
    at Object.emit (http://localhost:5199/src/core/EventBus.ts:21:5)
    at GenreAffinityEngine.update (http://localhost:5199/src/genres/GenreAffinityEngine.ts:70:12)
    at GameLoop.tick [as onTick] (http://localhost:5199/src/app/Game.ts:260:21)
    at frame (http://localhost:5199/src/app/GameLoop.ts:34:8)
[   37213ms] [LOG] %c[getTrigger] error: sound bd not found! Is it loaded? background-color: black;color:white;border-radius:15px @ http://localhost:5199/node_modules/.vite/deps/@strudel_web.js?v=a3df4357:10
[   37413ms] Error: setState updater must return a new object, not the current state
    at Object.setState (http://localhost:5199/src/core/stores.ts:20:11)
    at http://localhost:5199/src/app/Game.ts:128:27
    at Object.emit (http://localhost:5199/src/core/EventBus.ts:21:5)
    at GenreAffinityEngine.update (http://localhost:5199/src/genres/GenreAffinityEngine.ts:70:12)
    at GameLoop.tick [as onTick] (http://localhost:5199/src/app/Game.ts:260:21)
    at frame (http://localhost:5199/src/app/GameLoop.ts:34:8)
[   37413ms] [LOG] %c[getTrigger] error: sound hh not found! Is it loaded? background-color: black;color:white;border-radius:15px @ http://localhost:5199/node_modules/.vite/deps/@strudel_web.js?v=a3df4357:10
[   37413ms] [LOG] %c[getTrigger] error: sound sn not found! Is it loaded? background-color: black;color:white;border-radius:15px @ http://localhost:5199/node_modules/.vite/deps/@strudel_web.js?v=a3df4357:10
[   37513ms] Error: setState updater must return a new object, not the current state
    at Object.setState (http://localhost:5199/src/core/stores.ts:20:11)
    at http://localhost:5199/src/app/Game.ts:128:27
    at Object.emit (http://localhost:5199/src/core/EventBus.ts:21:5)
    at GenreAffinityEngine.update (http://localhost:5199/src/genres/GenreAffinityEngine.ts:70:12)
    at GameLoop.tick [as onTick] (http://localhost:5199/src/app/Game.ts:260:21)
    at frame (http://localhost:5199/src/app/GameLoop.ts:34:8)
[   37514ms] [LOG] %c[getTrigger] error: sound bd not found! Is it loaded? background-color: black;color:white;border-radius:15px @ http://localhost:5199/node_modules/.vite/deps/@strudel_web.js?v=a3df4357:10
[   37614ms] Error: setState updater must return a new object, not the current state
    at Object.setState (http://localhost:5199/src/core/stores.ts:20:11)
    at http://localhost:5199/src/app/Game.ts:128:27
    at Object.emit (http://localhost:5199/src/core/EventBus.ts:21:5)
    at GenreAffinityEngine.update (http://localhost:5199/src/genres/GenreAffinityEngine.ts:70:12)
    at GameLoop.tick [as onTick] (http://localhost:5199/src/app/Game.ts:260:21)
    at frame (http://localhost:5199/src/app/GameLoop.ts:34:8)
[   37713ms] Error: setState updater must return a new object, not the current state
    at Object.setState (http://localhost:5199/src/core/stores.ts:20:11)
    at http://localhost:5199/src/app/Game.ts:128:27
    at Object.emit (http://localhost:5199/src/core/EventBus.ts:21:5)
    at GenreAffinityEngine.update (http://localhost:5199/src/genres/GenreAffinityEngine.ts:70:12)
    at GameLoop.tick [as onTick] (http://localhost:5199/src/app/Game.ts:260:21)
    at frame (http://localhost:5199/src/app/GameLoop.ts:34:8)
[   37713ms] [LOG] %c[getTrigger] error: sound sn not found! Is it loaded? background-color: black;color:white;border-radius:15px @ http://localhost:5199/node_modules/.vite/deps/@strudel_web.js?v=a3df4357:10
[   37713ms] [LOG] %c[getTrigger] error: sound hh not found! Is it loaded? background-color: black;color:white;border-radius:15px @ http://localhost:5199/node_modules/.vite/deps/@strudel_web.js?v=a3df4357:10
[   37812ms] Error: setState updater must return a new object, not the current state
    at Object.setState (http://localhost:5199/src/core/stores.ts:20:11)
    at http://localhost:5199/src/app/Game.ts:128:27
    at Object.emit (http://localhost:5199/src/core/EventBus.ts:21:5)
    at GenreAffinityEngine.update (http://localhost:5199/src/genres/GenreAffinityEngine.ts:70:12)
    at GameLoop.tick [as onTick] (http://localhost:5199/src/app/Game.ts:260:21)
    at frame (http://localhost:5199/src/app/GameLoop.ts:34:8)
[   37913ms] [LOG] %c[getTrigger] error: sound bd not found! Is it loaded? background-color: black;color:white;border-radius:15px @ http://localhost:5199/node_modules/.vite/deps/@strudel_web.js?v=a3df4357:10
[   38013ms] Error: setState updater must return a new object, not the current state
    at Object.setState (http://localhost:5199/src/core/stores.ts:20:11)
    at http://localhost:5199/src/app/Game.ts:128:27
    at Object.emit (http://localhost:5199/src/core/EventBus.ts:21:5)
    at GenreAffinityEngine.update (http://localhost:5199/src/genres/GenreAffinityEngine.ts:70:12)
    at GameLoop.tick [as onTick] (http://localhost:5199/src/app/Game.ts:260:21)
    at frame (http://localhost:5199/src/app/GameLoop.ts:34:8)
[   38112ms] [LOG] %c[getTrigger] error: sound hh not found! Is it loaded? background-color: black;color:white;border-radius:15px @ http://localhost:5199/node_modules/.vite/deps/@strudel_web.js?v=a3df4357:10
[   38125ms] [LOG] %c[eval] code updated background-color: black;color:white;border-radius:15px @ http://localhost:5199/node_modules/.vite/deps/@strudel_web.js?v=a3df4357:10
[   38213ms] Error: setState updater must return a new object, not the current state
    at Object.setState (http://localhost:5199/src/core/stores.ts:20:11)
    at http://localhost:5199/src/app/Game.ts:128:27
    at Object.emit (http://localhost:5199/src/core/EventBus.ts:21:5)
    at GenreAffinityEngine.update (http://localhost:5199/src/genres/GenreAffinityEngine.ts:70:12)
    at GameLoop.tick [as onTick] (http://localhost:5199/src/app/Game.ts:260:21)
    at frame (http://localhost:5199/src/app/GameLoop.ts:34:8)
[   38314ms] [LOG] %c[getTrigger] error: sound bd not found! Is it loaded? background-color: black;color:white;border-radius:15px @ http://localhost:5199/node_modules/.vite/deps/@strudel_web.js?v=a3df4357:10
[   38413ms] Error: setState updater must return a new object, not the current state
    at Object.setState (http://localhost:5199/src/core/stores.ts:20:11)
    at http://localhost:5199/src/app/Game.ts:128:27
    at Object.emit (http://localhost:5199/src/core/EventBus.ts:21:5)
    at GenreAffinityEngine.update (http://localhost:5199/src/genres/GenreAffinityEngine.ts:70:12)
    at GameLoop.tick [as onTick] (http://localhost:5199/src/app/Game.ts:260:21)
    at frame (http://localhost:5199/src/app/GameLoop.ts:34:8)
[   38514ms] Error: setState updater must return a new object, not the current state
    at Object.setState (http://localhost:5199/src/core/stores.ts:20:11)
    at http://localhost:5199/src/app/Game.ts:128:27
    at Object.emit (http://localhost:5199/src/core/EventBus.ts:21:5)
    at GenreAffinityEngine.update (http://localhost:5199/src/genres/GenreAffinityEngine.ts:70:12)
    at GameLoop.tick [as onTick] (http://localhost:5199/src/app/Game.ts:260:21)
    at frame (http://localhost:5199/src/app/GameLoop.ts:34:8)
[   38713ms] Error: setState updater must return a new object, not the current state
    at Object.setState (http://localhost:5199/src/core/stores.ts:20:11)
    at http://localhost:5199/src/app/Game.ts:128:27
    at Object.emit (http://localhost:5199/src/core/EventBus.ts:21:5)
    at GenreAffinityEngine.update (http://localhost:5199/src/genres/GenreAffinityEngine.ts:70:12)
    at GameLoop.tick [as onTick] (http://localhost:5199/src/app/Game.ts:260:21)
    at frame (http://localhost:5199/src/app/GameLoop.ts:34:8)
[   38814ms] Error: setState updater must return a new object, not the current state
    at Object.setState (http://localhost:5199/src/core/stores.ts:20:11)
    at http://localhost:5199/src/app/Game.ts:128:27
    at Object.emit (http://localhost:5199/src/core/EventBus.ts:21:5)
    at GenreAffinityEngine.update (http://localhost:5199/src/genres/GenreAffinityEngine.ts:70:12)
    at GameLoop.tick [as onTick] (http://localhost:5199/src/app/Game.ts:260:21)
    at frame (http://localhost:5199/src/app/GameLoop.ts:34:8)
[   38914ms] Error: setState updater must return a new object, not the current state
    at Object.setState (http://localhost:5199/src/core/stores.ts:20:11)
    at http://localhost:5199/src/app/Game.ts:128:27
    at Object.emit (http://localhost:5199/src/core/EventBus.ts:21:5)
    at GenreAffinityEngine.update (http://localhost:5199/src/genres/GenreAffinityEngine.ts:70:12)
    at GameLoop.tick [as onTick] (http://localhost:5199/src/app/Game.ts:260:21)
    at frame (http://localhost:5199/src/app/GameLoop.ts:34:8)
[   39114ms] Error: setState updater must return a new object, not the current state
    at Object.setState (http://localhost:5199/src/core/stores.ts:20:11)
    at http://localhost:5199/src/app/Game.ts:128:27
    at Object.emit (http://localhost:5199/src/core/EventBus.ts:21:5)
    at GenreAffinityEngine.update (http://localhost:5199/src/genres/GenreAffinityEngine.ts:70:12)
    at GameLoop.tick [as onTick] (http://localhost:5199/src/app/Game.ts:260:21)
    at frame (http://localhost:5199/src/app/GameLoop.ts:34:8)
[   39213ms] Error: setState updater must return a new object, not the current state
    at Object.setState (http://localhost:5199/src/core/stores.ts:20:11)
    at http://localhost:5199/src/app/Game.ts:128:27
    at Object.emit (http://localhost:5199/src/core/EventBus.ts:21:5)
    at GenreAffinityEngine.update (http://localhost:5199/src/genres/GenreAffinityEngine.ts:70:12)
    at GameLoop.tick [as onTick] (http://localhost:5199/src/app/Game.ts:260:21)
    at frame (http://localhost:5199/src/app/GameLoop.ts:34:8)
[   39555ms] [LOG] %c[cyclist] stop background-color: black;color:white;border-radius:15px @ http://localhost:5199/node_modules/.vite/deps/@strudel_web.js?v=a3df4357:10
[   64605ms] [LOG] %c🌀 @strudel/core loaded 🌀 background-color: black;color:white;border-radius:15px @ http://localhost:5199/node_modules/.vite/deps/@strudel_web.js?v=a3df4357:10
