[     119ms] [LOG] %c🌀 @strudel/core loaded 🌀 background-color: black;color:white;border-radius:15px @ http://localhost:5206/node_modules/.vite/deps/@strudel_web.js?v=271342c3:10
[     138ms] [VERBOSE] [DOM] Password field is not contained in a form: (More info: https://goo.gl/9p2vKq) %o @ http://localhost:5206/:0
[    4437ms] [LOG] %c[eval] code updated background-color: black;color:white;border-radius:15px @ http://localhost:5206/node_modules/.vite/deps/@strudel_web.js?v=271342c3:10
[    4437ms] [LOG] %c[cyclist] start background-color: black;color:white;border-radius:15px @ http://localhost:5206/node_modules/.vite/deps/@strudel_web.js?v=271342c3:10
[    6521ms] [LOG] %c[superdough] AudioWorklets loaded background-color: black;color:white;border-radius:15px @ http://localhost:5206/node_modules/.vite/deps/@strudel_web.js?v=271342c3:10
[    6521ms] [LOG] %c[superdough] ready background-color: black;color:white;border-radius:15px @ http://localhost:5206/node_modules/.vite/deps/@strudel_web.js?v=271342c3:10
[    7177ms] [LOG] %c[eval] code updated background-color: black;color:white;border-radius:15px @ http://localhost:5206/node_modules/.vite/deps/@strudel_web.js?v=271342c3:10
[    8732ms] [LOG] %c[eval] code updated background-color: black;color:white;border-radius:15px @ http://localhost:5206/node_modules/.vite/deps/@strudel_web.js?v=271342c3:10
[    8847ms] [LOG] %c[sampler] load sound "RolandTR909_hh:0:0".. background-color: black;color:white;border-radius:15px @ http://localhost:5206/node_modules/.vite/deps/@strudel_web.js?v=271342c3:10
[    8851ms] [LOG] %c[sampler] load sound "RolandTR909_hh:0:0"... done! loaded 20.7 KiB in 4ms background-color: black;color:white;border-radius:15px @ http://localhost:5206/node_modules/.vite/deps/@strudel_web.js?v=271342c3:10
[    9146ms] [LOG] %c[sampler] load sound "RolandTR909_oh:0:0".. background-color: black;color:white;border-radius:15px @ http://localhost:5206/node_modules/.vite/deps/@strudel_web.js?v=271342c3:10
[    9150ms] [LOG] %c[sampler] load sound "RolandTR909_oh:0:0"... done! loaded 133.2 KiB in 4ms background-color: black;color:white;border-radius:15px @ http://localhost:5206/node_modules/.vite/deps/@strudel_web.js?v=271342c3:10
[   11557ms] [LOG] %c[eval] code updated background-color: black;color:white;border-radius:15px @ http://localhost:5206/node_modules/.vite/deps/@strudel_web.js?v=271342c3:10
[   12745ms] [LOG] %c[sampler] load sound "RolandTR909_bd:0:0".. background-color: black;color:white;border-radius:15px @ http://localhost:5206/node_modules/.vite/deps/@strudel_web.js?v=271342c3:10
[   12749ms] [LOG] %c[sampler] load sound "RolandTR909_bd:0:0"... done! loaded 80.3 KiB in 3ms background-color: black;color:white;border-radius:15px @ http://localhost:5206/node_modules/.vite/deps/@strudel_web.js?v=271342c3:10
[   14379ms] [LOG] %c[eval] code updated background-color: black;color:white;border-radius:15px @ http://localhost:5206/node_modules/.vite/deps/@strudel_web.js?v=271342c3:10
[   15800ms] [LOG] %c[eval] code updated background-color: black;color:white;border-radius:15px @ http://localhost:5206/node_modules/.vite/deps/@strudel_web.js?v=271342c3:10
[   18617ms] [LOG] %c[eval] code updated background-color: black;color:white;border-radius:15px @ http://localhost:5206/node_modules/.vite/deps/@strudel_web.js?v=271342c3:10
[   18745ms] [LOG] %c[sampler] load sound "RolandTR909_cp:0:0".. background-color: black;color:white;border-radius:15px @ http://localhost:5206/node_modules/.vite/deps/@strudel_web.js?v=271342c3:10
[   18750ms] [LOG] %c[sampler] load sound "RolandTR909_cp:0:0"... done! loaded 132.8 KiB in 4ms background-color: black;color:white;border-radius:15px @ http://localhost:5206/node_modules/.vite/deps/@strudel_web.js?v=271342c3:10
[   21439ms] [LOG] %c[eval] code updated background-color: black;color:white;border-radius:15px @ http://localhost:5206/node_modules/.vite/deps/@strudel_web.js?v=271342c3:10
[   22850ms] [LOG] %c[eval] code updated background-color: black;color:white;border-radius:15px @ http://localhost:5206/node_modules/.vite/deps/@strudel_web.js?v=271342c3:10
[   27090ms] [LOG] %c[eval] code updated background-color: black;color:white;border-radius:15px @ http://localhost:5206/node_modules/.vite/deps/@strudel_web.js?v=271342c3:10
[   27545ms] [LOG] %c[sampler] load sound "RolandTR808_rim:0:0".. background-color: black;color:white;border-radius:15px @ http://localhost:5206/node_modules/.vite/deps/@strudel_web.js?v=271342c3:10
[   27548ms] [LOG] %c[sampler] load sound "RolandTR808_rim:0:0"... done! loaded 21.6 KiB in 2ms background-color: black;color:white;border-radius:15px @ http://localhost:5206/node_modules/.vite/deps/@strudel_web.js?v=271342c3:10
[   28499ms] [LOG] %c[eval] code updated background-color: black;color:white;border-radius:15px @ http://localhost:5206/node_modules/.vite/deps/@strudel_web.js?v=271342c3:10
[   31321ms] [LOG] %c[eval] code updated background-color: black;color:white;border-radius:15px @ http://localhost:5206/node_modules/.vite/deps/@strudel_web.js?v=271342c3:10
[   32951ms] [LOG] %c[eval] code updated background-color: black;color:white;border-radius:15px @ http://localhost:5206/node_modules/.vite/deps/@strudel_web.js?v=271342c3:10
[   35422ms] [LOG] %c[eval] code updated background-color: black;color:white;border-radius:15px @ http://localhost:5206/node_modules/.vite/deps/@strudel_web.js?v=271342c3:10
[   38085ms] [LOG] %c[eval] code updated background-color: black;color:white;border-radius:15px @ http://localhost:5206/node_modules/.vite/deps/@strudel_web.js?v=271342c3:10
[   40752ms] [LOG] %c[eval] code updated background-color: black;color:white;border-radius:15px @ http://localhost:5206/node_modules/.vite/deps/@strudel_web.js?v=271342c3:10
[   43419ms] [LOG] %c[eval] code updated background-color: black;color:white;border-radius:15px @ http://localhost:5206/node_modules/.vite/deps/@strudel_web.js?v=271342c3:10
[   47248ms] [LOG] %c[eval] code updated background-color: black;color:white;border-radius:15px @ http://localhost:5206/node_modules/.vite/deps/@strudel_web.js?v=271342c3:10
[   49116ms] [LOG] %c[eval] code updated background-color: black;color:white;border-radius:15px @ http://localhost:5206/node_modules/.vite/deps/@strudel_web.js?v=271342c3:10
[   52863ms] [LOG] %c[eval] code updated background-color: black;color:white;border-radius:15px @ http://localhost:5206/node_modules/.vite/deps/@strudel_web.js?v=271342c3:10
[   54736ms] [LOG] %c[eval] code updated background-color: black;color:white;border-radius:15px @ http://localhost:5206/node_modules/.vite/deps/@strudel_web.js?v=271342c3:10
[   56614ms] [LOG] %c[eval] code updated background-color: black;color:white;border-radius:15px @ http://localhost:5206/node_modules/.vite/deps/@strudel_web.js?v=271342c3:10
[   60363ms] [LOG] %c[eval] code updated background-color: black;color:white;border-radius:15px @ http://localhost:5206/node_modules/.vite/deps/@strudel_web.js?v=271342c3:10
[   62914ms] [LOG] %c[eval] code updated background-color: black;color:white;border-radius:15px @ http://localhost:5206/node_modules/.vite/deps/@strudel_web.js?v=271342c3:10
[   65855ms] [LOG] %c[eval] code updated background-color: black;color:white;border-radius:15px @ http://localhost:5206/node_modules/.vite/deps/@strudel_web.js?v=271342c3:10
[   67046ms] [LOG] %c[sampler] load sound "timpani:0:0".. background-color: black;color:white;border-radius:15px @ http://localhost:5206/node_modules/.vite/deps/@strudel_web.js?v=271342c3:10
[   67047ms] [LOG] %c[sampler] load sound "piano:0:0".. background-color: black;color:white;border-radius:15px @ http://localhost:5206/node_modules/.vite/deps/@strudel_web.js?v=271342c3:10
[   67047ms] [LOG] %c[sampler] load sound "glockenspiel:0:0".. background-color: black;color:white;border-radius:15px @ http://localhost:5206/node_modules/.vite/deps/@strudel_web.js?v=271342c3:10
[   67054ms] [LOG] %c[sampler] load sound "glockenspiel:0:0"... done! loaded 690.4 KiB in 7ms background-color: black;color:white;border-radius:15px @ http://localhost:5206/node_modules/.vite/deps/@strudel_web.js?v=271342c3:10
[   67260ms] [LOG] %c[sampler] load sound "piano:0:0"... done! loaded 222.2 KiB in 214ms background-color: black;color:white;border-radius:15px @ http://localhost:5206/node_modules/.vite/deps/@strudel_web.js?v=271342c3:10
[   67310ms] [LOG] %c[sampler] loading sound "piano:0" took too long background-color: black;color:white;border-radius:15px @ http://localhost:5206/node_modules/.vite/deps/@strudel_web.js?v=271342c3:10
[   67373ms] [LOG] %c[sampler] load sound "timpani:0:0"... done! loaded 1.2 MiB in 327ms background-color: black;color:white;border-radius:15px @ http://localhost:5206/node_modules/.vite/deps/@strudel_web.js?v=271342c3:10
[   67390ms] [LOG] %c[sampler] loading sound "timpani:0" took too long background-color: black;color:white;border-radius:15px @ http://localhost:5206/node_modules/.vite/deps/@strudel_web.js?v=271342c3:10
[   67613ms] [LOG] %c[sampler] load sound "glockenspiel:0:0"... done! loaded 690.4 KiB in 566ms background-color: black;color:white;border-radius:15px @ http://localhost:5206/node_modules/.vite/deps/@strudel_web.js?v=271342c3:10
[   67625ms] [LOG] %c[sampler] loading sound "glockenspiel:0" took too long background-color: black;color:white;border-radius:15px @ http://localhost:5206/node_modules/.vite/deps/@strudel_web.js?v=271342c3:10
[   71493ms] [LOG] %c[eval] code updated background-color: black;color:white;border-radius:15px @ http://localhost:5206/node_modules/.vite/deps/@strudel_web.js?v=271342c3:10
[   74316ms] [LOG] %c[eval] code updated background-color: black;color:white;border-radius:15px @ http://localhost:5206/node_modules/.vite/deps/@strudel_web.js?v=271342c3:10
[   78550ms] [LOG] %c[eval] code updated background-color: black;color:white;border-radius:15px @ http://localhost:5206/node_modules/.vite/deps/@strudel_web.js?v=271342c3:10
[   82784ms] [LOG] %c[eval] code updated background-color: black;color:white;border-radius:15px @ http://localhost:5206/node_modules/.vite/deps/@strudel_web.js?v=271342c3:10
[   82945ms] [LOG] %c[sampler] load sound "RolandTR808_sd:0:0".. background-color: black;color:white;border-radius:15px @ http://localhost:5206/node_modules/.vite/deps/@strudel_web.js?v=271342c3:10
[   83093ms] [LOG] %c[sampler] load sound "RolandTR808_sd:0:0"... done! loaded 21.6 KiB in 147ms background-color: black;color:white;border-radius:15px @ http://localhost:5206/node_modules/.vite/deps/@strudel_web.js?v=271342c3:10
[   91143ms] [LOG] %c🌀 @strudel/core loaded 🌀 background-color: black;color:white;border-radius:15px @ http://localhost:5206/node_modules/.vite/deps/@strudel_web.js?v=271342c3:10
[   91165ms] [VERBOSE] [DOM] Password field is not contained in a form: (More info: https://goo.gl/9p2vKq) %o @ http://localhost:5206/:0
[   92721ms] [LOG] %c[eval] code updated background-color: black;color:white;border-radius:15px @ http://localhost:5206/node_modules/.vite/deps/@strudel_web.js?v=271342c3:10
[   92721ms] [LOG] %c[cyclist] start background-color: black;color:white;border-radius:15px @ http://localhost:5206/node_modules/.vite/deps/@strudel_web.js?v=271342c3:10
[   95449ms] [LOG] %c[eval] code updated background-color: black;color:white;border-radius:15px @ http://localhost:5206/node_modules/.vite/deps/@strudel_web.js?v=271342c3:10
