[     334ms] [LOG] %c🌀 @strudel/core loaded 🌀 background-color: black;color:white;border-radius:15px @ http://localhost:5203/node_modules/.vite/deps/@strudel_web.js?v=271342c3:10
[     357ms] [VERBOSE] [DOM] Password field is not contained in a form: (More info: https://goo.gl/9p2vKq) %o @ http://localhost:5203/:0
[   13750ms] [LOG] %c[superdough] AudioWorklets loaded background-color: black;color:white;border-radius:15px @ http://localhost:5203/node_modules/.vite/deps/@strudel_web.js?v=271342c3:10
[   13750ms] [LOG] %c[superdough] ready background-color: black;color:white;border-radius:15px @ http://localhost:5203/node_modules/.vite/deps/@strudel_web.js?v=271342c3:10
[   13853ms] [LOG] %c[eval] code updated background-color: black;color:white;border-radius:15px @ http://localhost:5203/node_modules/.vite/deps/@strudel_web.js?v=271342c3:10
[   13853ms] [LOG] %c[cyclist] start background-color: black;color:white;border-radius:15px @ http://localhost:5203/node_modules/.vite/deps/@strudel_web.js?v=271342c3:10
[   16584ms] [LOG] %c[eval] code updated background-color: black;color:white;border-radius:15px @ http://localhost:5203/node_modules/.vite/deps/@strudel_web.js?v=271342c3:10
[   18522ms] [LOG] %c[eval] code updated background-color: black;color:white;border-radius:15px @ http://localhost:5203/node_modules/.vite/deps/@strudel_web.js?v=271342c3:10
[   18762ms] [LOG] %c[sampler] load sound "RolandTR909_bd:0:0".. background-color: black;color:white;border-radius:15px @ http://localhost:5203/node_modules/.vite/deps/@strudel_web.js?v=271342c3:10
[   18932ms] [LOG] %c[sampler] load sound "RolandTR909_bd:0:0"... done! loaded 80.3 KiB in 170ms background-color: black;color:white;border-radius:15px @ http://localhost:5203/node_modules/.vite/deps/@strudel_web.js?v=271342c3:10
[   22274ms] [LOG] %c[eval] code updated background-color: black;color:white;border-radius:15px @ http://localhost:5203/node_modules/.vite/deps/@strudel_web.js?v=271342c3:10
[   22461ms] [LOG] %c[sampler] load sound "RolandTR909_hh:0:0".. background-color: black;color:white;border-radius:15px @ http://localhost:5203/node_modules/.vite/deps/@strudel_web.js?v=271342c3:10
[   22634ms] [LOG] %c[sampler] load sound "RolandTR909_hh:0:0"... done! loaded 20.7 KiB in 173ms background-color: black;color:white;border-radius:15px @ http://localhost:5203/node_modules/.vite/deps/@strudel_web.js?v=271342c3:10
[   22761ms] [LOG] %c[sampler] load sound "RolandTR909_oh:0:0".. background-color: black;color:white;border-radius:15px @ http://localhost:5203/node_modules/.vite/deps/@strudel_web.js?v=271342c3:10
[   22918ms] [LOG] %c[sampler] load sound "RolandTR909_oh:0:0"... done! loaded 133.2 KiB in 157ms background-color: black;color:white;border-radius:15px @ http://localhost:5203/node_modules/.vite/deps/@strudel_web.js?v=271342c3:10
[   26026ms] [LOG] %c[eval] code updated background-color: black;color:white;border-radius:15px @ http://localhost:5203/node_modules/.vite/deps/@strudel_web.js?v=271342c3:10
[   26260ms] [LOG] %c[sampler] load sound "RolandTR909_cp:0:0".. background-color: black;color:white;border-radius:15px @ http://localhost:5203/node_modules/.vite/deps/@strudel_web.js?v=271342c3:10
[   26430ms] [LOG] %c[sampler] load sound "RolandTR909_cp:0:0"... done! loaded 132.8 KiB in 169ms background-color: black;color:white;border-radius:15px @ http://localhost:5203/node_modules/.vite/deps/@strudel_web.js?v=271342c3:10
[   27261ms] [LOG] %c[sampler] load sound "RolandTR808_rim:0:0".. background-color: black;color:white;border-radius:15px @ http://localhost:5203/node_modules/.vite/deps/@strudel_web.js?v=271342c3:10
[   27438ms] [LOG] %c[sampler] load sound "RolandTR808_rim:0:0"... done! loaded 21.6 KiB in 177ms background-color: black;color:white;border-radius:15px @ http://localhost:5203/node_modules/.vite/deps/@strudel_web.js?v=271342c3:10
[   29776ms] [LOG] %c[eval] code updated background-color: black;color:white;border-radius:15px @ http://localhost:5203/node_modules/.vite/deps/@strudel_web.js?v=271342c3:10
[   33526ms] [LOG] %c[eval] code updated background-color: black;color:white;border-radius:15px @ http://localhost:5203/node_modules/.vite/deps/@strudel_web.js?v=271342c3:10
[   35400ms] [LOG] %c[eval] code updated background-color: black;color:white;border-radius:15px @ http://localhost:5203/node_modules/.vite/deps/@strudel_web.js?v=271342c3:10
[   37975ms] [LOG] %c[eval] code updated background-color: black;color:white;border-radius:15px @ http://localhost:5203/node_modules/.vite/deps/@strudel_web.js?v=271342c3:10
[   40935ms] [LOG] %c[eval] code updated background-color: black;color:white;border-radius:15px @ http://localhost:5203/node_modules/.vite/deps/@strudel_web.js?v=271342c3:10
[   42350ms] [LOG] %c[eval] code updated background-color: black;color:white;border-radius:15px @ http://localhost:5203/node_modules/.vite/deps/@strudel_web.js?v=271342c3:10
[   45176ms] [LOG] %c[eval] code updated background-color: black;color:white;border-radius:15px @ http://localhost:5203/node_modules/.vite/deps/@strudel_web.js?v=271342c3:10
[   47621ms] [LOG] %c[eval] code updated background-color: black;color:white;border-radius:15px @ http://localhost:5203/node_modules/.vite/deps/@strudel_web.js?v=271342c3:10
[   71148ms] [LOG] %c🌀 @strudel/core loaded 🌀 background-color: black;color:white;border-radius:15px @ http://localhost:5203/node_modules/.vite/deps/@strudel_web.js?v=271342c3:10
[   71166ms] [VERBOSE] [DOM] Password field is not contained in a form: (More info: https://goo.gl/9p2vKq) %o @ http://localhost:5203/:0
