[     258ms] [LOG] %c🌀 @strudel/core loaded 🌀 background-color: black;color:white;border-radius:15px @ http://localhost:5206/node_modules/.vite/deps/@strudel_web.js?v=271342c3:10
[     289ms] [VERBOSE] [DOM] Password field is not contained in a form: (More info: https://goo.gl/9p2vKq) %o @ http://localhost:5206/:0
[   11264ms] [LOG] %c[superdough] AudioWorklets loaded background-color: black;color:white;border-radius:15px @ http://localhost:5206/node_modules/.vite/deps/@strudel_web.js?v=271342c3:10
[   11265ms] [LOG] %c[superdough] ready background-color: black;color:white;border-radius:15px @ http://localhost:5206/node_modules/.vite/deps/@strudel_web.js?v=271342c3:10
[   11371ms] [LOG] %c[eval] code updated background-color: black;color:white;border-radius:15px @ http://localhost:5206/node_modules/.vite/deps/@strudel_web.js?v=271342c3:10
[   11372ms] [LOG] %c[cyclist] start background-color: black;color:white;border-radius:15px @ http://localhost:5206/node_modules/.vite/deps/@strudel_web.js?v=271342c3:10
[   14095ms] [LOG] %c[eval] code updated background-color: black;color:white;border-radius:15px @ http://localhost:5206/node_modules/.vite/deps/@strudel_web.js?v=271342c3:10
[   16044ms] [LOG] %c[eval] code updated background-color: black;color:white;border-radius:15px @ http://localhost:5206/node_modules/.vite/deps/@strudel_web.js?v=271342c3:10
[   16080ms] [LOG] %c[sampler] load sound "RolandTR909_hh:0:0".. background-color: black;color:white;border-radius:15px @ http://localhost:5206/node_modules/.vite/deps/@strudel_web.js?v=271342c3:10
[   16084ms] [LOG] %c[sampler] load sound "RolandTR909_hh:0:0"... done! loaded 20.7 KiB in 3ms background-color: black;color:white;border-radius:15px @ http://localhost:5206/node_modules/.vite/deps/@strudel_web.js?v=271342c3:10
[   16778ms] [LOG] %c[sampler] load sound "RolandTR909_oh:0:0".. background-color: black;color:white;border-radius:15px @ http://localhost:5206/node_modules/.vite/deps/@strudel_web.js?v=271342c3:10
[   16780ms] [LOG] %c[sampler] load sound "RolandTR909_oh:0:0"... done! loaded 133.2 KiB in 2ms background-color: black;color:white;border-radius:15px @ http://localhost:5206/node_modules/.vite/deps/@strudel_web.js?v=271342c3:10
[   19793ms] [LOG] %c[eval] code updated background-color: black;color:white;border-radius:15px @ http://localhost:5206/node_modules/.vite/deps/@strudel_web.js?v=271342c3:10
[   21278ms] [LOG] %c[sampler] load sound "RolandTR909_bd:0:0".. background-color: black;color:white;border-radius:15px @ http://localhost:5206/node_modules/.vite/deps/@strudel_web.js?v=271342c3:10
[   21280ms] [LOG] %c[sampler] load sound "RolandTR909_bd:0:0"... done! loaded 80.3 KiB in 2ms background-color: black;color:white;border-radius:15px @ http://localhost:5206/node_modules/.vite/deps/@strudel_web.js?v=271342c3:10
[   21672ms] [LOG] %c[eval] code updated background-color: black;color:white;border-radius:15px @ http://localhost:5206/node_modules/.vite/deps/@strudel_web.js?v=271342c3:10
[   21977ms] [LOG] %c[sampler] load sound "RolandTR909_cp:0:0".. background-color: black;color:white;border-radius:15px @ http://localhost:5206/node_modules/.vite/deps/@strudel_web.js?v=271342c3:10
[   21981ms] [LOG] %c[sampler] load sound "RolandTR909_cp:0:0"... done! loaded 132.8 KiB in 3ms background-color: black;color:white;border-radius:15px @ http://localhost:5206/node_modules/.vite/deps/@strudel_web.js?v=271342c3:10
[   23540ms] [LOG] %c[eval] code updated background-color: black;color:white;border-radius:15px @ http://localhost:5206/node_modules/.vite/deps/@strudel_web.js?v=271342c3:10
[   25422ms] [LOG] %c[eval] code updated background-color: black;color:white;border-radius:15px @ http://localhost:5206/node_modules/.vite/deps/@strudel_web.js?v=271342c3:10
[   32920ms] [LOG] %c[eval] code updated background-color: black;color:white;border-radius:15px @ http://localhost:5206/node_modules/.vite/deps/@strudel_web.js?v=271342c3:10
[   34798ms] [LOG] %c[eval] code updated background-color: black;color:white;border-radius:15px @ http://localhost:5206/node_modules/.vite/deps/@strudel_web.js?v=271342c3:10
[   36480ms] [LOG] %c[sampler] load sound "RolandTR808_rim:0:0".. background-color: black;color:white;border-radius:15px @ http://localhost:5206/node_modules/.vite/deps/@strudel_web.js?v=271342c3:10
[   36486ms] [LOG] %c[sampler] load sound "RolandTR808_rim:0:0"... done! loaded 21.6 KiB in 6ms background-color: black;color:white;border-radius:15px @ http://localhost:5206/node_modules/.vite/deps/@strudel_web.js?v=271342c3:10
[   37362ms] [LOG] %c[eval] code updated background-color: black;color:white;border-radius:15px @ http://localhost:5206/node_modules/.vite/deps/@strudel_web.js?v=271342c3:10
[   40025ms] [LOG] %c[eval] code updated background-color: black;color:white;border-radius:15px @ http://localhost:5206/node_modules/.vite/deps/@strudel_web.js?v=271342c3:10
[   42694ms] [LOG] %c[eval] code updated background-color: black;color:white;border-radius:15px @ http://localhost:5206/node_modules/.vite/deps/@strudel_web.js?v=271342c3:10
[   44369ms] [LOG] %c🌀 @strudel/core loaded 🌀 background-color: black;color:white;border-radius:15px @ http://localhost:5206/node_modules/.vite/deps/@strudel_web.js?v=271342c3:10
[   44388ms] [VERBOSE] [DOM] Password field is not contained in a form: (More info: https://goo.gl/9p2vKq) %o @ http://localhost:5206/:0
[   48187ms] [LOG] %c[superdough] AudioWorklets loaded background-color: black;color:white;border-radius:15px @ http://localhost:5206/node_modules/.vite/deps/@strudel_web.js?v=271342c3:10
[   48187ms] [LOG] %c[superdough] ready background-color: black;color:white;border-radius:15px @ http://localhost:5206/node_modules/.vite/deps/@strudel_web.js?v=271342c3:10
[   48283ms] [LOG] %c[eval] code updated background-color: black;color:white;border-radius:15px @ http://localhost:5206/node_modules/.vite/deps/@strudel_web.js?v=271342c3:10
[   48283ms] [LOG] %c[cyclist] start background-color: black;color:white;border-radius:15px @ http://localhost:5206/node_modules/.vite/deps/@strudel_web.js?v=271342c3:10
[   53679ms] [LOG] %c[eval] code updated background-color: black;color:white;border-radius:15px @ http://localhost:5206/node_modules/.vite/deps/@strudel_web.js?v=271342c3:10
