[      64ms] [LOG] %c[eval] code updated background-color: black;color:white;border-radius:15px @ http://localhost:5209/node_modules/.vite/deps/@strudel_web.js?v=271342c3:10
[     350ms] [LOG] %c🌀 @strudel/core loaded 🌀 background-color: black;color:white;border-radius:15px @ http://localhost:5210/node_modules/.vite/deps/@strudel_web.js?v=271342c3:10
[     374ms] [VERBOSE] [DOM] Password field is not contained in a form: (More info: https://goo.gl/9p2vKq) %o @ http://localhost:5210/:0
[    3590ms] [LOG] %c[superdough] AudioWorklets loaded background-color: black;color:white;border-radius:15px @ http://localhost:5210/node_modules/.vite/deps/@strudel_web.js?v=271342c3:10
[    3591ms] [LOG] %c[superdough] ready background-color: black;color:white;border-radius:15px @ http://localhost:5210/node_modules/.vite/deps/@strudel_web.js?v=271342c3:10
[   16118ms] [LOG] %c[eval] code updated background-color: black;color:white;border-radius:15px @ http://localhost:5210/node_modules/.vite/deps/@strudel_web.js?v=271342c3:10
[   16118ms] [LOG] %c[cyclist] start background-color: black;color:white;border-radius:15px @ http://localhost:5210/node_modules/.vite/deps/@strudel_web.js?v=271342c3:10
[   18850ms] [LOG] %c[eval] code updated background-color: black;color:white;border-radius:15px @ http://localhost:5210/node_modules/.vite/deps/@strudel_web.js?v=271342c3:10
[   20791ms] [LOG] %c[eval] code updated background-color: black;color:white;border-radius:15px @ http://localhost:5210/node_modules/.vite/deps/@strudel_web.js?v=271342c3:10
[   21027ms] [LOG] %c[sampler] load sound "RolandTR909_bd:0:0".. background-color: black;color:white;border-radius:15px @ http://localhost:5210/node_modules/.vite/deps/@strudel_web.js?v=271342c3:10
[   21031ms] [LOG] %c[sampler] load sound "RolandTR909_bd:0:0"... done! loaded 80.3 KiB in 3ms background-color: black;color:white;border-radius:15px @ http://localhost:5210/node_modules/.vite/deps/@strudel_web.js?v=271342c3:10
[   24542ms] [LOG] %c[eval] code updated background-color: black;color:white;border-radius:15px @ http://localhost:5210/node_modules/.vite/deps/@strudel_web.js?v=271342c3:10
[   24725ms] [LOG] %c[sampler] load sound "RolandTR909_hh:0:0".. background-color: black;color:white;border-radius:15px @ http://localhost:5210/node_modules/.vite/deps/@strudel_web.js?v=271342c3:10
[   24730ms] [LOG] %c[sampler] load sound "RolandTR909_hh:0:0"... done! loaded 20.7 KiB in 5ms background-color: black;color:white;border-radius:15px @ http://localhost:5210/node_modules/.vite/deps/@strudel_web.js?v=271342c3:10
[   25027ms] [LOG] %c[sampler] load sound "RolandTR909_oh:0:0".. background-color: black;color:white;border-radius:15px @ http://localhost:5210/node_modules/.vite/deps/@strudel_web.js?v=271342c3:10
[   25035ms] [LOG] %c[sampler] load sound "RolandTR909_oh:0:0"... done! loaded 133.2 KiB in 8ms background-color: black;color:white;border-radius:15px @ http://localhost:5210/node_modules/.vite/deps/@strudel_web.js?v=271342c3:10
[   28295ms] [LOG] %c[eval] code updated background-color: black;color:white;border-radius:15px @ http://localhost:5210/node_modules/.vite/deps/@strudel_web.js?v=271342c3:10
[   28527ms] [LOG] %c[sampler] load sound "RolandTR909_cp:0:0".. background-color: black;color:white;border-radius:15px @ http://localhost:5210/node_modules/.vite/deps/@strudel_web.js?v=271342c3:10
[   28533ms] [LOG] %c[sampler] load sound "RolandTR909_cp:0:0"... done! loaded 132.8 KiB in 5ms background-color: black;color:white;border-radius:15px @ http://localhost:5210/node_modules/.vite/deps/@strudel_web.js?v=271342c3:10
[   29526ms] [LOG] %c[sampler] load sound "RolandTR808_rim:0:0".. background-color: black;color:white;border-radius:15px @ http://localhost:5210/node_modules/.vite/deps/@strudel_web.js?v=271342c3:10
[   29529ms] [LOG] %c[sampler] load sound "RolandTR808_rim:0:0"... done! loaded 21.6 KiB in 3ms background-color: black;color:white;border-radius:15px @ http://localhost:5210/node_modules/.vite/deps/@strudel_web.js?v=271342c3:10
[   32043ms] [LOG] %c[eval] code updated background-color: black;color:white;border-radius:15px @ http://localhost:5210/node_modules/.vite/deps/@strudel_web.js?v=271342c3:10
[   35796ms] [LOG] %c[eval] code updated background-color: black;color:white;border-radius:15px @ http://localhost:5210/node_modules/.vite/deps/@strudel_web.js?v=271342c3:10
[   37670ms] [LOG] %c[eval] code updated background-color: black;color:white;border-radius:15px @ http://localhost:5210/node_modules/.vite/deps/@strudel_web.js?v=271342c3:10
[   39817ms] [LOG] %c[eval] code updated background-color: black;color:white;border-radius:15px @ http://localhost:5210/node_modules/.vite/deps/@strudel_web.js?v=271342c3:10
[   41722ms] [LOG] %c[eval] code updated background-color: black;color:white;border-radius:15px @ http://localhost:5210/node_modules/.vite/deps/@strudel_web.js?v=271342c3:10
[   44582ms] [LOG] %c[eval] code updated background-color: black;color:white;border-radius:15px @ http://localhost:5210/node_modules/.vite/deps/@strudel_web.js?v=271342c3:10
[   47407ms] [LOG] %c[eval] code updated background-color: black;color:white;border-radius:15px @ http://localhost:5210/node_modules/.vite/deps/@strudel_web.js?v=271342c3:10
[   50225ms] [LOG] %c[eval] code updated background-color: black;color:white;border-radius:15px @ http://localhost:5210/node_modules/.vite/deps/@strudel_web.js?v=271342c3:10
[   50337ms] [LOG] %c[sampler] load sound "RolandTR808_sd:0:0".. background-color: black;color:white;border-radius:15px @ http://localhost:5210/node_modules/.vite/deps/@strudel_web.js?v=271342c3:10
[   50339ms] [LOG] %c[sampler] load sound "RolandTR808_sd:0:0"... done! loaded 21.6 KiB in 2ms background-color: black;color:white;border-radius:15px @ http://localhost:5210/node_modules/.vite/deps/@strudel_web.js?v=271342c3:10
[   54464ms] [LOG] %c[eval] code updated background-color: black;color:white;border-radius:15px @ http://localhost:5210/node_modules/.vite/deps/@strudel_web.js?v=271342c3:10
[   55872ms] [LOG] %c[eval] code updated background-color: black;color:white;border-radius:15px @ http://localhost:5210/node_modules/.vite/deps/@strudel_web.js?v=271342c3:10
[   58703ms] [LOG] %c[eval] code updated background-color: black;color:white;border-radius:15px @ http://localhost:5210/node_modules/.vite/deps/@strudel_web.js?v=271342c3:10
[   60330ms] [LOG] %c[eval] code updated background-color: black;color:white;border-radius:15px @ http://localhost:5210/node_modules/.vite/deps/@strudel_web.js?v=271342c3:10
[   62862ms] [LOG] %c[eval] code updated background-color: black;color:white;border-radius:15px @ http://localhost:5210/node_modules/.vite/deps/@strudel_web.js?v=271342c3:10
[   65506ms] [LOG] %c[eval] code updated background-color: black;color:white;border-radius:15px @ http://localhost:5210/node_modules/.vite/deps/@strudel_web.js?v=271342c3:10
[   66998ms] [LOG] %c[eval] code updated background-color: black;color:white;border-radius:15px @ http://localhost:5210/node_modules/.vite/deps/@strudel_web.js?v=271342c3:10
[   69814ms] [LOG] %c[eval] code updated background-color: black;color:white;border-radius:15px @ http://localhost:5210/node_modules/.vite/deps/@strudel_web.js?v=271342c3:10
[   71230ms] [LOG] %c[eval] code updated background-color: black;color:white;border-radius:15px @ http://localhost:5210/node_modules/.vite/deps/@strudel_web.js?v=271342c3:10
[   73052ms] [LOG] %c[eval] code updated background-color: black;color:white;border-radius:15px @ http://localhost:5210/node_modules/.vite/deps/@strudel_web.js?v=271342c3:10
[   75647ms] [LOG] %c[eval] code updated background-color: black;color:white;border-radius:15px @ http://localhost:5210/node_modules/.vite/deps/@strudel_web.js?v=271342c3:10
[   78364ms] [LOG] %c[eval] code updated background-color: black;color:white;border-radius:15px @ http://localhost:5210/node_modules/.vite/deps/@strudel_web.js?v=271342c3:10
[   79882ms] [LOG] %c[eval] code updated background-color: black;color:white;border-radius:15px @ http://localhost:5210/node_modules/.vite/deps/@strudel_web.js?v=271342c3:10
[   80027ms] [LOG] %c[sampler] load sound "cabasa:0:0".. background-color: black;color:white;border-radius:15px @ http://localhost:5210/node_modules/.vite/deps/@strudel_web.js?v=271342c3:10
[   80031ms] [LOG] %c[sampler] load sound "cabasa:0:0"... done! loaded 140.0 KiB in 3ms background-color: black;color:white;border-radius:15px @ http://localhost:5210/node_modules/.vite/deps/@strudel_web.js?v=271342c3:10
[   81294ms] [LOG] %c[eval] code updated background-color: black;color:white;border-radius:15px @ http://localhost:5210/node_modules/.vite/deps/@strudel_web.js?v=271342c3:10
[   83726ms] [LOG] %c[sampler] load sound "piano:0:0".. background-color: black;color:white;border-radius:15px @ http://localhost:5210/node_modules/.vite/deps/@strudel_web.js?v=271342c3:10
[   83729ms] [LOG] %c[sampler] load sound "piano:0:0"... done! loaded 226.0 KiB in 2ms background-color: black;color:white;border-radius:15px @ http://localhost:5210/node_modules/.vite/deps/@strudel_web.js?v=271342c3:10
[   83885ms] [LOG] %c[eval] code updated background-color: black;color:white;border-radius:15px @ http://localhost:5210/node_modules/.vite/deps/@strudel_web.js?v=271342c3:10
[   86811ms] [LOG] %c[eval] code updated background-color: black;color:white;border-radius:15px @ http://localhost:5210/node_modules/.vite/deps/@strudel_web.js?v=271342c3:10
[   89317ms] [LOG] %c[eval] code updated background-color: black;color:white;border-radius:15px @ http://localhost:5210/node_modules/.vite/deps/@strudel_web.js?v=271342c3:10
