[     173ms] [LOG] %c🌀 @strudel/core loaded 🌀 background-color: black;color:white;border-radius:15px @ http://localhost:5212/node_modules/.vite/deps/@strudel_web.js?v=271342c3:10
[     191ms] [VERBOSE] [DOM] Password field is not contained in a form: (More info: https://goo.gl/9p2vKq) %o @ http://localhost:5212/:0
[   15193ms] [LOG] %c[superdough] AudioWorklets loaded background-color: black;color:white;border-radius:15px @ http://localhost:5212/node_modules/.vite/deps/@strudel_web.js?v=271342c3:10
[   15193ms] [LOG] %c[superdough] ready background-color: black;color:white;border-radius:15px @ http://localhost:5212/node_modules/.vite/deps/@strudel_web.js?v=271342c3:10
[   15228ms] [LOG] %c[eval] code updated background-color: black;color:white;border-radius:15px @ http://localhost:5212/node_modules/.vite/deps/@strudel_web.js?v=271342c3:10
[   15228ms] [LOG] %c[cyclist] start background-color: black;color:white;border-radius:15px @ http://localhost:5212/node_modules/.vite/deps/@strudel_web.js?v=271342c3:10
[   17968ms] [LOG] %c[eval] code updated background-color: black;color:white;border-radius:15px @ http://localhost:5212/node_modules/.vite/deps/@strudel_web.js?v=271342c3:10
[   20120ms] [LOG] %c[eval] code updated background-color: black;color:white;border-radius:15px @ http://localhost:5212/node_modules/.vite/deps/@strudel_web.js?v=271342c3:10
[   20436ms] [LOG] %c[sampler] load sound "RolandTR909_bd:0:0".. background-color: black;color:white;border-radius:15px @ http://localhost:5212/node_modules/.vite/deps/@strudel_web.js?v=271342c3:10
[   20440ms] [LOG] %c[sampler] load sound "RolandTR909_bd:0:0"... done! loaded 80.3 KiB in 4ms background-color: black;color:white;border-radius:15px @ http://localhost:5212/node_modules/.vite/deps/@strudel_web.js?v=271342c3:10
[   22224ms] [LOG] %c[eval] code updated background-color: black;color:white;border-radius:15px @ http://localhost:5212/node_modules/.vite/deps/@strudel_web.js?v=271342c3:10
[   22235ms] [LOG] %c[sampler] load sound "RolandTR909_oh:0:0".. background-color: black;color:white;border-radius:15px @ http://localhost:5212/node_modules/.vite/deps/@strudel_web.js?v=271342c3:10
[   22238ms] [LOG] %c[sampler] load sound "RolandTR909_oh:0:0"... done! loaded 133.2 KiB in 3ms background-color: black;color:white;border-radius:15px @ http://localhost:5212/node_modules/.vite/deps/@strudel_web.js?v=271342c3:10
[   22435ms] [LOG] %c[sampler] load sound "RolandTR909_hh:0:0".. background-color: black;color:white;border-radius:15px @ http://localhost:5212/node_modules/.vite/deps/@strudel_web.js?v=271342c3:10
[   22437ms] [LOG] %c[sampler] load sound "RolandTR909_hh:0:0"... done! loaded 20.7 KiB in 3ms background-color: black;color:white;border-radius:15px @ http://localhost:5212/node_modules/.vite/deps/@strudel_web.js?v=271342c3:10
[   26436ms] [LOG] %c[eval] code updated background-color: black;color:white;border-radius:15px @ http://localhost:5212/node_modules/.vite/deps/@strudel_web.js?v=271342c3:10
[   26735ms] [LOG] %c[sampler] load sound "RolandTR909_cp:0:0".. background-color: black;color:white;border-radius:15px @ http://localhost:5212/node_modules/.vite/deps/@strudel_web.js?v=271342c3:10
[   26740ms] [LOG] %c[sampler] load sound "RolandTR909_cp:0:0"... done! loaded 132.8 KiB in 4ms background-color: black;color:white;border-radius:15px @ http://localhost:5212/node_modules/.vite/deps/@strudel_web.js?v=271342c3:10
[   27236ms] [LOG] %c[sampler] load sound "RolandTR808_rim:0:0".. background-color: black;color:white;border-radius:15px @ http://localhost:5212/node_modules/.vite/deps/@strudel_web.js?v=271342c3:10
[   27240ms] [LOG] %c[sampler] load sound "RolandTR808_rim:0:0"... done! loaded 21.6 KiB in 4ms background-color: black;color:white;border-radius:15px @ http://localhost:5212/node_modules/.vite/deps/@strudel_web.js?v=271342c3:10
[   30650ms] [LOG] %c[eval] code updated background-color: black;color:white;border-radius:15px @ http://localhost:5212/node_modules/.vite/deps/@strudel_web.js?v=271342c3:10
[   31935ms] [LOG] %c[sampler] load sound "KorgDDM110_oh:0:0".. background-color: black;color:white;border-radius:15px @ http://localhost:5212/node_modules/.vite/deps/@strudel_web.js?v=271342c3:10
[   31935ms] [LOG] %c[sampler] load sound "KorgDDM110_hh:0:0".. background-color: black;color:white;border-radius:15px @ http://localhost:5212/node_modules/.vite/deps/@strudel_web.js?v=271342c3:10
[   32183ms] [LOG] %c[sampler] load sound "KorgDDM110_oh:0:0"... done! loaded 87.0 KiB in 247ms background-color: black;color:white;border-radius:15px @ http://localhost:5212/node_modules/.vite/deps/@strudel_web.js?v=271342c3:10
[   32185ms] [LOG] %c[sampler] loading sound "KorgDDM110_oh:0" took too long background-color: black;color:white;border-radius:15px @ http://localhost:5212/node_modules/.vite/deps/@strudel_web.js?v=271342c3:10
[   32191ms] [LOG] %c[sampler] load sound "KorgDDM110_hh:0:0"... done! loaded 35.3 KiB in 255ms background-color: black;color:white;border-radius:15px @ http://localhost:5212/node_modules/.vite/deps/@strudel_web.js?v=271342c3:10
[   32192ms] [LOG] %c[sampler] loading sound "KorgDDM110_hh:0" took too long background-color: black;color:white;border-radius:15px @ http://localhost:5212/node_modules/.vite/deps/@strudel_web.js?v=271342c3:10
[   32735ms] [LOG] %c[sampler] load sound "KorgDDM110_cp:0:0".. background-color: black;color:white;border-radius:15px @ http://localhost:5212/node_modules/.vite/deps/@strudel_web.js?v=271342c3:10
[   32935ms] [LOG] %c[sampler] load sound "KorgDDM110_cp:0:0"... done! loaded 13.4 KiB in 200ms background-color: black;color:white;border-radius:15px @ http://localhost:5212/node_modules/.vite/deps/@strudel_web.js?v=271342c3:10
[   33536ms] [LOG] %c[sampler] load sound "KorgDDM110_bd:0:0".. background-color: black;color:white;border-radius:15px @ http://localhost:5212/node_modules/.vite/deps/@strudel_web.js?v=271342c3:10
[   33755ms] [LOG] %c[sampler] load sound "KorgDDM110_bd:0:0"... done! loaded 24.9 KiB in 219ms background-color: black;color:white;border-radius:15px @ http://localhost:5212/node_modules/.vite/deps/@strudel_web.js?v=271342c3:10
[   40241ms] [LOG] %c[eval] code updated background-color: black;color:white;border-radius:15px @ http://localhost:5212/node_modules/.vite/deps/@strudel_web.js?v=271342c3:10
[   44183ms] [LOG] %c[eval] code updated background-color: black;color:white;border-radius:15px @ http://localhost:5212/node_modules/.vite/deps/@strudel_web.js?v=271342c3:10
[   46918ms] [LOG] %c[eval] code updated background-color: black;color:white;border-radius:15px @ http://localhost:5212/node_modules/.vite/deps/@strudel_web.js?v=271342c3:10
