[     356ms] [LOG] %c🌀 @strudel/core loaded 🌀 background-color: black;color:white;border-radius:15px @ http://localhost:5202/node_modules/.vite/deps/@strudel_web.js?v=271342c3:10
[     378ms] [VERBOSE] [DOM] Password field is not contained in a form: (More info: https://goo.gl/9p2vKq) %o @ http://localhost:5202/:0
[    5035ms] [LOG] %c[eval] code updated background-color: black;color:white;border-radius:15px @ http://localhost:5202/node_modules/.vite/deps/@strudel_web.js?v=271342c3:10
[    5035ms] [LOG] %c[cyclist] start background-color: black;color:white;border-radius:15px @ http://localhost:5202/node_modules/.vite/deps/@strudel_web.js?v=271342c3:10
[    5039ms] [LOG] %c[sampler] load sound "RolandTR909_bd:0:0".. background-color: black;color:white;border-radius:15px @ http://localhost:5202/node_modules/.vite/deps/@strudel_web.js?v=271342c3:10
[    5044ms] [LOG] %c[sampler] load sound "RolandTR909_bd:0:0"... done! loaded 80.3 KiB in 5ms background-color: black;color:white;border-radius:15px @ http://localhost:5202/node_modules/.vite/deps/@strudel_web.js?v=271342c3:10
[    5047ms] [LOG] %c[getTrigger] error: Failed to construct 'AudioWorkletNode': AudioWorkletNode cannot be created: AudioWorklet does not have a valid AudioWorkletGlobalScope. Load a script via audioWorklet.addModule() first. background-color: black;color:white;border-radius:15px @ http://localhost:5202/node_modules/.vite/deps/@strudel_web.js?v=271342c3:10
[    5651ms] [LOG] %c[superdough] AudioWorklets loaded background-color: black;color:white;border-radius:15px @ http://localhost:5202/node_modules/.vite/deps/@strudel_web.js?v=271342c3:10
[    5651ms] [LOG] %c[superdough] ready background-color: black;color:white;border-radius:15px @ http://localhost:5202/node_modules/.vite/deps/@strudel_web.js?v=271342c3:10
[    7766ms] [LOG] %c[eval] code updated background-color: black;color:white;border-radius:15px @ http://localhost:5202/node_modules/.vite/deps/@strudel_web.js?v=271342c3:10
[    9749ms] [LOG] %c[eval] code updated background-color: black;color:white;border-radius:15px @ http://localhost:5202/node_modules/.vite/deps/@strudel_web.js?v=271342c3:10
[   11631ms] [LOG] %c[eval] code updated background-color: black;color:white;border-radius:15px @ http://localhost:5202/node_modules/.vite/deps/@strudel_web.js?v=271342c3:10
[   13092ms] [LOG] %c[eval] code updated background-color: black;color:white;border-radius:15px @ http://localhost:5202/node_modules/.vite/deps/@strudel_web.js?v=271342c3:10
[   13145ms] [LOG] %c[sampler] load sound "RolandTR909_hh:0:0".. background-color: black;color:white;border-radius:15px @ http://localhost:5202/node_modules/.vite/deps/@strudel_web.js?v=271342c3:10
[   13149ms] [LOG] %c[sampler] load sound "RolandTR909_hh:0:0"... done! loaded 20.7 KiB in 5ms background-color: black;color:white;border-radius:15px @ http://localhost:5202/node_modules/.vite/deps/@strudel_web.js?v=271342c3:10
[   13349ms] [LOG] %c[sampler] load sound "RolandTR909_oh:0:0".. background-color: black;color:white;border-radius:15px @ http://localhost:5202/node_modules/.vite/deps/@strudel_web.js?v=271342c3:10
[   13353ms] [LOG] %c[sampler] load sound "RolandTR909_oh:0:0"... done! loaded 133.2 KiB in 4ms background-color: black;color:white;border-radius:15px @ http://localhost:5202/node_modules/.vite/deps/@strudel_web.js?v=271342c3:10
[   14509ms] [LOG] %c[eval] code updated background-color: black;color:white;border-radius:15px @ http://localhost:5202/node_modules/.vite/deps/@strudel_web.js?v=271342c3:10
[   17330ms] [LOG] %c[eval] code updated background-color: black;color:white;border-radius:15px @ http://localhost:5202/node_modules/.vite/deps/@strudel_web.js?v=271342c3:10
[   17445ms] [LOG] %c[sampler] load sound "RolandTR909_cp:0:0".. background-color: black;color:white;border-radius:15px @ http://localhost:5202/node_modules/.vite/deps/@strudel_web.js?v=271342c3:10
[   17450ms] [LOG] %c[sampler] load sound "RolandTR909_cp:0:0"... done! loaded 132.8 KiB in 4ms background-color: black;color:white;border-radius:15px @ http://localhost:5202/node_modules/.vite/deps/@strudel_web.js?v=271342c3:10
[   17745ms] [LOG] %c[sampler] load sound "RolandTR808_rim:0:0".. background-color: black;color:white;border-radius:15px @ http://localhost:5202/node_modules/.vite/deps/@strudel_web.js?v=271342c3:10
[   17748ms] [LOG] %c[sampler] load sound "RolandTR808_rim:0:0"... done! loaded 21.6 KiB in 2ms background-color: black;color:white;border-radius:15px @ http://localhost:5202/node_modules/.vite/deps/@strudel_web.js?v=271342c3:10
[   21564ms] [LOG] %c[eval] code updated background-color: black;color:white;border-radius:15px @ http://localhost:5202/node_modules/.vite/deps/@strudel_web.js?v=271342c3:10
[   22676ms] [LOG] %c🌀 @strudel/core loaded 🌀 background-color: black;color:white;border-radius:15px @ http://localhost:5202/node_modules/.vite/deps/@strudel_web.js?v=271342c3:10
[   22695ms] [VERBOSE] [DOM] Password field is not contained in a form: (More info: https://goo.gl/9p2vKq) %o @ http://localhost:5202/:0
[   23996ms] [LOG] %c[eval] code updated background-color: black;color:white;border-radius:15px @ http://localhost:5202/node_modules/.vite/deps/@strudel_web.js?v=271342c3:10
[   23996ms] [LOG] %c[cyclist] start background-color: black;color:white;border-radius:15px @ http://localhost:5202/node_modules/.vite/deps/@strudel_web.js?v=271342c3:10
[   23997ms] [LOG] %c[sampler] load sound "RolandTR909_bd:0:0".. background-color: black;color:white;border-radius:15px @ http://localhost:5202/node_modules/.vite/deps/@strudel_web.js?v=271342c3:10
[   23998ms] [LOG] %c[sampler] load sound "RolandTR808_rim:0:0".. background-color: black;color:white;border-radius:15px @ http://localhost:5202/node_modules/.vite/deps/@strudel_web.js?v=271342c3:10
[   23998ms] [LOG] %c[sampler] load sound "RolandTR909_hh:0:0".. background-color: black;color:white;border-radius:15px @ http://localhost:5202/node_modules/.vite/deps/@strudel_web.js?v=271342c3:10
[   24000ms] [LOG] %c[sampler] load sound "RolandTR909_oh:0:0".. background-color: black;color:white;border-radius:15px @ http://localhost:5202/node_modules/.vite/deps/@strudel_web.js?v=271342c3:10
[   24001ms] [LOG] %c[getTrigger] error: Failed to construct 'AudioWorkletNode': AudioWorkletNode cannot be created: AudioWorklet does not have a valid AudioWorkletGlobalScope. Load a script via audioWorklet.addModule() first. background-color: black;color:white;border-radius:15px @ http://localhost:5202/node_modules/.vite/deps/@strudel_web.js?v=271342c3:10
[   24001ms] [LOG] %c[sampler] load sound "RolandTR808_rim:0:0"... done! loaded 21.6 KiB in 4ms background-color: black;color:white;border-radius:15px @ http://localhost:5202/node_modules/.vite/deps/@strudel_web.js?v=271342c3:10
[   24002ms] [LOG] %c[sampler] load sound "RolandTR909_bd:0:0"... done! loaded 80.3 KiB in 4ms background-color: black;color:white;border-radius:15px @ http://localhost:5202/node_modules/.vite/deps/@strudel_web.js?v=271342c3:10
[   24002ms] [LOG] %c[sampler] load sound "RolandTR909_hh:0:0"... done! loaded 20.7 KiB in 4ms background-color: black;color:white;border-radius:15px @ http://localhost:5202/node_modules/.vite/deps/@strudel_web.js?v=271342c3:10
[   24002ms] [LOG] %c[sampler] load sound "RolandTR909_oh:0:0"... done! loaded 133.2 KiB in 1ms background-color: black;color:white;border-radius:15px @ http://localhost:5202/node_modules/.vite/deps/@strudel_web.js?v=271342c3:10
[   24004ms] [LOG] %c[getTrigger] error: Failed to construct 'AudioWorkletNode': AudioWorkletNode cannot be created: AudioWorklet does not have a valid AudioWorkletGlobalScope. Load a script via audioWorklet.addModule() first. background-color: black;color:white;border-radius:15px @ http://localhost:5202/node_modules/.vite/deps/@strudel_web.js?v=271342c3:10
[   24204ms] [LOG] %c[sampler] load sound "RolandTR909_cp:0:0".. background-color: black;color:white;border-radius:15px @ http://localhost:5202/node_modules/.vite/deps/@strudel_web.js?v=271342c3:10
[   24205ms] [LOG] %c[sampler] load sound "RolandTR909_cp:0:0"... done! loaded 132.8 KiB in 1ms background-color: black;color:white;border-radius:15px @ http://localhost:5202/node_modules/.vite/deps/@strudel_web.js?v=271342c3:10
[   25304ms] [LOG] %c[getTrigger] error: Failed to construct 'AudioWorkletNode': AudioWorkletNode cannot be created: AudioWorklet does not have a valid AudioWorkletGlobalScope. Load a script via audioWorklet.addModule() first. background-color: black;color:white;border-radius:15px @ http://localhost:5202/node_modules/.vite/deps/@strudel_web.js?v=271342c3:10
[   25470ms] [LOG] %c[eval] code updated background-color: black;color:white;border-radius:15px @ http://localhost:5202/node_modules/.vite/deps/@strudel_web.js?v=271342c3:10
[   27399ms] [LOG] %c[superdough] AudioWorklets loaded background-color: black;color:white;border-radius:15px @ http://localhost:5202/node_modules/.vite/deps/@strudel_web.js?v=271342c3:10
[   27399ms] [LOG] %c[superdough] ready background-color: black;color:white;border-radius:15px @ http://localhost:5202/node_modules/.vite/deps/@strudel_web.js?v=271342c3:10
[   27971ms] [LOG] %c[eval] code updated background-color: black;color:white;border-radius:15px @ http://localhost:5202/node_modules/.vite/deps/@strudel_web.js?v=271342c3:10
[   30232ms] [LOG] %c[eval] code updated background-color: black;color:white;border-radius:15px @ http://localhost:5202/node_modules/.vite/deps/@strudel_web.js?v=271342c3:10
[   32147ms] [LOG] %c[eval] code updated background-color: black;color:white;border-radius:15px @ http://localhost:5202/node_modules/.vite/deps/@strudel_web.js?v=271342c3:10
