[     196ms] [LOG] %c🌀 @strudel/core loaded 🌀 background-color: black;color:white;border-radius:15px @ http://localhost:5199/node_modules/.vite/deps/@strudel_web.js?v=a3df4357:10
[    7376ms] [LOG] %c[superdough] AudioWorklets loaded background-color: black;color:white;border-radius:15px @ http://localhost:5199/node_modules/.vite/deps/@strudel_web.js?v=a3df4357:10
[    7376ms] [LOG] %c[superdough] ready background-color: black;color:white;border-radius:15px @ http://localhost:5199/node_modules/.vite/deps/@strudel_web.js?v=a3df4357:10
[   13276ms] [LOG] %c[eval] code updated background-color: black;color:white;border-radius:15px @ http://localhost:5199/node_modules/.vite/deps/@strudel_web.js?v=a3df4357:10
[   13276ms] [LOG] %c[cyclist] start background-color: black;color:white;border-radius:15px @ http://localhost:5199/node_modules/.vite/deps/@strudel_web.js?v=a3df4357:10
[   13279ms] [LOG] %c[getTrigger] error: sound bd not found! Is it loaded? background-color: black;color:white;border-radius:15px @ http://localhost:5199/node_modules/.vite/deps/@strudel_web.js?v=a3df4357:10
[   14481ms] [LOG] %c[getTrigger] error: sound bd not found! Is it loaded? background-color: black;color:white;border-radius:15px @ http://localhost:5199/node_modules/.vite/deps/@strudel_web.js?v=a3df4357:10
[   15183ms] [LOG] %c[eval] code updated background-color: black;color:white;border-radius:15px @ http://localhost:5199/node_modules/.vite/deps/@strudel_web.js?v=a3df4357:10
[   15183ms] [LOG] %c[getTrigger] error: sound hh not found! Is it loaded? background-color: black;color:white;border-radius:15px @ http://localhost:5199/node_modules/.vite/deps/@strudel_web.js?v=a3df4357:10
[   15481ms] [LOG] %c[getTrigger] error: sound bd not found! Is it loaded? background-color: black;color:white;border-radius:15px @ http://localhost:5199/node_modules/.vite/deps/@strudel_web.js?v=a3df4357:10
[   15589ms] [LOG] %c[getTrigger] error: sound hh not found! Is it loaded? background-color: black;color:white;border-radius:15px @ http://localhost:5199/node_modules/.vite/deps/@strudel_web.js?v=a3df4357:10
[   15880ms] [LOG] %c[getTrigger] error: sound bd not found! Is it loaded? background-color: black;color:white;border-radius:15px @ http://localhost:5199/node_modules/.vite/deps/@strudel_web.js?v=a3df4357:10
[   16181ms] [LOG] %c[getTrigger] error: sound hh not found! Is it loaded? background-color: black;color:white;border-radius:15px @ http://localhost:5199/node_modules/.vite/deps/@strudel_web.js?v=a3df4357:10
[   16380ms] [LOG] %c[getTrigger] error: sound bd not found! Is it loaded? background-color: black;color:white;border-radius:15px @ http://localhost:5199/node_modules/.vite/deps/@strudel_web.js?v=a3df4357:10
[   17036ms] [LOG] %c[eval] code updated background-color: black;color:white;border-radius:15px @ http://localhost:5199/node_modules/.vite/deps/@strudel_web.js?v=a3df4357:10
[  176438ms] [LOG] %c[eval] code updated background-color: black;color:white;border-radius:15px @ http://localhost:5199/node_modules/.vite/deps/@strudel_web.js?v=a3df4357:10
[  193381ms] [LOG] %c[getTrigger] error: sound hh not found! Is it loaded? background-color: black;color:white;border-radius:15px @ http://localhost:5199/node_modules/.vite/deps/@strudel_web.js?v=a3df4357:10
[  193582ms] [LOG] %c[getTrigger] error: sound bd not found! Is it loaded? background-color: black;color:white;border-radius:15px @ http://localhost:5199/node_modules/.vite/deps/@strudel_web.js?v=a3df4357:10
[  193781ms] [LOG] %c[getTrigger] error: sound hh not found! Is it loaded? background-color: black;color:white;border-radius:15px @ http://localhost:5199/node_modules/.vite/deps/@strudel_web.js?v=a3df4357:10
[  194081ms] [LOG] %c[getTrigger] error: sound bd not found! Is it loaded? background-color: black;color:white;border-radius:15px @ http://localhost:5199/node_modules/.vite/deps/@strudel_web.js?v=a3df4357:10
[  194281ms] [LOG] %c[getTrigger] error: sound hh not found! Is it loaded? background-color: black;color:white;border-radius:15px @ http://localhost:5199/node_modules/.vite/deps/@strudel_web.js?v=a3df4357:10
[  194481ms] [LOG] %c[getTrigger] error: sound bd not found! Is it loaded? background-color: black;color:white;border-radius:15px @ http://localhost:5199/node_modules/.vite/deps/@strudel_web.js?v=a3df4357:10
[  194781ms] [LOG] %c[getTrigger] error: sound hh not found! Is it loaded? background-color: black;color:white;border-radius:15px @ http://localhost:5199/node_modules/.vite/deps/@strudel_web.js?v=a3df4357:10
[  194981ms] [LOG] %c[getTrigger] error: sound bd not found! Is it loaded? background-color: black;color:white;border-radius:15px @ http://localhost:5199/node_modules/.vite/deps/@strudel_web.js?v=a3df4357:10
[  195181ms] [LOG] %c[getTrigger] error: sound hh not found! Is it loaded? background-color: black;color:white;border-radius:15px @ http://localhost:5199/node_modules/.vite/deps/@strudel_web.js?v=a3df4357:10
[  195381ms] [LOG] %c[getTrigger] error: sound bd not found! Is it loaded? background-color: black;color:white;border-radius:15px @ http://localhost:5199/node_modules/.vite/deps/@strudel_web.js?v=a3df4357:10
[  195681ms] [LOG] %c[getTrigger] error: sound hh not found! Is it loaded? background-color: black;color:white;border-radius:15px @ http://localhost:5199/node_modules/.vite/deps/@strudel_web.js?v=a3df4357:10
[  195881ms] [LOG] %c[getTrigger] error: sound bd not found! Is it loaded? background-color: black;color:white;border-radius:15px @ http://localhost:5199/node_modules/.vite/deps/@strudel_web.js?v=a3df4357:10
[  196081ms] [LOG] %c[getTrigger] error: sound hh not found! Is it loaded? background-color: black;color:white;border-radius:15px @ http://localhost:5199/node_modules/.vite/deps/@strudel_web.js?v=a3df4357:10
[  196381ms] [LOG] %c[getTrigger] error: sound bd not found! Is it loaded? background-color: black;color:white;border-radius:15px @ http://localhost:5199/node_modules/.vite/deps/@strudel_web.js?v=a3df4357:10
[  196581ms] [LOG] %c[getTrigger] error: sound hh not found! Is it loaded? background-color: black;color:white;border-radius:15px @ http://localhost:5199/node_modules/.vite/deps/@strudel_web.js?v=a3df4357:10
[  196781ms] [LOG] %c[getTrigger] error: sound bd not found! Is it loaded? background-color: black;color:white;border-radius:15px @ http://localhost:5199/node_modules/.vite/deps/@strudel_web.js?v=a3df4357:10
[  197081ms] [LOG] %c[getTrigger] error: sound hh not found! Is it loaded? background-color: black;color:white;border-radius:15px @ http://localhost:5199/node_modules/.vite/deps/@strudel_web.js?v=a3df4357:10
[  197281ms] [LOG] %c[getTrigger] error: sound bd not found! Is it loaded? background-color: black;color:white;border-radius:15px @ http://localhost:5199/node_modules/.vite/deps/@strudel_web.js?v=a3df4357:10
[  197479ms] [LOG] %c[cyclist] stop background-color: black;color:white;border-radius:15px @ http://localhost:5199/node_modules/.vite/deps/@strudel_web.js?v=a3df4357:10
[  226688ms] [LOG] %c[eval] code updated background-color: black;color:white;border-radius:15px @ http://localhost:5199/node_modules/.vite/deps/@strudel_web.js?v=a3df4357:10
[  226688ms] [LOG] %c[cyclist] start background-color: black;color:white;border-radius:15px @ http://localhost:5199/node_modules/.vite/deps/@strudel_web.js?v=a3df4357:10
[  226688ms] [LOG] %c[getTrigger] error: sound bd not found! Is it loaded? background-color: black;color:white;border-radius:15px @ http://localhost:5199/node_modules/.vite/deps/@strudel_web.js?v=a3df4357:10
[  227790ms] [LOG] %c[getTrigger] error: sound bd not found! Is it loaded? background-color: black;color:white;border-radius:15px @ http://localhost:5199/node_modules/.vite/deps/@strudel_web.js?v=a3df4357:10
[  228584ms] [LOG] %c[eval] code updated background-color: black;color:white;border-radius:15px @ http://localhost:5199/node_modules/.vite/deps/@strudel_web.js?v=a3df4357:10
[  228789ms] [LOG] %c[getTrigger] error: sound bd not found! Is it loaded? background-color: black;color:white;border-radius:15px @ http://localhost:5199/node_modules/.vite/deps/@strudel_web.js?v=a3df4357:10
[  229790ms] [LOG] %c[getTrigger] error: sound bd not found! Is it loaded? background-color: black;color:white;border-radius:15px @ http://localhost:5199/node_modules/.vite/deps/@strudel_web.js?v=a3df4357:10
[  230414ms] [LOG] %c[eval] code updated background-color: black;color:white;border-radius:15px @ http://localhost:5199/node_modules/.vite/deps/@strudel_web.js?v=a3df4357:10
[  230689ms] [LOG] %c[getTrigger] error: sound bd not found! Is it loaded? background-color: black;color:white;border-radius:15px @ http://localhost:5199/node_modules/.vite/deps/@strudel_web.js?v=a3df4357:10
[  230890ms] [LOG] %c[getTrigger] error: sound hh not found! Is it loaded? background-color: black;color:white;border-radius:15px @ http://localhost:5199/node_modules/.vite/deps/@strudel_web.js?v=a3df4357:10
[  231090ms] [LOG] %c[getTrigger] error: sound bd not found! Is it loaded? background-color: black;color:white;border-radius:15px @ http://localhost:5199/node_modules/.vite/deps/@strudel_web.js?v=a3df4357:10
[  231390ms] [LOG] %c[getTrigger] error: sound hh not found! Is it loaded? background-color: black;color:white;border-radius:15px @ http://localhost:5199/node_modules/.vite/deps/@strudel_web.js?v=a3df4357:10
[  231590ms] [LOG] %c[getTrigger] error: sound bd not found! Is it loaded? background-color: black;color:white;border-radius:15px @ http://localhost:5199/node_modules/.vite/deps/@strudel_web.js?v=a3df4357:10
[  231789ms] [LOG] %c[getTrigger] error: sound hh not found! Is it loaded? background-color: black;color:white;border-radius:15px @ http://localhost:5199/node_modules/.vite/deps/@strudel_web.js?v=a3df4357:10
[  231989ms] [LOG] %c[getTrigger] error: sound bd not found! Is it loaded? background-color: black;color:white;border-radius:15px @ http://localhost:5199/node_modules/.vite/deps/@strudel_web.js?v=a3df4357:10
[  232245ms] [LOG] %c[eval] code updated background-color: black;color:white;border-radius:15px @ http://localhost:5199/node_modules/.vite/deps/@strudel_web.js?v=a3df4357:10
[  232290ms] [LOG] %c[getTrigger] error: sound hh not found! Is it loaded? background-color: black;color:white;border-radius:15px @ http://localhost:5199/node_modules/.vite/deps/@strudel_web.js?v=a3df4357:10
[  232490ms] [LOG] %c[getTrigger] error: sound bd not found! Is it loaded? background-color: black;color:white;border-radius:15px @ http://localhost:5199/node_modules/.vite/deps/@strudel_web.js?v=a3df4357:10
[  232689ms] [LOG] %c[getTrigger] error: sound hh not found! Is it loaded? background-color: black;color:white;border-radius:15px @ http://localhost:5199/node_modules/.vite/deps/@strudel_web.js?v=a3df4357:10
[  232989ms] [LOG] %c[getTrigger] error: sound bd not found! Is it loaded? background-color: black;color:white;border-radius:15px @ http://localhost:5199/node_modules/.vite/deps/@strudel_web.js?v=a3df4357:10
[  233190ms] [LOG] %c[getTrigger] error: sound hh not found! Is it loaded? background-color: black;color:white;border-radius:15px @ http://localhost:5199/node_modules/.vite/deps/@strudel_web.js?v=a3df4357:10
[  233389ms] [LOG] %c[getTrigger] error: sound bd not found! Is it loaded? background-color: black;color:white;border-radius:15px @ http://localhost:5199/node_modules/.vite/deps/@strudel_web.js?v=a3df4357:10
[  233589ms] [LOG] %c[getTrigger] error: sound hh not found! Is it loaded? background-color: black;color:white;border-radius:15px @ http://localhost:5199/node_modules/.vite/deps/@strudel_web.js?v=a3df4357:10
[  233891ms] [LOG] %c[getTrigger] error: sound bd not found! Is it loaded? background-color: black;color:white;border-radius:15px @ http://localhost:5199/node_modules/.vite/deps/@strudel_web.js?v=a3df4357:10
[  234079ms] [LOG] %c[eval] code updated background-color: black;color:white;border-radius:15px @ http://localhost:5199/node_modules/.vite/deps/@strudel_web.js?v=a3df4357:10
[  234090ms] [LOG] %c[getTrigger] error: sound hh not found! Is it loaded? background-color: black;color:white;border-radius:15px @ http://localhost:5199/node_modules/.vite/deps/@strudel_web.js?v=a3df4357:10
[  234289ms] [LOG] %c[getTrigger] error: sound bd not found! Is it loaded? background-color: black;color:white;border-radius:15px @ http://localhost:5199/node_modules/.vite/deps/@strudel_web.js?v=a3df4357:10
[  234589ms] [LOG] %c[getTrigger] error: sound hh not found! Is it loaded? background-color: black;color:white;border-radius:15px @ http://localhost:5199/node_modules/.vite/deps/@strudel_web.js?v=a3df4357:10
[  234790ms] [LOG] %c[getTrigger] error: sound bd not found! Is it loaded? background-color: black;color:white;border-radius:15px @ http://localhost:5199/node_modules/.vite/deps/@strudel_web.js?v=a3df4357:10
[  234989ms] [LOG] %c[getTrigger] error: sound hh not found! Is it loaded? background-color: black;color:white;border-radius:15px @ http://localhost:5199/node_modules/.vite/deps/@strudel_web.js?v=a3df4357:10
[  235189ms] [LOG] %c[getTrigger] error: sound bd not found! Is it loaded? background-color: black;color:white;border-radius:15px @ http://localhost:5199/node_modules/.vite/deps/@strudel_web.js?v=a3df4357:10
[  235490ms] [LOG] %c[getTrigger] error: sound hh not found! Is it loaded? background-color: black;color:white;border-radius:15px @ http://localhost:5199/node_modules/.vite/deps/@strudel_web.js?v=a3df4357:10
[  235690ms] [LOG] %c[getTrigger] error: sound bd not found! Is it loaded? background-color: black;color:white;border-radius:15px @ http://localhost:5199/node_modules/.vite/deps/@strudel_web.js?v=a3df4357:10
[  235889ms] [LOG] %c[getTrigger] error: sound hh not found! Is it loaded? background-color: black;color:white;border-radius:15px @ http://localhost:5199/node_modules/.vite/deps/@strudel_web.js?v=a3df4357:10
[  236189ms] [LOG] %c[getTrigger] error: sound bd not found! Is it loaded? background-color: black;color:white;border-radius:15px @ http://localhost:5199/node_modules/.vite/deps/@strudel_web.js?v=a3df4357:10
[  236389ms] [LOG] %c[getTrigger] error: sound hh not found! Is it loaded? background-color: black;color:white;border-radius:15px @ http://localhost:5199/node_modules/.vite/deps/@strudel_web.js?v=a3df4357:10
[  236589ms] [LOG] %c[getTrigger] error: sound bd not found! Is it loaded? background-color: black;color:white;border-radius:15px @ http://localhost:5199/node_modules/.vite/deps/@strudel_web.js?v=a3df4357:10
[  236790ms] [LOG] %c[getTrigger] error: sound hh not found! Is it loaded? background-color: black;color:white;border-radius:15px @ http://localhost:5199/node_modules/.vite/deps/@strudel_web.js?v=a3df4357:10
[  237090ms] [LOG] %c[getTrigger] error: sound bd not found! Is it loaded? background-color: black;color:white;border-radius:15px @ http://localhost:5199/node_modules/.vite/deps/@strudel_web.js?v=a3df4357:10
[  237290ms] [LOG] %c[getTrigger] error: sound hh not found! Is it loaded? background-color: black;color:white;border-radius:15px @ http://localhost:5199/node_modules/.vite/deps/@strudel_web.js?v=a3df4357:10
[  237490ms] [LOG] %c[getTrigger] error: sound bd not found! Is it loaded? background-color: black;color:white;border-radius:15px @ http://localhost:5199/node_modules/.vite/deps/@strudel_web.js?v=a3df4357:10
[  237729ms] [LOG] %c[cyclist] stop background-color: black;color:white;border-radius:15px @ http://localhost:5199/node_modules/.vite/deps/@strudel_web.js?v=a3df4357:10
[  240589ms] [LOG] [vite] server connection lost. Polling for restart... @ http://localhost:5199/@vite/client:998
