[     377ms] [LOG] %c🌀 @strudel/core loaded 🌀 background-color: black;color:white;border-radius:15px @ http://localhost:5209/node_modules/.vite/deps/@strudel_web.js?v=271342c3:10
[     402ms] [VERBOSE] [DOM] Password field is not contained in a form: (More info: https://goo.gl/9p2vKq) %o @ http://localhost:5209/:0
[   10473ms] [LOG] %c[superdough] AudioWorklets loaded background-color: black;color:white;border-radius:15px @ http://localhost:5209/node_modules/.vite/deps/@strudel_web.js?v=271342c3:10
[   10474ms] [LOG] %c[superdough] ready background-color: black;color:white;border-radius:15px @ http://localhost:5209/node_modules/.vite/deps/@strudel_web.js?v=271342c3:10
[   10572ms] [LOG] %c[eval] code updated background-color: black;color:white;border-radius:15px @ http://localhost:5209/node_modules/.vite/deps/@strudel_web.js?v=271342c3:10
[   10572ms] [LOG] %c[cyclist] start background-color: black;color:white;border-radius:15px @ http://localhost:5209/node_modules/.vite/deps/@strudel_web.js?v=271342c3:10
[   13297ms] [LOG] %c[eval] code updated background-color: black;color:white;border-radius:15px @ http://localhost:5209/node_modules/.vite/deps/@strudel_web.js?v=271342c3:10
[   15244ms] [LOG] %c[eval] code updated background-color: black;color:white;border-radius:15px @ http://localhost:5209/node_modules/.vite/deps/@strudel_web.js?v=271342c3:10
[   16280ms] [LOG] %c[sampler] load sound "RolandTR909_bd:0:0".. background-color: black;color:white;border-radius:15px @ http://localhost:5209/node_modules/.vite/deps/@strudel_web.js?v=271342c3:10
[   16449ms] [LOG] %c[sampler] load sound "RolandTR909_bd:0:0"... done! loaded 80.3 KiB in 169ms background-color: black;color:white;border-radius:15px @ http://localhost:5209/node_modules/.vite/deps/@strudel_web.js?v=271342c3:10
[   17850ms] [LOG] %c[eval] code updated background-color: black;color:white;border-radius:15px @ http://localhost:5209/node_modules/.vite/deps/@strudel_web.js?v=271342c3:10
[   17879ms] [LOG] %c[sampler] load sound "RolandTR909_oh:0:0".. background-color: black;color:white;border-radius:15px @ http://localhost:5209/node_modules/.vite/deps/@strudel_web.js?v=271342c3:10
[   17979ms] [LOG] %c[sampler] load sound "RolandTR909_hh:0:0".. background-color: black;color:white;border-radius:15px @ http://localhost:5209/node_modules/.vite/deps/@strudel_web.js?v=271342c3:10
[   18069ms] [LOG] %c[sampler] load sound "RolandTR909_oh:0:0"... done! loaded 133.2 KiB in 189ms background-color: black;color:white;border-radius:15px @ http://localhost:5209/node_modules/.vite/deps/@strudel_web.js?v=271342c3:10
[   18148ms] [LOG] %c[sampler] load sound "RolandTR909_hh:0:0"... done! loaded 20.7 KiB in 169ms background-color: black;color:white;border-radius:15px @ http://localhost:5209/node_modules/.vite/deps/@strudel_web.js?v=271342c3:10
[   20775ms] [LOG] %c[eval] code updated background-color: black;color:white;border-radius:15px @ http://localhost:5209/node_modules/.vite/deps/@strudel_web.js?v=271342c3:10
[   22189ms] [LOG] %c[eval] code updated background-color: black;color:white;border-radius:15px @ http://localhost:5209/node_modules/.vite/deps/@strudel_web.js?v=271342c3:10
[   22390ms] [LOG] %c[sampler] load sound "RolandTR909_cp:0:0".. background-color: black;color:white;border-radius:15px @ http://localhost:5209/node_modules/.vite/deps/@strudel_web.js?v=271342c3:10
[   22570ms] [LOG] %c[sampler] load sound "RolandTR909_cp:0:0"... done! loaded 132.8 KiB in 179ms background-color: black;color:white;border-radius:15px @ http://localhost:5209/node_modules/.vite/deps/@strudel_web.js?v=271342c3:10
[   23079ms] [LOG] %c[sampler] load sound "RolandTR808_rim:0:0".. background-color: black;color:white;border-radius:15px @ http://localhost:5209/node_modules/.vite/deps/@strudel_web.js?v=271342c3:10
[   23254ms] [LOG] %c[sampler] load sound "RolandTR808_rim:0:0"... done! loaded 21.6 KiB in 175ms background-color: black;color:white;border-radius:15px @ http://localhost:5209/node_modules/.vite/deps/@strudel_web.js?v=271342c3:10
[   27834ms] [LOG] %c[eval] code updated background-color: black;color:white;border-radius:15px @ http://localhost:5209/node_modules/.vite/deps/@strudel_web.js?v=271342c3:10
[   30657ms] [LOG] %c[eval] code updated background-color: black;color:white;border-radius:15px @ http://localhost:5209/node_modules/.vite/deps/@strudel_web.js?v=271342c3:10
[   32280ms] [LOG] %c[eval] code updated background-color: black;color:white;border-radius:15px @ http://localhost:5209/node_modules/.vite/deps/@strudel_web.js?v=271342c3:10
[   33717ms] [LOG] %c[eval] code updated background-color: black;color:white;border-radius:15px @ http://localhost:5209/node_modules/.vite/deps/@strudel_web.js?v=271342c3:10
[   36541ms] [LOG] %c[eval] code updated background-color: black;color:white;border-radius:15px @ http://localhost:5209/node_modules/.vite/deps/@strudel_web.js?v=271342c3:10
[   38637ms] [LOG] %c[eval] code updated background-color: black;color:white;border-radius:15px @ http://localhost:5209/node_modules/.vite/deps/@strudel_web.js?v=271342c3:10
[   41232ms] [LOG] %c[eval] code updated background-color: black;color:white;border-radius:15px @ http://localhost:5209/node_modules/.vite/deps/@strudel_web.js?v=271342c3:10
[   43440ms] [LOG] %c[eval] code updated background-color: black;color:white;border-radius:15px @ http://localhost:5209/node_modules/.vite/deps/@strudel_web.js?v=271342c3:10
[   44926ms] [LOG] %c[eval] code updated background-color: black;color:white;border-radius:15px @ http://localhost:5209/node_modules/.vite/deps/@strudel_web.js?v=271342c3:10
[   45079ms] [LOG] %c[sampler] load sound "RolandTR808_sd:0:0".. background-color: black;color:white;border-radius:15px @ http://localhost:5209/node_modules/.vite/deps/@strudel_web.js?v=271342c3:10
[   45241ms] [LOG] %c[sampler] load sound "RolandTR808_sd:0:0"... done! loaded 21.6 KiB in 162ms background-color: black;color:white;border-radius:15px @ http://localhost:5209/node_modules/.vite/deps/@strudel_web.js?v=271342c3:10
[   49168ms] [LOG] %c[eval] code updated background-color: black;color:white;border-radius:15px @ http://localhost:5209/node_modules/.vite/deps/@strudel_web.js?v=271342c3:10
[   50581ms] [LOG] %c[eval] code updated background-color: black;color:white;border-radius:15px @ http://localhost:5209/node_modules/.vite/deps/@strudel_web.js?v=271342c3:10
[   51986ms] [LOG] %c[eval] code updated background-color: black;color:white;border-radius:15px @ http://localhost:5209/node_modules/.vite/deps/@strudel_web.js?v=271342c3:10
[   54809ms] [LOG] %c[eval] code updated background-color: black;color:white;border-radius:15px @ http://localhost:5209/node_modules/.vite/deps/@strudel_web.js?v=271342c3:10
[   56220ms] [LOG] %c[eval] code updated background-color: black;color:white;border-radius:15px @ http://localhost:5209/node_modules/.vite/deps/@strudel_web.js?v=271342c3:10
[   56280ms] [LOG] %c[sampler] load sound "RolandTR808_hh:0:0".. background-color: black;color:white;border-radius:15px @ http://localhost:5209/node_modules/.vite/deps/@strudel_web.js?v=271342c3:10
[   56462ms] [LOG] %c[sampler] load sound "RolandTR808_hh:0:0"... done! loaded 21.6 KiB in 182ms background-color: black;color:white;border-radius:15px @ http://localhost:5209/node_modules/.vite/deps/@strudel_web.js?v=271342c3:10
[   56679ms] [LOG] %c[sampler] load sound "glockenspiel:0:0".. background-color: black;color:white;border-radius:15px @ http://localhost:5209/node_modules/.vite/deps/@strudel_web.js?v=271342c3:10
[   56930ms] [LOG] %c[sampler] load sound "glockenspiel:0:0"... done! loaded 690.4 KiB in 251ms background-color: black;color:white;border-radius:15px @ http://localhost:5209/node_modules/.vite/deps/@strudel_web.js?v=271342c3:10
[   57179ms] [LOG] %c[sampler] load sound "RolandTR808_bd:0:0".. background-color: black;color:white;border-radius:15px @ http://localhost:5209/node_modules/.vite/deps/@strudel_web.js?v=271342c3:10
[   57343ms] [LOG] %c[sampler] load sound "RolandTR808_bd:0:0"... done! loaded 21.6 KiB in 164ms background-color: black;color:white;border-radius:15px @ http://localhost:5209/node_modules/.vite/deps/@strudel_web.js?v=271342c3:10
[   63285ms] [LOG] %c[eval] code updated background-color: black;color:white;border-radius:15px @ http://localhost:5209/node_modules/.vite/deps/@strudel_web.js?v=271342c3:10
[   64697ms] [LOG] %c[eval] code updated background-color: black;color:white;border-radius:15px @ http://localhost:5209/node_modules/.vite/deps/@strudel_web.js?v=271342c3:10
[   67518ms] [LOG] %c[eval] code updated background-color: black;color:white;border-radius:15px @ http://localhost:5209/node_modules/.vite/deps/@strudel_web.js?v=271342c3:10
[   68681ms] [LOG] %c[sampler] load sound "glockenspiel:0:0".. background-color: black;color:white;border-radius:15px @ http://localhost:5209/node_modules/.vite/deps/@strudel_web.js?v=271342c3:10
[   68894ms] [LOG] %c[sampler] load sound "glockenspiel:0:0"... done! loaded 690.4 KiB in 214ms background-color: black;color:white;border-radius:15px @ http://localhost:5209/node_modules/.vite/deps/@strudel_web.js?v=271342c3:10
[   68932ms] [LOG] %c[eval] code updated background-color: black;color:white;border-radius:15px @ http://localhost:5209/node_modules/.vite/deps/@strudel_web.js?v=271342c3:10
[   73166ms] [LOG] %c[eval] code updated background-color: black;color:white;border-radius:15px @ http://localhost:5209/node_modules/.vite/deps/@strudel_web.js?v=271342c3:10
[   75989ms] [LOG] %c[eval] code updated background-color: black;color:white;border-radius:15px @ http://localhost:5209/node_modules/.vite/deps/@strudel_web.js?v=271342c3:10
[   77399ms] [LOG] %c[eval] code updated background-color: black;color:white;border-radius:15px @ http://localhost:5209/node_modules/.vite/deps/@strudel_web.js?v=271342c3:10
[   78786ms] [LOG] %c[sampler] load sound "timpani:0:0".. background-color: black;color:white;border-radius:15px @ http://localhost:5209/node_modules/.vite/deps/@strudel_web.js?v=271342c3:10
[   78787ms] [LOG] %c[sampler] load sound "piano:0:0".. background-color: black;color:white;border-radius:15px @ http://localhost:5209/node_modules/.vite/deps/@strudel_web.js?v=271342c3:10
[   78992ms] [LOG] %c[sampler] load sound "piano:0:0"... done! loaded 226.0 KiB in 204ms background-color: black;color:white;border-radius:15px @ http://localhost:5209/node_modules/.vite/deps/@strudel_web.js?v=271342c3:10
[   79004ms] [LOG] %c[eval] code updated background-color: black;color:white;border-radius:15px @ http://localhost:5209/node_modules/.vite/deps/@strudel_web.js?v=271342c3:10
[   79011ms] [LOG] %c[sampler] load sound "timpani:0:0"... done! loaded 1.2 MiB in 224ms background-color: black;color:white;border-radius:15px @ http://localhost:5209/node_modules/.vite/deps/@strudel_web.js?v=271342c3:10
[   81499ms] [LOG] %c[eval] code updated background-color: black;color:white;border-radius:15px @ http://localhost:5209/node_modules/.vite/deps/@strudel_web.js?v=271342c3:10
[   83724ms] [LOG] %c[eval] code updated background-color: black;color:white;border-radius:15px @ http://localhost:5209/node_modules/.vite/deps/@strudel_web.js?v=271342c3:10
[   85629ms] [LOG] %c[eval] code updated background-color: black;color:white;border-radius:15px @ http://localhost:5209/node_modules/.vite/deps/@strudel_web.js?v=271342c3:10
[   87503ms] [LOG] %c[eval] code updated background-color: black;color:white;border-radius:15px @ http://localhost:5209/node_modules/.vite/deps/@strudel_web.js?v=271342c3:10
[   89379ms] [LOG] %c[eval] code updated background-color: black;color:white;border-radius:15px @ http://localhost:5209/node_modules/.vite/deps/@strudel_web.js?v=271342c3:10
[   91253ms] [LOG] %c[eval] code updated background-color: black;color:white;border-radius:15px @ http://localhost:5209/node_modules/.vite/deps/@strudel_web.js?v=271342c3:10
[   92711ms] [LOG] %c[eval] code updated background-color: black;color:white;border-radius:15px @ http://localhost:5209/node_modules/.vite/deps/@strudel_web.js?v=271342c3:10
[   94121ms] [LOG] %c[eval] code updated background-color: black;color:white;border-radius:15px @ http://localhost:5209/node_modules/.vite/deps/@strudel_web.js?v=271342c3:10
[   95533ms] [LOG] %c[eval] code updated background-color: black;color:white;border-radius:15px @ http://localhost:5209/node_modules/.vite/deps/@strudel_web.js?v=271342c3:10
[   98359ms] [LOG] %c[eval] code updated background-color: black;color:white;border-radius:15px @ http://localhost:5209/node_modules/.vite/deps/@strudel_web.js?v=271342c3:10
[   99772ms] [LOG] %c[eval] code updated background-color: black;color:white;border-radius:15px @ http://localhost:5209/node_modules/.vite/deps/@strudel_web.js?v=271342c3:10
[  104009ms] [LOG] %c[eval] code updated background-color: black;color:white;border-radius:15px @ http://localhost:5209/node_modules/.vite/deps/@strudel_web.js?v=271342c3:10
[  104179ms] [LOG] %c[sampler] load sound "cabasa:0:0".. background-color: black;color:white;border-radius:15px @ http://localhost:5209/node_modules/.vite/deps/@strudel_web.js?v=271342c3:10
[  104372ms] [LOG] %c[sampler] load sound "cabasa:0:0"... done! loaded 140.0 KiB in 193ms background-color: black;color:white;border-radius:15px @ http://localhost:5209/node_modules/.vite/deps/@strudel_web.js?v=271342c3:10
[  105418ms] [LOG] %c[eval] code updated background-color: black;color:white;border-radius:15px @ http://localhost:5209/node_modules/.vite/deps/@strudel_web.js?v=271342c3:10
[  106832ms] [LOG] %c[eval] code updated background-color: black;color:white;border-radius:15px @ http://localhost:5209/node_modules/.vite/deps/@strudel_web.js?v=271342c3:10
[  112482ms] [LOG] %c[eval] code updated background-color: black;color:white;border-radius:15px @ http://localhost:5209/node_modules/.vite/deps/@strudel_web.js?v=271342c3:10
[  113887ms] [LOG] %c[eval] code updated background-color: black;color:white;border-radius:15px @ http://localhost:5209/node_modules/.vite/deps/@strudel_web.js?v=271342c3:10
[  118126ms] [LOG] %c[eval] code updated background-color: black;color:white;border-radius:15px @ http://localhost:5209/node_modules/.vite/deps/@strudel_web.js?v=271342c3:10
[  119540ms] [LOG] %c[eval] code updated background-color: black;color:white;border-radius:15px @ http://localhost:5209/node_modules/.vite/deps/@strudel_web.js?v=271342c3:10
[  122361ms] [LOG] %c[eval] code updated background-color: black;color:white;border-radius:15px @ http://localhost:5209/node_modules/.vite/deps/@strudel_web.js?v=271342c3:10
[  124445ms] [LOG] %c[eval] code updated background-color: black;color:white;border-radius:15px @ http://localhost:5209/node_modules/.vite/deps/@strudel_web.js?v=271342c3:10
[  126349ms] [LOG] %c[eval] code updated background-color: black;color:white;border-radius:15px @ http://localhost:5209/node_modules/.vite/deps/@strudel_web.js?v=271342c3:10
[  129214ms] [LOG] %c[eval] code updated background-color: black;color:white;border-radius:15px @ http://localhost:5209/node_modules/.vite/deps/@strudel_web.js?v=271342c3:10
[  132039ms] [LOG] %c[eval] code updated background-color: black;color:white;border-radius:15px @ http://localhost:5209/node_modules/.vite/deps/@strudel_web.js?v=271342c3:10
[  139096ms] [LOG] %c[eval] code updated background-color: black;color:white;border-radius:15px @ http://localhost:5209/node_modules/.vite/deps/@strudel_web.js?v=271342c3:10
[  141923ms] [LOG] %c[eval] code updated background-color: black;color:white;border-radius:15px @ http://localhost:5209/node_modules/.vite/deps/@strudel_web.js?v=271342c3:10
[  143333ms] [LOG] %c[eval] code updated background-color: black;color:white;border-radius:15px @ http://localhost:5209/node_modules/.vite/deps/@strudel_web.js?v=271342c3:10
[  148981ms] [LOG] %c[eval] code updated background-color: black;color:white;border-radius:15px @ http://localhost:5209/node_modules/.vite/deps/@strudel_web.js?v=271342c3:10
[  151812ms] [LOG] %c[eval] code updated background-color: black;color:white;border-radius:15px @ http://localhost:5209/node_modules/.vite/deps/@strudel_web.js?v=271342c3:10
[  154629ms] [LOG] %c[eval] code updated background-color: black;color:white;border-radius:15px @ http://localhost:5209/node_modules/.vite/deps/@strudel_web.js?v=271342c3:10
[  156250ms] [LOG] %c[eval] code updated background-color: black;color:white;border-radius:15px @ http://localhost:5209/node_modules/.vite/deps/@strudel_web.js?v=271342c3:10
[  159100ms] [LOG] %c[eval] code updated background-color: black;color:white;border-radius:15px @ http://localhost:5209/node_modules/.vite/deps/@strudel_web.js?v=271342c3:10
[  161922ms] [LOG] %c[eval] code updated background-color: black;color:white;border-radius:15px @ http://localhost:5209/node_modules/.vite/deps/@strudel_web.js?v=271342c3:10
[  163333ms] [LOG] %c[eval] code updated background-color: black;color:white;border-radius:15px @ http://localhost:5209/node_modules/.vite/deps/@strudel_web.js?v=271342c3:10
[  171807ms] [LOG] %c[eval] code updated background-color: black;color:white;border-radius:15px @ http://localhost:5209/node_modules/.vite/deps/@strudel_web.js?v=271342c3:10
[  174627ms] [LOG] %c[eval] code updated background-color: black;color:white;border-radius:15px @ http://localhost:5209/node_modules/.vite/deps/@strudel_web.js?v=271342c3:10
[  219305ms] [LOG] %c[eval] code updated background-color: black;color:white;border-radius:15px @ http://localhost:5209/node_modules/.vite/deps/@strudel_web.js?v=271342c3:10
[  221964ms] [LOG] %c[eval] code updated background-color: black;color:white;border-radius:15px @ http://localhost:5209/node_modules/.vite/deps/@strudel_web.js?v=271342c3:10
[  223486ms] [LOG] %c[eval] code updated background-color: black;color:white;border-radius:15px @ http://localhost:5209/node_modules/.vite/deps/@strudel_web.js?v=271342c3:10
[  224906ms] [LOG] %c[eval] code updated background-color: black;color:white;border-radius:15px @ http://localhost:5209/node_modules/.vite/deps/@strudel_web.js?v=271342c3:10
[  227712ms] [LOG] %c[eval] code updated background-color: black;color:white;border-radius:15px @ http://localhost:5209/node_modules/.vite/deps/@strudel_web.js?v=271342c3:10
[  229131ms] [LOG] %c[eval] code updated background-color: black;color:white;border-radius:15px @ http://localhost:5209/node_modules/.vite/deps/@strudel_web.js?v=271342c3:10
[  230536ms] [LOG] %c[eval] code updated background-color: black;color:white;border-radius:15px @ http://localhost:5209/node_modules/.vite/deps/@strudel_web.js?v=271342c3:10
[  231955ms] [LOG] %c[eval] code updated background-color: black;color:white;border-radius:15px @ http://localhost:5209/node_modules/.vite/deps/@strudel_web.js?v=271342c3:10
